[0.143s] DEBUG:colcon:Command line arguments: ['/usr/bin/colcon', 'build', '--packages-select', 'px4_ros_com']
[0.143s] DEBUG:colcon:Parsed command line arguments: Namespace(log_base=None, log_level=None, verb_name='build', build_base='build', install_base='install', merge_install=False, symlink_install=False, test_result_base=None, continue_on_error=False, executor='parallel', parallel_workers=8, event_handlers=None, ignore_user_meta=False, metas=['./colcon.meta'], base_paths=['.'], packages_ignore=None, packages_ignore_regex=None, paths=None, packages_up_to=None, packages_up_to_regex=None, packages_above=None, packages_above_and_dependencies=None, packages_above_depth=None, packages_select_by_dep=None, packages_skip_by_dep=None, packages_skip_up_to=None, packages_select_build_failed=False, packages_skip_build_finished=False, packages_select_test_failures=False, packages_skip_test_passed=False, packages_select=['px4_ros_com'], packages_skip=None, packages_select_regex=None, packages_skip_regex=None, packages_start=None, packages_end=None, allow_overriding=[], cmake_args=None, cmake_target=None, cmake_target_skip_unavailable=False, cmake_clean_cache=False, cmake_clean_first=False, cmake_force_configure=False, ament_cmake_args=None, catkin_cmake_args=None, catkin_skip_building_tests=False, mixin_files=None, mixin=None, verb_parser=<colcon_mixin.mixin.mixin_argument.MixinArgumentDecorator object at 0x72d17c771e50>, verb_extension=<colcon_core.verb.build.BuildVerb object at 0x72d17c771a90>, main=<bound method BuildVerb.main of <colcon_core.verb.build.BuildVerb object at 0x72d17c771a90>>, mixin_verb=('build',))
[0.197s] Level 1:colcon.colcon_core.package_discovery:discover_packages(colcon_meta) check parameters
[0.197s] Level 1:colcon.colcon_core.package_discovery:discover_packages(recursive) check parameters
[0.197s] Level 1:colcon.colcon_core.package_discovery:discover_packages(ignore) check parameters
[0.197s] Level 1:colcon.colcon_core.package_discovery:discover_packages(path) check parameters
[0.197s] Level 1:colcon.colcon_core.package_discovery:discover_packages(colcon_meta) discover
[0.198s] Level 1:colcon.colcon_core.package_discovery:discover_packages(recursive) discover
[0.198s] INFO:colcon.colcon_core.package_discovery:Crawling recursively for packages in '/home/hamad/ws_offboard_control'
[0.198s] Level 1:colcon.colcon_core.package_identification:_identify(.) by extensions ['ignore', 'ignore_ament_install']
[0.198s] Level 1:colcon.colcon_core.package_identification:_identify(.) by extension 'ignore'
[0.198s] Level 1:colcon.colcon_core.package_identification:_identify(.) by extension 'ignore_ament_install'
[0.198s] Level 1:colcon.colcon_core.package_identification:_identify(.) by extensions ['colcon_pkg']
[0.198s] Level 1:colcon.colcon_core.package_identification:_identify(.) by extension 'colcon_pkg'
[0.198s] Level 1:colcon.colcon_core.package_identification:_identify(.) by extensions ['colcon_meta']
[0.198s] Level 1:colcon.colcon_core.package_identification:_identify(.) by extension 'colcon_meta'
[0.198s] Level 1:colcon.colcon_core.package_identification:_identify(.) by extensions ['ros']
[0.198s] Level 1:colcon.colcon_core.package_identification:_identify(.) by extension 'ros'
[0.236s] Level 1:colcon.colcon_core.package_identification:_identify(.) by extensions ['cmake', 'python']
[0.236s] Level 1:colcon.colcon_core.package_identification:_identify(.) by extension 'cmake'
[0.236s] Level 1:colcon.colcon_core.package_identification:_identify(.) by extension 'python'
[0.236s] Level 1:colcon.colcon_core.package_identification:_identify(.) by extensions ['python_setup_py']
[0.236s] Level 1:colcon.colcon_core.package_identification:_identify(.) by extension 'python_setup_py'
[0.237s] Level 1:colcon.colcon_core.package_identification:_identify(build) by extensions ['ignore', 'ignore_ament_install']
[0.237s] Level 1:colcon.colcon_core.package_identification:_identify(build) by extension 'ignore'
[0.237s] Level 1:colcon.colcon_core.package_identification:_identify(build) ignored
[0.237s] Level 1:colcon.colcon_core.package_identification:_identify(install) by extensions ['ignore', 'ignore_ament_install']
[0.237s] Level 1:colcon.colcon_core.package_identification:_identify(install) by extension 'ignore'
[0.237s] Level 1:colcon.colcon_core.package_identification:_identify(install) ignored
[0.237s] Level 1:colcon.colcon_core.package_identification:_identify(log) by extensions ['ignore', 'ignore_ament_install']
[0.237s] Level 1:colcon.colcon_core.package_identification:_identify(log) by extension 'ignore'
[0.237s] Level 1:colcon.colcon_core.package_identification:_identify(log) ignored
[0.237s] Level 1:colcon.colcon_core.package_identification:_identify(src) by extensions ['ignore', 'ignore_ament_install']
[0.238s] Level 1:colcon.colcon_core.package_identification:_identify(src) by extension 'ignore'
[0.238s] Level 1:colcon.colcon_core.package_identification:_identify(src) by extension 'ignore_ament_install'
[0.238s] Level 1:colcon.colcon_core.package_identification:_identify(src) by extensions ['colcon_pkg']
[0.238s] Level 1:colcon.colcon_core.package_identification:_identify(src) by extension 'colcon_pkg'
[0.238s] Level 1:colcon.colcon_core.package_identification:_identify(src) by extensions ['colcon_meta']
[0.238s] Level 1:colcon.colcon_core.package_identification:_identify(src) by extension 'colcon_meta'
[0.238s] Level 1:colcon.colcon_core.package_identification:_identify(src) by extensions ['ros']
[0.238s] Level 1:colcon.colcon_core.package_identification:_identify(src) by extension 'ros'
[0.238s] Level 1:colcon.colcon_core.package_identification:_identify(src) by extensions ['cmake', 'python']
[0.238s] Level 1:colcon.colcon_core.package_identification:_identify(src) by extension 'cmake'
[0.238s] Level 1:colcon.colcon_core.package_identification:_identify(src) by extension 'python'
[0.238s] Level 1:colcon.colcon_core.package_identification:_identify(src) by extensions ['python_setup_py']
[0.238s] Level 1:colcon.colcon_core.package_identification:_identify(src) by extension 'python_setup_py'
[0.238s] Level 1:colcon.colcon_core.package_identification:_identify(src/px4_msgs) by extensions ['ignore', 'ignore_ament_install']
[0.238s] Level 1:colcon.colcon_core.package_identification:_identify(src/px4_msgs) by extension 'ignore'
[0.238s] Level 1:colcon.colcon_core.package_identification:_identify(src/px4_msgs) by extension 'ignore_ament_install'
[0.238s] Level 1:colcon.colcon_core.package_identification:_identify(src/px4_msgs) by extensions ['colcon_pkg']
[0.239s] Level 1:colcon.colcon_core.package_identification:_identify(src/px4_msgs) by extension 'colcon_pkg'
[0.239s] Level 1:colcon.colcon_core.package_identification:_identify(src/px4_msgs) by extensions ['colcon_meta']
[0.239s] Level 1:colcon.colcon_core.package_identification:_identify(src/px4_msgs) by extension 'colcon_meta'
[0.239s] Level 1:colcon.colcon_core.package_identification:_identify(src/px4_msgs) by extensions ['ros']
[0.239s] Level 1:colcon.colcon_core.package_identification:_identify(src/px4_msgs) by extension 'ros'
[0.244s] DEBUG:colcon.colcon_core.package_identification:Package 'src/px4_msgs' with type 'ros.ament_cmake' and name 'px4_msgs'
[0.244s] Level 1:colcon.colcon_core.package_identification:_identify(src/px4_ros_com) by extensions ['ignore', 'ignore_ament_install']
[0.244s] Level 1:colcon.colcon_core.package_identification:_identify(src/px4_ros_com) by extension 'ignore'
[0.245s] Level 1:colcon.colcon_core.package_identification:_identify(src/px4_ros_com) by extension 'ignore_ament_install'
[0.245s] Level 1:colcon.colcon_core.package_identification:_identify(src/px4_ros_com) by extensions ['colcon_pkg']
[0.245s] Level 1:colcon.colcon_core.package_identification:_identify(src/px4_ros_com) by extension 'colcon_pkg'
[0.245s] Level 1:colcon.colcon_core.package_identification:_identify(src/px4_ros_com) by extensions ['colcon_meta']
[0.245s] Level 1:colcon.colcon_core.package_identification:_identify(src/px4_ros_com) by extension 'colcon_meta'
[0.245s] Level 1:colcon.colcon_core.package_identification:_identify(src/px4_ros_com) by extensions ['ros']
[0.245s] Level 1:colcon.colcon_core.package_identification:_identify(src/px4_ros_com) by extension 'ros'
[0.247s] DEBUG:colcon.colcon_core.package_identification:Package 'src/px4_ros_com' with type 'ros.ament_cmake' and name 'px4_ros_com'
[0.247s] Level 1:colcon.colcon_core.package_discovery:discover_packages(recursive) using defaults
[0.247s] Level 1:colcon.colcon_core.package_discovery:discover_packages(ignore) discover
[0.247s] Level 1:colcon.colcon_core.package_discovery:discover_packages(ignore) using defaults
[0.247s] Level 1:colcon.colcon_core.package_discovery:discover_packages(path) discover
[0.247s] Level 1:colcon.colcon_core.package_discovery:discover_packages(path) using defaults
[0.271s] INFO:colcon.colcon_core.package_selection:Skipping not selected package 'px4_msgs' in 'src/px4_msgs'
[0.272s] Level 1:colcon.colcon_core.package_discovery:discover_packages(prefix_path) check parameters
[0.272s] Level 1:colcon.colcon_core.package_discovery:discover_packages(prefix_path) discover
[0.273s] Level 1:colcon.colcon_core.package_discovery:discover_packages(prefix_path) using defaults
[0.275s] Level 5:colcon.colcon_core.verb:set package 'px4_ros_com' build argument 'cmake_args' from command line to 'None'
[0.275s] Level 5:colcon.colcon_core.verb:set package 'px4_ros_com' build argument 'cmake_target' from command line to 'None'
[0.275s] Level 5:colcon.colcon_core.verb:set package 'px4_ros_com' build argument 'cmake_target_skip_unavailable' from command line to 'False'
[0.275s] Level 5:colcon.colcon_core.verb:set package 'px4_ros_com' build argument 'cmake_clean_cache' from command line to 'False'
[0.275s] Level 5:colcon.colcon_core.verb:set package 'px4_ros_com' build argument 'cmake_clean_first' from command line to 'False'
[0.275s] Level 5:colcon.colcon_core.verb:set package 'px4_ros_com' build argument 'cmake_force_configure' from command line to 'False'
[0.275s] Level 5:colcon.colcon_core.verb:set package 'px4_ros_com' build argument 'ament_cmake_args' from command line to 'None'
[0.275s] Level 5:colcon.colcon_core.verb:set package 'px4_ros_com' build argument 'catkin_cmake_args' from command line to 'None'
[0.275s] Level 5:colcon.colcon_core.verb:set package 'px4_ros_com' build argument 'catkin_skip_building_tests' from command line to 'False'
[0.275s] DEBUG:colcon.colcon_core.verb:Building package 'px4_ros_com' with the following arguments: {'ament_cmake_args': None, 'build_base': '/home/hamad/ws_offboard_control/build/px4_ros_com', 'catkin_cmake_args': None, 'catkin_skip_building_tests': False, 'cmake_args': None, 'cmake_clean_cache': False, 'cmake_clean_first': False, 'cmake_force_configure': False, 'cmake_target': None, 'cmake_target_skip_unavailable': False, 'install_base': '/home/hamad/ws_offboard_control/install/px4_ros_com', 'merge_install': False, 'path': '/home/hamad/ws_offboard_control/src/px4_ros_com', 'symlink_install': False, 'test_result_base': None}
[0.275s] INFO:colcon.colcon_core.executor:Executing jobs using 'parallel' executor
[0.276s] DEBUG:colcon.colcon_parallel_executor.executor.parallel:run_until_complete
[0.276s] INFO:colcon.colcon_ros.task.ament_cmake.build:Building ROS package in '/home/hamad/ws_offboard_control/src/px4_ros_com' with build type 'ament_cmake'
[0.277s] INFO:colcon.colcon_cmake.task.cmake.build:Building CMake package in '/home/hamad/ws_offboard_control/src/px4_ros_com'
[0.279s] INFO:colcon.colcon_core.plugin_system:Skipping extension 'colcon_core.shell.bat': Not used on non-Windows systems
[0.279s] INFO:colcon.colcon_core.shell:Skip shell extension 'powershell' for command environment: Not usable outside of PowerShell
[0.279s] DEBUG:colcon.colcon_core.shell:Skip shell extension 'dsv' for command environment
[0.289s] DEBUG:colcon.colcon_core.event_handler.log_command:Invoking command in '/home/hamad/ws_offboard_control/build/px4_ros_com': AMENT_PREFIX_PATH=/home/hamad/ws_offboard_control/install/px4_msgs CMAKE_PREFIX_PATH=/home/hamad/ws_offboard_control/install/px4_msgs DEBUGINFOD_URLS=https://debuginfod.ubuntu.com LD_LIBRARY_PATH=/home/hamad/ws_offboard_control/install/px4_msgs/lib PS1=(.local) ${debian_chroot:+($debian_chroot)}\u@\h:\w\$ PYTHONPATH=/home/hamad/ws_offboard_control/install/px4_msgs/lib/python3.12/site-packages VIRTUAL_ENV_PROMPT=(.local) /usr/bin/cmake --build /home/hamad/ws_offboard_control/build/px4_ros_com -- -j8 -l8
[21.628s] DEBUG:colcon.colcon_core.event_handler.log_command:Invoked command in '/home/hamad/ws_offboard_control/build/px4_ros_com' returned '0': AMENT_PREFIX_PATH=/home/hamad/ws_offboard_control/install/px4_msgs CMAKE_PREFIX_PATH=/home/hamad/ws_offboard_control/install/px4_msgs DEBUGINFOD_URLS=https://debuginfod.ubuntu.com LD_LIBRARY_PATH=/home/hamad/ws_offboard_control/install/px4_msgs/lib PS1=(.local) ${debian_chroot:+($debian_chroot)}\u@\h:\w\$ PYTHONPATH=/home/hamad/ws_offboard_control/install/px4_msgs/lib/python3.12/site-packages VIRTUAL_ENV_PROMPT=(.local) /usr/bin/cmake --build /home/hamad/ws_offboard_control/build/px4_ros_com -- -j8 -l8
[21.639s] DEBUG:colcon.colcon_core.event_handler.log_command:Invoking command in '/home/hamad/ws_offboard_control/build/px4_ros_com': AMENT_PREFIX_PATH=/home/hamad/ws_offboard_control/install/px4_msgs CMAKE_PREFIX_PATH=/home/hamad/ws_offboard_control/install/px4_msgs DEBUGINFOD_URLS=https://debuginfod.ubuntu.com LD_LIBRARY_PATH=/home/hamad/ws_offboard_control/install/px4_msgs/lib PS1=(.local) ${debian_chroot:+($debian_chroot)}\u@\h:\w\$ PYTHONPATH=/home/hamad/ws_offboard_control/install/px4_msgs/lib/python3.12/site-packages VIRTUAL_ENV_PROMPT=(.local) /usr/bin/cmake --install /home/hamad/ws_offboard_control/build/px4_ros_com
[21.736s] Level 1:colcon.colcon_core.environment:create_environment_scripts_only(px4_ros_com)
[21.737s] DEBUG:colcon.colcon_core.event_handler.log_command:Invoked command in '/home/hamad/ws_offboard_control/build/px4_ros_com' returned '0': AMENT_PREFIX_PATH=/home/hamad/ws_offboard_control/install/px4_msgs CMAKE_PREFIX_PATH=/home/hamad/ws_offboard_control/install/px4_msgs DEBUGINFOD_URLS=https://debuginfod.ubuntu.com LD_LIBRARY_PATH=/home/hamad/ws_offboard_control/install/px4_msgs/lib PS1=(.local) ${debian_chroot:+($debian_chroot)}\u@\h:\w\$ PYTHONPATH=/home/hamad/ws_offboard_control/install/px4_msgs/lib/python3.12/site-packages VIRTUAL_ENV_PROMPT=(.local) /usr/bin/cmake --install /home/hamad/ws_offboard_control/build/px4_ros_com
[21.740s] Level 1:colcon.colcon_core.environment:checking '/home/hamad/ws_offboard_control/install/px4_ros_com' for CMake module files
[21.741s] Level 1:colcon.colcon_core.environment:checking '/home/hamad/ws_offboard_control/install/px4_ros_com' for CMake config files
[21.743s] Level 1:colcon.colcon_core.shell:create_environment_hook('px4_ros_com', 'cmake_prefix_path')
[21.743s] INFO:colcon.colcon_core.shell:Creating environment hook '/home/hamad/ws_offboard_control/install/px4_ros_com/share/px4_ros_com/hook/cmake_prefix_path.ps1'
[21.744s] INFO:colcon.colcon_core.shell:Creating environment descriptor '/home/hamad/ws_offboard_control/install/px4_ros_com/share/px4_ros_com/hook/cmake_prefix_path.dsv'
[21.745s] INFO:colcon.colcon_core.shell:Creating environment hook '/home/hamad/ws_offboard_control/install/px4_ros_com/share/px4_ros_com/hook/cmake_prefix_path.sh'
[21.747s] Level 1:colcon.colcon_core.environment:checking '/home/hamad/ws_offboard_control/install/px4_ros_com/lib'
[21.747s] Level 1:colcon.colcon_core.shell:create_environment_hook('px4_ros_com', 'ld_library_path_lib')
[21.747s] INFO:colcon.colcon_core.shell:Creating environment hook '/home/hamad/ws_offboard_control/install/px4_ros_com/share/px4_ros_com/hook/ld_library_path_lib.ps1'
[21.748s] INFO:colcon.colcon_core.shell:Creating environment descriptor '/home/hamad/ws_offboard_control/install/px4_ros_com/share/px4_ros_com/hook/ld_library_path_lib.dsv'
[21.749s] INFO:colcon.colcon_core.shell:Creating environment hook '/home/hamad/ws_offboard_control/install/px4_ros_com/share/px4_ros_com/hook/ld_library_path_lib.sh'
[21.749s] Level 1:colcon.colcon_core.environment:checking '/home/hamad/ws_offboard_control/install/px4_ros_com/bin'
[21.749s] Level 1:colcon.colcon_core.environment:checking '/home/hamad/ws_offboard_control/install/px4_ros_com/lib/pkgconfig/px4_ros_com.pc'
[21.752s] Level 1:colcon.colcon_core.environment:checking '/home/hamad/ws_offboard_control/install/px4_ros_com/lib/python3.12/site-packages'
[21.753s] Level 1:colcon.colcon_core.shell:create_environment_hook('px4_ros_com', 'pythonpath')
[21.753s] INFO:colcon.colcon_core.shell:Creating environment hook '/home/hamad/ws_offboard_control/install/px4_ros_com/share/px4_ros_com/hook/pythonpath.ps1'
[21.754s] INFO:colcon.colcon_core.shell:Creating environment descriptor '/home/hamad/ws_offboard_control/install/px4_ros_com/share/px4_ros_com/hook/pythonpath.dsv'
[21.754s] INFO:colcon.colcon_core.shell:Creating environment hook '/home/hamad/ws_offboard_control/install/px4_ros_com/share/px4_ros_com/hook/pythonpath.sh'
[21.755s] Level 1:colcon.colcon_core.environment:checking '/home/hamad/ws_offboard_control/install/px4_ros_com/bin'
[21.756s] INFO:colcon.colcon_core.shell:Creating package script '/home/hamad/ws_offboard_control/install/px4_ros_com/share/px4_ros_com/package.ps1'
[21.757s] INFO:colcon.colcon_core.shell:Creating package descriptor '/home/hamad/ws_offboard_control/install/px4_ros_com/share/px4_ros_com/package.dsv'
[21.758s] INFO:colcon.colcon_core.shell:Creating package script '/home/hamad/ws_offboard_control/install/px4_ros_com/share/px4_ros_com/package.sh'
[21.760s] INFO:colcon.colcon_core.shell:Creating package script '/home/hamad/ws_offboard_control/install/px4_ros_com/share/px4_ros_com/package.bash'
[21.761s] INFO:colcon.colcon_core.shell:Creating package script '/home/hamad/ws_offboard_control/install/px4_ros_com/share/px4_ros_com/package.zsh'
[21.762s] Level 1:colcon.colcon_core.environment:create_file_with_runtime_dependencies(/home/hamad/ws_offboard_control/install/px4_ros_com/share/colcon-core/packages/px4_ros_com)
[21.763s] Level 1:colcon.colcon_core.environment:create_environment_scripts_only(px4_ros_com)
[21.763s] Level 1:colcon.colcon_core.environment:checking '/home/hamad/ws_offboard_control/install/px4_ros_com' for CMake module files
[21.765s] Level 1:colcon.colcon_core.environment:checking '/home/hamad/ws_offboard_control/install/px4_ros_com' for CMake config files
[21.766s] Level 1:colcon.colcon_core.shell:create_environment_hook('px4_ros_com', 'cmake_prefix_path')
[21.766s] INFO:colcon.colcon_core.shell:Creating environment hook '/home/hamad/ws_offboard_control/install/px4_ros_com/share/px4_ros_com/hook/cmake_prefix_path.ps1'
[21.767s] INFO:colcon.colcon_core.shell:Creating environment descriptor '/home/hamad/ws_offboard_control/install/px4_ros_com/share/px4_ros_com/hook/cmake_prefix_path.dsv'
[21.768s] INFO:colcon.colcon_core.shell:Creating environment hook '/home/hamad/ws_offboard_control/install/px4_ros_com/share/px4_ros_com/hook/cmake_prefix_path.sh'
[21.769s] Level 1:colcon.colcon_core.environment:checking '/home/hamad/ws_offboard_control/install/px4_ros_com/lib'
[21.769s] Level 1:colcon.colcon_core.shell:create_environment_hook('px4_ros_com', 'ld_library_path_lib')
[21.769s] INFO:colcon.colcon_core.shell:Creating environment hook '/home/hamad/ws_offboard_control/install/px4_ros_com/share/px4_ros_com/hook/ld_library_path_lib.ps1'
[21.770s] INFO:colcon.colcon_core.shell:Creating environment descriptor '/home/hamad/ws_offboard_control/install/px4_ros_com/share/px4_ros_com/hook/ld_library_path_lib.dsv'
[21.770s] INFO:colcon.colcon_core.shell:Creating environment hook '/home/hamad/ws_offboard_control/install/px4_ros_com/share/px4_ros_com/hook/ld_library_path_lib.sh'
[21.771s] Level 1:colcon.colcon_core.environment:checking '/home/hamad/ws_offboard_control/install/px4_ros_com/bin'
[21.771s] Level 1:colcon.colcon_core.environment:checking '/home/hamad/ws_offboard_control/install/px4_ros_com/lib/pkgconfig/px4_ros_com.pc'
[21.771s] Level 1:colcon.colcon_core.environment:checking '/home/hamad/ws_offboard_control/install/px4_ros_com/lib/python3.12/site-packages'
[21.771s] Level 1:colcon.colcon_core.shell:create_environment_hook('px4_ros_com', 'pythonpath')
[21.772s] INFO:colcon.colcon_core.shell:Creating environment hook '/home/hamad/ws_offboard_control/install/px4_ros_com/share/px4_ros_com/hook/pythonpath.ps1'
[21.772s] INFO:colcon.colcon_core.shell:Creating environment descriptor '/home/hamad/ws_offboard_control/install/px4_ros_com/share/px4_ros_com/hook/pythonpath.dsv'
[21.773s] INFO:colcon.colcon_core.shell:Creating environment hook '/home/hamad/ws_offboard_control/install/px4_ros_com/share/px4_ros_com/hook/pythonpath.sh'
[21.774s] Level 1:colcon.colcon_core.environment:checking '/home/hamad/ws_offboard_control/install/px4_ros_com/bin'
[21.774s] INFO:colcon.colcon_core.shell:Creating package script '/home/hamad/ws_offboard_control/install/px4_ros_com/share/px4_ros_com/package.ps1'
[21.775s] INFO:colcon.colcon_core.shell:Creating package descriptor '/home/hamad/ws_offboard_control/install/px4_ros_com/share/px4_ros_com/package.dsv'
[21.776s] INFO:colcon.colcon_core.shell:Creating package script '/home/hamad/ws_offboard_control/install/px4_ros_com/share/px4_ros_com/package.sh'
[21.777s] INFO:colcon.colcon_core.shell:Creating package script '/home/hamad/ws_offboard_control/install/px4_ros_com/share/px4_ros_com/package.bash'
[21.777s] INFO:colcon.colcon_core.shell:Creating package script '/home/hamad/ws_offboard_control/install/px4_ros_com/share/px4_ros_com/package.zsh'
[21.778s] Level 1:colcon.colcon_core.environment:create_file_with_runtime_dependencies(/home/hamad/ws_offboard_control/install/px4_ros_com/share/colcon-core/packages/px4_ros_com)
[21.778s] DEBUG:colcon.colcon_parallel_executor.executor.parallel:closing loop
[21.778s] DEBUG:colcon.colcon_parallel_executor.executor.parallel:loop closed
[21.778s] DEBUG:colcon.colcon_parallel_executor.executor.parallel:run_until_complete finished with '0'
[21.778s] DEBUG:colcon.colcon_core.event_reactor:joining thread
[21.785s] INFO:colcon.colcon_core.plugin_system:Skipping extension 'colcon_notification.desktop_notification.terminal_notifier': Not used on non-Darwin systems
[21.785s] INFO:colcon.colcon_core.plugin_system:Skipping extension 'colcon_notification.desktop_notification.win32': Not used on non-Windows systems
[21.785s] INFO:colcon.colcon_notification.desktop_notification:Sending desktop notification using 'notify2'
[21.802s] DEBUG:colcon.colcon_core.event_reactor:joined thread
[21.803s] INFO:colcon.colcon_core.shell:Creating prefix script '/home/hamad/ws_offboard_control/install/local_setup.ps1'
[21.804s] INFO:colcon.colcon_core.shell:Creating prefix util module '/home/hamad/ws_offboard_control/install/_local_setup_util_ps1.py'
[21.806s] INFO:colcon.colcon_core.shell:Creating prefix chain script '/home/hamad/ws_offboard_control/install/setup.ps1'
[21.807s] INFO:colcon.colcon_core.shell:Creating prefix script '/home/hamad/ws_offboard_control/install/local_setup.sh'
[21.808s] INFO:colcon.colcon_core.shell:Creating prefix util module '/home/hamad/ws_offboard_control/install/_local_setup_util_sh.py'
[21.809s] INFO:colcon.colcon_core.shell:Creating prefix chain script '/home/hamad/ws_offboard_control/install/setup.sh'
[21.811s] INFO:colcon.colcon_core.shell:Creating prefix script '/home/hamad/ws_offboard_control/install/local_setup.bash'
[21.812s] INFO:colcon.colcon_core.shell:Creating prefix chain script '/home/hamad/ws_offboard_control/install/setup.bash'
[21.813s] INFO:colcon.colcon_core.shell:Creating prefix script '/home/hamad/ws_offboard_control/install/local_setup.zsh'
[21.813s] INFO:colcon.colcon_core.shell:Creating prefix chain script '/home/hamad/ws_offboard_control/install/setup.zsh'
