[ 14%] Built target offboard_control_srv
[ 28%] Built target sensor_combined_listener
[ 42%] Built target frame_transforms
[ 71%] Built target vehicle_gps_position_listener
[ 71%] Built target offboard_control
[ 85%] Built target debug_vect_advertiser
[ 85%] Built target ament_cmake_python_copy_px4_ros_com
[ 92%] [32mBuilding CXX object CMakeFiles/multi_vehicle_offboard_control.dir/src/examples/offboard/multi_vehicle_offboard_control.cpp.o[0m
running egg_info
writing px4_ros_com.egg-info/PKG-INFO
writing dependency_links to px4_ros_com.egg-info/dependency_links.txt
writing top-level names to px4_ros_com.egg-info/top_level.txt
reading manifest file 'px4_ros_com.egg-info/SOURCES.txt'
writing manifest file 'px4_ros_com.egg-info/SOURCES.txt'
[ 92%] Built target ament_cmake_python_build_px4_ros_com_egg
[100%] [32m[1mLinking CXX executable multi_vehicle_offboard_control[0m
[100%] Built target multi_vehicle_offboard_control
-- Install configuration: ""
-- Up-to-date: /home/swarm/ws_offboard_control/install/px4_ros_com/lib/px4_ros_com/sensor_combined_listener
-- Up-to-date: /home/swarm/ws_offboard_control/install/px4_ros_com/lib/px4_ros_com/vehicle_gps_position_listener
-- Up-to-date: /home/swarm/ws_offboard_control/install/px4_ros_com/lib/px4_ros_com/debug_vect_advertiser
-- Up-to-date: /home/swarm/ws_offboard_control/install/px4_ros_com/lib/px4_ros_com/offboard_control
-- Up-to-date: /home/swarm/ws_offboard_control/install/px4_ros_com/lib/px4_ros_com/offboard_control_srv
-- Installing: /home/swarm/ws_offboard_control/install/px4_ros_com/lib/px4_ros_com/multi_vehicle_offboard_control
-- Set non-toolchain portion of runtime path of "/home/swarm/ws_offboard_control/install/px4_ros_com/lib/px4_ros_com/multi_vehicle_offboard_control" to ""
-- Up-to-date: /home/swarm/ws_offboard_control/install/px4_ros_com/share/px4_ros_com/environment/library_path.sh
-- Up-to-date: /home/swarm/ws_offboard_control/install/px4_ros_com/share/px4_ros_com/environment/library_path.dsv
-- Up-to-date: /home/swarm/ws_offboard_control/install/px4_ros_com/include/px4_ros_com
-- Up-to-date: /home/swarm/ws_offboard_control/install/px4_ros_com/include/px4_ros_com/frame_transforms.h
-- Up-to-date: /home/swarm/ws_offboard_control/install/px4_ros_com/lib/libframe_transforms.so
-- Up-to-date: /home/swarm/ws_offboard_control/install/px4_ros_com/share/px4_ros_com//launch
-- Up-to-date: /home/swarm/ws_offboard_control/install/px4_ros_com/share/px4_ros_com//launch/offboard_control_launch.yaml
-- Up-to-date: /home/swarm/ws_offboard_control/install/px4_ros_com/share/px4_ros_com//launch/sensor_combined_listener.launch.py
-- Up-to-date: /home/swarm/ws_offboard_control/install/px4_ros_com/share/px4_ros_com//test
-- Up-to-date: /home/swarm/ws_offboard_control/install/px4_ros_com/share/px4_ros_com//test/pipeline_io_test.py
-- Up-to-date: /home/swarm/ws_offboard_control/install/px4_ros_com/share/px4_ros_com//test/test_input.py
-- Up-to-date: /home/swarm/ws_offboard_control/install/px4_ros_com/share/px4_ros_com//test/test_output.py
-- Up-to-date: /home/swarm/ws_offboard_control/install/px4_ros_com/share/px4_ros_com//test/__init__.py
-- Up-to-date: /home/swarm/ws_offboard_control/install/px4_ros_com/share/px4_ros_com/environment/pythonpath.sh
-- Up-to-date: /home/swarm/ws_offboard_control/install/px4_ros_com/share/px4_ros_com/environment/pythonpath.dsv
-- Up-to-date: /home/swarm/ws_offboard_control/install/px4_ros_com/lib/python3.12/site-packages/px4_ros_com-0.1.0-py3.12.egg-info
-- Installing: /home/swarm/ws_offboard_control/install/px4_ros_com/lib/python3.12/site-packages/px4_ros_com-0.1.0-py3.12.egg-info/top_level.txt
-- Installing: /home/swarm/ws_offboard_control/install/px4_ros_com/lib/python3.12/site-packages/px4_ros_com-0.1.0-py3.12.egg-info/SOURCES.txt
-- Installing: /home/swarm/ws_offboard_control/install/px4_ros_com/lib/python3.12/site-packages/px4_ros_com-0.1.0-py3.12.egg-info/PKG-INFO
-- Installing: /home/swarm/ws_offboard_control/install/px4_ros_com/lib/python3.12/site-packages/px4_ros_com-0.1.0-py3.12.egg-info/dependency_links.txt
-- Up-to-date: /home/swarm/ws_offboard_control/install/px4_ros_com/lib/python3.12/site-packages/px4_ros_com
-- Up-to-date: /home/swarm/ws_offboard_control/install/px4_ros_com/lib/python3.12/site-packages/px4_ros_com/module_to_import.py
-- Up-to-date: /home/swarm/ws_offboard_control/install/px4_ros_com/lib/python3.12/site-packages/px4_ros_com/__init__.py
Listing '/home/swarm/ws_offboard_control/install/px4_ros_com/lib/python3.12/site-packages/px4_ros_com'...
-- Up-to-date: /home/swarm/ws_offboard_control/install/px4_ros_com/lib/px4_ros_com/offboard_control.py
-- Up-to-date: /home/swarm/ws_offboard_control/install/px4_ros_com/share/ament_index/resource_index/package_run_dependencies/px4_ros_com
-- Up-to-date: /home/swarm/ws_offboard_control/install/px4_ros_com/share/ament_index/resource_index/parent_prefix_path/px4_ros_com
-- Up-to-date: /home/swarm/ws_offboard_control/install/px4_ros_com/share/px4_ros_com/environment/ament_prefix_path.sh
-- Up-to-date: /home/swarm/ws_offboard_control/install/px4_ros_com/share/px4_ros_com/environment/ament_prefix_path.dsv
-- Up-to-date: /home/swarm/ws_offboard_control/install/px4_ros_com/share/px4_ros_com/environment/path.sh
-- Up-to-date: /home/swarm/ws_offboard_control/install/px4_ros_com/share/px4_ros_com/environment/path.dsv
-- Up-to-date: /home/swarm/ws_offboard_control/install/px4_ros_com/share/px4_ros_com/local_setup.bash
-- Up-to-date: /home/swarm/ws_offboard_control/install/px4_ros_com/share/px4_ros_com/local_setup.sh
-- Up-to-date: /home/swarm/ws_offboard_control/install/px4_ros_com/share/px4_ros_com/local_setup.zsh
-- Up-to-date: /home/swarm/ws_offboard_control/install/px4_ros_com/share/px4_ros_com/local_setup.dsv
-- Installing: /home/swarm/ws_offboard_control/install/px4_ros_com/share/px4_ros_com/package.dsv
-- Up-to-date: /home/swarm/ws_offboard_control/install/px4_ros_com/share/ament_index/resource_index/packages/px4_ros_com
-- Up-to-date: /home/swarm/ws_offboard_control/install/px4_ros_com/share/px4_ros_com/cmake/export_frame_transformsExport.cmake
-- Up-to-date: /home/swarm/ws_offboard_control/install/px4_ros_com/share/px4_ros_com/cmake/export_frame_transformsExport-noconfig.cmake
-- Up-to-date: /home/swarm/ws_offboard_control/install/px4_ros_com/share/px4_ros_com/cmake/ament_cmake_export_dependencies-extras.cmake
-- Up-to-date: /home/swarm/ws_offboard_control/install/px4_ros_com/share/px4_ros_com/cmake/ament_cmake_export_targets-extras.cmake
-- Up-to-date: /home/swarm/ws_offboard_control/install/px4_ros_com/share/px4_ros_com/cmake/ament_cmake_export_include_directories-extras.cmake
-- Up-to-date: /home/swarm/ws_offboard_control/install/px4_ros_com/share/px4_ros_com/cmake/ament_cmake_export_libraries-extras.cmake
-- Up-to-date: /home/swarm/ws_offboard_control/install/px4_ros_com/share/px4_ros_com/cmake/px4_ros_comConfig.cmake
-- Up-to-date: /home/swarm/ws_offboard_control/install/px4_ros_com/share/px4_ros_com/cmake/px4_ros_comConfig-version.cmake
-- Up-to-date: /home/swarm/ws_offboard_control/install/px4_ros_com/share/px4_ros_com/package.xml
