-- The C compiler identification is GNU 13.3.0
-- The CXX compiler identification is GNU 13.3.0
-- Detecting C compiler ABI info
-- Detecting C compiler ABI info - done
-- Check for working C compiler: /usr/bin/cc - skipped
-- Detecting C compile features
-- Detecting C compile features - done
-- Detecting CXX compiler ABI info
-- Detecting CXX compiler ABI info - done
-- Check for working CXX compiler: /usr/bin/c++ - skipped
-- Detecting CXX compile features
-- Detecting CXX compile features - done
-- Found ament_cmake: 2.5.4 (/opt/ros/jazzy/share/ament_cmake/cmake)
-- Found Python3: /home/swarm/.local/bin/python3 (found version "3.12.3") found components: Interpreter 
-- Found builtin_interfaces: 2.0.3 (/opt/ros/jazzy/share/builtin_interfaces/cmake)
-- Found rosidl_generator_c: 4.6.6 (/opt/ros/jazzy/share/rosidl_generator_c/cmake)
-- Found rosidl_generator_cpp: 4.6.6 (/opt/ros/jazzy/share/rosidl_generator_cpp/cmake)
-- Using all available rosidl_typesupport_c: rosidl_typesupport_fastrtps_c;rosidl_typesupport_introspection_c
-- Using all available rosidl_typesupport_cpp: rosidl_typesupport_fastrtps_cpp;rosidl_typesupport_introspection_cpp
-- Found eigen3_cmake_module: 0.3.0 (/opt/ros/jazzy/share/eigen3_cmake_module/cmake)
-- Found Eigen3: TRUE (found version "3.4.0") 
-- Found geometry_msgs: 5.3.6 (/opt/ros/jazzy/share/geometry_msgs/cmake)
-- Found interactive_markers: 2.5.5 (/opt/ros/jazzy/share/interactive_markers/cmake)
-- Found rmw_implementation_cmake: 7.3.2 (/opt/ros/jazzy/share/rmw_implementation_cmake/cmake)
-- Found rmw_fastrtps_cpp: 8.4.3 (/opt/ros/jazzy/share/rmw_fastrtps_cpp/cmake)
-- Found OpenSSL: /usr/lib/x86_64-linux-gnu/libcrypto.so (found version "3.0.13")  
-- Found FastRTPS: /opt/ros/jazzy/include (Required is at least version "2.13") 
-- Using RMW implementation 'rmw_fastrtps_cpp' as default
-- Found px4_msgs: 2.0.1 (/home/swarm/ws_offboard_control/install/px4_msgs/share/px4_msgs/cmake)
-- Found rclpy: 7.1.5 (/opt/ros/jazzy/share/rclpy/cmake)
-- Found ament_lint_auto: 0.17.3 (/opt/ros/jazzy/share/ament_lint_auto/cmake)
-- Added test 'copyright' to check source files copyright and LICENSE
-- Added test 'cppcheck' to perform static code analysis on C / C++ code
-- Configured cppcheck include dirs: /home/swarm/ws_offboard_control/src/px4_ros_com/include;$<BUILD_INTERFACE:/home/swarm/ws_offboard_control/src/px4_ros_com/include/px4_ros_com>
-- Configured cppcheck exclude dirs and/or files: 
-- Added test 'cpplint' to check C / C++ code against the Google style
-- Configured cpplint exclude dirs and/or files: 
-- Added test 'flake8' to check Python code syntax and style conventions
-- Configured 'flake8' exclude dirs and/or files: 
-- Added test 'lint_cmake' to check CMake code style
-- Added test 'pep257' to check Python code against some of the docstring style conventions in PEP 257
-- Added test 'uncrustify' to check C / C++ code style
-- Configured uncrustify additional arguments: 
-- Added test 'xmllint' to check XML markup files
-- Configuring done (0.7s)
-- Generating done (0.0s)
-- Build files have been written to: /home/swarm/ws_offboard_control/build/px4_ros_com
[  7%] Building CXX object CMakeFiles/debug_vect_advertiser.dir/src/examples/advertisers/debug_vect_advertiser.cpp.o
[ 14%] Building CXX object CMakeFiles/sensor_combined_listener.dir/src/examples/listeners/sensor_combined_listener.cpp.o
[ 21%] Building CXX object CMakeFiles/frame_transforms.dir/src/lib/frame_transforms.cpp.o
[ 28%] Building CXX object CMakeFiles/vehicle_gps_position_listener.dir/src/examples/listeners/vehicle_gps_position_listener.cpp.o
[ 35%] Building CXX object CMakeFiles/offboard_control.dir/src/examples/offboard/offboard_control.cpp.o
[ 50%] Building CXX object CMakeFiles/multi_vehicle_offboard_control.dir/src/examples/offboard/multi_vehicle_offboard_control.cpp.o
[ 50%] Building CXX object CMakeFiles/offboard_control_srv.dir/src/examples/offboard/offboard_control_srv.cpp.o
[ 50%] Built target ament_cmake_python_copy_px4_ros_com
running egg_info
creating px4_ros_com.egg-info
writing px4_ros_com.egg-info/PKG-INFO
writing dependency_links to px4_ros_com.egg-info/dependency_links.txt
writing top-level names to px4_ros_com.egg-info/top_level.txt
writing manifest file 'px4_ros_com.egg-info/SOURCES.txt'
reading manifest file 'px4_ros_com.egg-info/SOURCES.txt'
writing manifest file 'px4_ros_com.egg-info/SOURCES.txt'
[ 50%] Built target ament_cmake_python_build_px4_ros_com_egg
[ 57%] Linking CXX executable debug_vect_advertiser
[ 57%] Built target debug_vect_advertiser
[ 64%] Linking CXX executable offboard_control
[ 71%] Linking CXX executable offboard_control_srv
[ 71%] Built target offboard_control
[ 71%] Built target offboard_control_srv
[ 78%] Linking CXX shared library libframe_transforms.so
[ 78%] Built target frame_transforms
[ 85%] Linking CXX executable sensor_combined_listener
[ 92%] Linking CXX executable vehicle_gps_position_listener
[ 92%] Built target sensor_combined_listener
[ 92%] Built target vehicle_gps_position_listener
[100%] Linking CXX executable multi_vehicle_offboard_control
[100%] Built target multi_vehicle_offboard_control
-- Install configuration: ""
-- Installing: /home/swarm/ws_offboard_control/install/px4_ros_com/lib/px4_ros_com/sensor_combined_listener
-- Set non-toolchain portion of runtime path of "/home/swarm/ws_offboard_control/install/px4_ros_com/lib/px4_ros_com/sensor_combined_listener" to ""
-- Installing: /home/swarm/ws_offboard_control/install/px4_ros_com/lib/px4_ros_com/vehicle_gps_position_listener
-- Set non-toolchain portion of runtime path of "/home/swarm/ws_offboard_control/install/px4_ros_com/lib/px4_ros_com/vehicle_gps_position_listener" to ""
-- Installing: /home/swarm/ws_offboard_control/install/px4_ros_com/lib/px4_ros_com/debug_vect_advertiser
-- Set non-toolchain portion of runtime path of "/home/swarm/ws_offboard_control/install/px4_ros_com/lib/px4_ros_com/debug_vect_advertiser" to ""
-- Installing: /home/swarm/ws_offboard_control/install/px4_ros_com/lib/px4_ros_com/offboard_control
-- Set non-toolchain portion of runtime path of "/home/swarm/ws_offboard_control/install/px4_ros_com/lib/px4_ros_com/offboard_control" to ""
-- Installing: /home/swarm/ws_offboard_control/install/px4_ros_com/lib/px4_ros_com/offboard_control_srv
-- Set non-toolchain portion of runtime path of "/home/swarm/ws_offboard_control/install/px4_ros_com/lib/px4_ros_com/offboard_control_srv" to ""
-- Installing: /home/swarm/ws_offboard_control/install/px4_ros_com/lib/px4_ros_com/multi_vehicle_offboard_control
-- Set non-toolchain portion of runtime path of "/home/swarm/ws_offboard_control/install/px4_ros_com/lib/px4_ros_com/multi_vehicle_offboard_control" to ""
-- Installing: /home/swarm/ws_offboard_control/install/px4_ros_com/share/px4_ros_com/environment/library_path.sh
-- Installing: /home/swarm/ws_offboard_control/install/px4_ros_com/share/px4_ros_com/environment/library_path.dsv
-- Installing: /home/swarm/ws_offboard_control/install/px4_ros_com/include/px4_ros_com
-- Installing: /home/swarm/ws_offboard_control/install/px4_ros_com/include/px4_ros_com/frame_transforms.h
-- Installing: /home/swarm/ws_offboard_control/install/px4_ros_com/lib/libframe_transforms.so
-- Set non-toolchain portion of runtime path of "/home/swarm/ws_offboard_control/install/px4_ros_com/lib/libframe_transforms.so" to ""
-- Installing: /home/swarm/ws_offboard_control/install/px4_ros_com/share/px4_ros_com//launch
-- Installing: /home/swarm/ws_offboard_control/install/px4_ros_com/share/px4_ros_com//launch/offboard_control_launch.yaml
-- Installing: /home/swarm/ws_offboard_control/install/px4_ros_com/share/px4_ros_com//launch/sensor_combined_listener.launch.py
-- Installing: /home/swarm/ws_offboard_control/install/px4_ros_com/share/px4_ros_com//test
-- Installing: /home/swarm/ws_offboard_control/install/px4_ros_com/share/px4_ros_com//test/pipeline_io_test.py
-- Installing: /home/swarm/ws_offboard_control/install/px4_ros_com/share/px4_ros_com//test/test_input.py
-- Installing: /home/swarm/ws_offboard_control/install/px4_ros_com/share/px4_ros_com//test/test_output.py
-- Installing: /home/swarm/ws_offboard_control/install/px4_ros_com/share/px4_ros_com//test/__init__.py
-- Installing: /home/swarm/ws_offboard_control/install/px4_ros_com/share/px4_ros_com/environment/pythonpath.sh
-- Installing: /home/swarm/ws_offboard_control/install/px4_ros_com/share/px4_ros_com/environment/pythonpath.dsv
-- Installing: /home/swarm/ws_offboard_control/install/px4_ros_com/lib/python3.12/site-packages/px4_ros_com-0.1.0-py3.12.egg-info
-- Installing: /home/swarm/ws_offboard_control/install/px4_ros_com/lib/python3.12/site-packages/px4_ros_com-0.1.0-py3.12.egg-info/top_level.txt
-- Installing: /home/swarm/ws_offboard_control/install/px4_ros_com/lib/python3.12/site-packages/px4_ros_com-0.1.0-py3.12.egg-info/SOURCES.txt
-- Installing: /home/swarm/ws_offboard_control/install/px4_ros_com/lib/python3.12/site-packages/px4_ros_com-0.1.0-py3.12.egg-info/PKG-INFO
-- Installing: /home/swarm/ws_offboard_control/install/px4_ros_com/lib/python3.12/site-packages/px4_ros_com-0.1.0-py3.12.egg-info/dependency_links.txt
-- Installing: /home/swarm/ws_offboard_control/install/px4_ros_com/lib/python3.12/site-packages/px4_ros_com
-- Installing: /home/swarm/ws_offboard_control/install/px4_ros_com/lib/python3.12/site-packages/px4_ros_com/module_to_import.py
-- Installing: /home/swarm/ws_offboard_control/install/px4_ros_com/lib/python3.12/site-packages/px4_ros_com/__init__.py
Listing '/home/swarm/ws_offboard_control/install/px4_ros_com/lib/python3.12/site-packages/px4_ros_com'...
Compiling '/home/swarm/ws_offboard_control/install/px4_ros_com/lib/python3.12/site-packages/px4_ros_com/__init__.py'...
Compiling '/home/swarm/ws_offboard_control/install/px4_ros_com/lib/python3.12/site-packages/px4_ros_com/module_to_import.py'...
-- Installing: /home/swarm/ws_offboard_control/install/px4_ros_com/lib/px4_ros_com/offboard_control.py
-- Installing: /home/swarm/ws_offboard_control/install/px4_ros_com/share/ament_index/resource_index/package_run_dependencies/px4_ros_com
-- Installing: /home/swarm/ws_offboard_control/install/px4_ros_com/share/ament_index/resource_index/parent_prefix_path/px4_ros_com
-- Installing: /home/swarm/ws_offboard_control/install/px4_ros_com/share/px4_ros_com/environment/ament_prefix_path.sh
-- Installing: /home/swarm/ws_offboard_control/install/px4_ros_com/share/px4_ros_com/environment/ament_prefix_path.dsv
-- Installing: /home/swarm/ws_offboard_control/install/px4_ros_com/share/px4_ros_com/environment/path.sh
-- Installing: /home/swarm/ws_offboard_control/install/px4_ros_com/share/px4_ros_com/environment/path.dsv
-- Installing: /home/swarm/ws_offboard_control/install/px4_ros_com/share/px4_ros_com/local_setup.bash
-- Installing: /home/swarm/ws_offboard_control/install/px4_ros_com/share/px4_ros_com/local_setup.sh
-- Installing: /home/swarm/ws_offboard_control/install/px4_ros_com/share/px4_ros_com/local_setup.zsh
-- Installing: /home/swarm/ws_offboard_control/install/px4_ros_com/share/px4_ros_com/local_setup.dsv
-- Installing: /home/swarm/ws_offboard_control/install/px4_ros_com/share/px4_ros_com/package.dsv
-- Installing: /home/swarm/ws_offboard_control/install/px4_ros_com/share/ament_index/resource_index/packages/px4_ros_com
-- Installing: /home/swarm/ws_offboard_control/install/px4_ros_com/share/px4_ros_com/cmake/export_frame_transformsExport.cmake
-- Installing: /home/swarm/ws_offboard_control/install/px4_ros_com/share/px4_ros_com/cmake/export_frame_transformsExport-noconfig.cmake
-- Installing: /home/swarm/ws_offboard_control/install/px4_ros_com/share/px4_ros_com/cmake/ament_cmake_export_dependencies-extras.cmake
-- Installing: /home/swarm/ws_offboard_control/install/px4_ros_com/share/px4_ros_com/cmake/ament_cmake_export_targets-extras.cmake
-- Installing: /home/swarm/ws_offboard_control/install/px4_ros_com/share/px4_ros_com/cmake/ament_cmake_export_include_directories-extras.cmake
-- Installing: /home/swarm/ws_offboard_control/install/px4_ros_com/share/px4_ros_com/cmake/ament_cmake_export_libraries-extras.cmake
-- Installing: /home/swarm/ws_offboard_control/install/px4_ros_com/share/px4_ros_com/cmake/px4_ros_comConfig.cmake
-- Installing: /home/swarm/ws_offboard_control/install/px4_ros_com/share/px4_ros_com/cmake/px4_ros_comConfig-version.cmake
-- Installing: /home/swarm/ws_offboard_control/install/px4_ros_com/share/px4_ros_com/package.xml
