[0.099s] DEBUG:colcon:Command line arguments: ['/usr/bin/colcon', 'build', '--packages-select', 'px4_ros_com']
[0.099s] DEBUG:colcon:Parsed command line arguments: Namespace(log_base=None, log_level=None, verb_name='build', build_base='build', install_base='install', merge_install=False, symlink_install=False, test_result_base=None, continue_on_error=False, executor='parallel', parallel_workers=8, event_handlers=None, ignore_user_meta=False, metas=['./colcon.meta'], base_paths=['.'], packages_ignore=None, packages_ignore_regex=None, paths=None, packages_up_to=None, packages_up_to_regex=None, packages_above=None, packages_above_and_dependencies=None, packages_above_depth=None, packages_select_by_dep=None, packages_skip_by_dep=None, packages_skip_up_to=None, packages_select_build_failed=False, packages_skip_build_finished=False, packages_select_test_failures=False, packages_skip_test_passed=False, packages_select=['px4_ros_com'], packages_skip=None, packages_select_regex=None, packages_skip_regex=None, packages_start=None, packages_end=None, allow_overriding=[], cmake_args=None, cmake_target=None, cmake_target_skip_unavailable=False, cmake_clean_cache=False, cmake_clean_first=False, cmake_force_configure=False, ament_cmake_args=None, catkin_cmake_args=None, catkin_skip_building_tests=False, mixin_files=None, mixin=None, verb_parser=<colcon_mixin.mixin.mixin_argument.MixinArgumentDecorator object at 0x76e5083ab1d0>, verb_extension=<colcon_core.verb.build.BuildVerb object at 0x76e5083aae70>, main=<bound method BuildVerb.main of <colcon_core.verb.build.BuildVerb object at 0x76e5083aae70>>, mixin_verb=('build',))
[0.131s] Level 1:colcon.colcon_core.package_discovery:discover_packages(colcon_meta) check parameters
[0.131s] Level 1:colcon.colcon_core.package_discovery:discover_packages(recursive) check parameters
[0.131s] Level 1:colcon.colcon_core.package_discovery:discover_packages(ignore) check parameters
[0.131s] Level 1:colcon.colcon_core.package_discovery:discover_packages(path) check parameters
[0.131s] Level 1:colcon.colcon_core.package_discovery:discover_packages(colcon_meta) discover
[0.131s] Level 1:colcon.colcon_core.package_discovery:discover_packages(recursive) discover
[0.131s] INFO:colcon.colcon_core.package_discovery:Crawling recursively for packages in '/home/hamad/ws_offboard_control'
[0.131s] Level 1:colcon.colcon_core.package_identification:_identify(.) by extensions ['ignore', 'ignore_ament_install']
[0.131s] Level 1:colcon.colcon_core.package_identification:_identify(.) by extension 'ignore'
[0.131s] Level 1:colcon.colcon_core.package_identification:_identify(.) by extension 'ignore_ament_install'
[0.131s] Level 1:colcon.colcon_core.package_identification:_identify(.) by extensions ['colcon_pkg']
[0.131s] Level 1:colcon.colcon_core.package_identification:_identify(.) by extension 'colcon_pkg'
[0.131s] Level 1:colcon.colcon_core.package_identification:_identify(.) by extensions ['colcon_meta']
[0.131s] Level 1:colcon.colcon_core.package_identification:_identify(.) by extension 'colcon_meta'
[0.132s] Level 1:colcon.colcon_core.package_identification:_identify(.) by extensions ['ros']
[0.132s] Level 1:colcon.colcon_core.package_identification:_identify(.) by extension 'ros'
[0.153s] Level 1:colcon.colcon_core.package_identification:_identify(.) by extensions ['cmake', 'python']
[0.153s] Level 1:colcon.colcon_core.package_identification:_identify(.) by extension 'cmake'
[0.153s] Level 1:colcon.colcon_core.package_identification:_identify(.) by extension 'python'
[0.153s] Level 1:colcon.colcon_core.package_identification:_identify(.) by extensions ['python_setup_py']
[0.153s] Level 1:colcon.colcon_core.package_identification:_identify(.) by extension 'python_setup_py'
[0.153s] Level 1:colcon.colcon_core.package_identification:_identify(build) by extensions ['ignore', 'ignore_ament_install']
[0.153s] Level 1:colcon.colcon_core.package_identification:_identify(build) by extension 'ignore'
[0.153s] Level 1:colcon.colcon_core.package_identification:_identify(build) ignored
[0.154s] Level 1:colcon.colcon_core.package_identification:_identify(install) by extensions ['ignore', 'ignore_ament_install']
[0.154s] Level 1:colcon.colcon_core.package_identification:_identify(install) by extension 'ignore'
[0.154s] Level 1:colcon.colcon_core.package_identification:_identify(install) ignored
[0.154s] Level 1:colcon.colcon_core.package_identification:_identify(log) by extensions ['ignore', 'ignore_ament_install']
[0.154s] Level 1:colcon.colcon_core.package_identification:_identify(log) by extension 'ignore'
[0.154s] Level 1:colcon.colcon_core.package_identification:_identify(log) ignored
[0.154s] Level 1:colcon.colcon_core.package_identification:_identify(plots) by extensions ['ignore', 'ignore_ament_install']
[0.154s] Level 1:colcon.colcon_core.package_identification:_identify(plots) by extension 'ignore'
[0.154s] Level 1:colcon.colcon_core.package_identification:_identify(plots) by extension 'ignore_ament_install'
[0.154s] Level 1:colcon.colcon_core.package_identification:_identify(plots) by extensions ['colcon_pkg']
[0.154s] Level 1:colcon.colcon_core.package_identification:_identify(plots) by extension 'colcon_pkg'
[0.154s] Level 1:colcon.colcon_core.package_identification:_identify(plots) by extensions ['colcon_meta']
[0.154s] Level 1:colcon.colcon_core.package_identification:_identify(plots) by extension 'colcon_meta'
[0.154s] Level 1:colcon.colcon_core.package_identification:_identify(plots) by extensions ['ros']
[0.154s] Level 1:colcon.colcon_core.package_identification:_identify(plots) by extension 'ros'
[0.154s] Level 1:colcon.colcon_core.package_identification:_identify(plots) by extensions ['cmake', 'python']
[0.154s] Level 1:colcon.colcon_core.package_identification:_identify(plots) by extension 'cmake'
[0.154s] Level 1:colcon.colcon_core.package_identification:_identify(plots) by extension 'python'
[0.154s] Level 1:colcon.colcon_core.package_identification:_identify(plots) by extensions ['python_setup_py']
[0.155s] Level 1:colcon.colcon_core.package_identification:_identify(plots) by extension 'python_setup_py'
[0.155s] Level 1:colcon.colcon_core.package_identification:_identify(plots/circle_2.0ms_20251127_215707) by extensions ['ignore', 'ignore_ament_install']
[0.155s] Level 1:colcon.colcon_core.package_identification:_identify(plots/circle_2.0ms_20251127_215707) by extension 'ignore'
[0.155s] Level 1:colcon.colcon_core.package_identification:_identify(plots/circle_2.0ms_20251127_215707) by extension 'ignore_ament_install'
[0.155s] Level 1:colcon.colcon_core.package_identification:_identify(plots/circle_2.0ms_20251127_215707) by extensions ['colcon_pkg']
[0.155s] Level 1:colcon.colcon_core.package_identification:_identify(plots/circle_2.0ms_20251127_215707) by extension 'colcon_pkg'
[0.155s] Level 1:colcon.colcon_core.package_identification:_identify(plots/circle_2.0ms_20251127_215707) by extensions ['colcon_meta']
[0.155s] Level 1:colcon.colcon_core.package_identification:_identify(plots/circle_2.0ms_20251127_215707) by extension 'colcon_meta'
[0.155s] Level 1:colcon.colcon_core.package_identification:_identify(plots/circle_2.0ms_20251127_215707) by extensions ['ros']
[0.155s] Level 1:colcon.colcon_core.package_identification:_identify(plots/circle_2.0ms_20251127_215707) by extension 'ros'
[0.155s] Level 1:colcon.colcon_core.package_identification:_identify(plots/circle_2.0ms_20251127_215707) by extensions ['cmake', 'python']
[0.155s] Level 1:colcon.colcon_core.package_identification:_identify(plots/circle_2.0ms_20251127_215707) by extension 'cmake'
[0.155s] Level 1:colcon.colcon_core.package_identification:_identify(plots/circle_2.0ms_20251127_215707) by extension 'python'
[0.155s] Level 1:colcon.colcon_core.package_identification:_identify(plots/circle_2.0ms_20251127_215707) by extensions ['python_setup_py']
[0.155s] Level 1:colcon.colcon_core.package_identification:_identify(plots/circle_2.0ms_20251127_215707) by extension 'python_setup_py'
[0.155s] Level 1:colcon.colcon_core.package_identification:_identify(plots/square_2.0ms_20251127_214819) by extensions ['ignore', 'ignore_ament_install']
[0.155s] Level 1:colcon.colcon_core.package_identification:_identify(plots/square_2.0ms_20251127_214819) by extension 'ignore'
[0.155s] Level 1:colcon.colcon_core.package_identification:_identify(plots/square_2.0ms_20251127_214819) by extension 'ignore_ament_install'
[0.155s] Level 1:colcon.colcon_core.package_identification:_identify(plots/square_2.0ms_20251127_214819) by extensions ['colcon_pkg']
[0.155s] Level 1:colcon.colcon_core.package_identification:_identify(plots/square_2.0ms_20251127_214819) by extension 'colcon_pkg'
[0.155s] Level 1:colcon.colcon_core.package_identification:_identify(plots/square_2.0ms_20251127_214819) by extensions ['colcon_meta']
[0.155s] Level 1:colcon.colcon_core.package_identification:_identify(plots/square_2.0ms_20251127_214819) by extension 'colcon_meta'
[0.156s] Level 1:colcon.colcon_core.package_identification:_identify(plots/square_2.0ms_20251127_214819) by extensions ['ros']
[0.156s] Level 1:colcon.colcon_core.package_identification:_identify(plots/square_2.0ms_20251127_214819) by extension 'ros'
[0.156s] Level 1:colcon.colcon_core.package_identification:_identify(plots/square_2.0ms_20251127_214819) by extensions ['cmake', 'python']
[0.156s] Level 1:colcon.colcon_core.package_identification:_identify(plots/square_2.0ms_20251127_214819) by extension 'cmake'
[0.156s] Level 1:colcon.colcon_core.package_identification:_identify(plots/square_2.0ms_20251127_214819) by extension 'python'
[0.156s] Level 1:colcon.colcon_core.package_identification:_identify(plots/square_2.0ms_20251127_214819) by extensions ['python_setup_py']
[0.156s] Level 1:colcon.colcon_core.package_identification:_identify(plots/square_2.0ms_20251127_214819) by extension 'python_setup_py'
[0.156s] Level 1:colcon.colcon_core.package_identification:_identify(plots/square_2.0ms_20251127_215457) by extensions ['ignore', 'ignore_ament_install']
[0.156s] Level 1:colcon.colcon_core.package_identification:_identify(plots/square_2.0ms_20251127_215457) by extension 'ignore'
[0.156s] Level 1:colcon.colcon_core.package_identification:_identify(plots/square_2.0ms_20251127_215457) by extension 'ignore_ament_install'
[0.156s] Level 1:colcon.colcon_core.package_identification:_identify(plots/square_2.0ms_20251127_215457) by extensions ['colcon_pkg']
[0.156s] Level 1:colcon.colcon_core.package_identification:_identify(plots/square_2.0ms_20251127_215457) by extension 'colcon_pkg'
[0.156s] Level 1:colcon.colcon_core.package_identification:_identify(plots/square_2.0ms_20251127_215457) by extensions ['colcon_meta']
[0.156s] Level 1:colcon.colcon_core.package_identification:_identify(plots/square_2.0ms_20251127_215457) by extension 'colcon_meta'
[0.156s] Level 1:colcon.colcon_core.package_identification:_identify(plots/square_2.0ms_20251127_215457) by extensions ['ros']
[0.156s] Level 1:colcon.colcon_core.package_identification:_identify(plots/square_2.0ms_20251127_215457) by extension 'ros'
[0.156s] Level 1:colcon.colcon_core.package_identification:_identify(plots/square_2.0ms_20251127_215457) by extensions ['cmake', 'python']
[0.156s] Level 1:colcon.colcon_core.package_identification:_identify(plots/square_2.0ms_20251127_215457) by extension 'cmake'
[0.156s] Level 1:colcon.colcon_core.package_identification:_identify(plots/square_2.0ms_20251127_215457) by extension 'python'
[0.156s] Level 1:colcon.colcon_core.package_identification:_identify(plots/square_2.0ms_20251127_215457) by extensions ['python_setup_py']
[0.156s] Level 1:colcon.colcon_core.package_identification:_identify(plots/square_2.0ms_20251127_215457) by extension 'python_setup_py'
[0.156s] Level 1:colcon.colcon_core.package_identification:_identify(plots/square_2.0ms_20251127_221447) by extensions ['ignore', 'ignore_ament_install']
[0.156s] Level 1:colcon.colcon_core.package_identification:_identify(plots/square_2.0ms_20251127_221447) by extension 'ignore'
[0.157s] Level 1:colcon.colcon_core.package_identification:_identify(plots/square_2.0ms_20251127_221447) by extension 'ignore_ament_install'
[0.157s] Level 1:colcon.colcon_core.package_identification:_identify(plots/square_2.0ms_20251127_221447) by extensions ['colcon_pkg']
[0.157s] Level 1:colcon.colcon_core.package_identification:_identify(plots/square_2.0ms_20251127_221447) by extension 'colcon_pkg'
[0.157s] Level 1:colcon.colcon_core.package_identification:_identify(plots/square_2.0ms_20251127_221447) by extensions ['colcon_meta']
[0.157s] Level 1:colcon.colcon_core.package_identification:_identify(plots/square_2.0ms_20251127_221447) by extension 'colcon_meta'
[0.157s] Level 1:colcon.colcon_core.package_identification:_identify(plots/square_2.0ms_20251127_221447) by extensions ['ros']
[0.157s] Level 1:colcon.colcon_core.package_identification:_identify(plots/square_2.0ms_20251127_221447) by extension 'ros'
[0.157s] Level 1:colcon.colcon_core.package_identification:_identify(plots/square_2.0ms_20251127_221447) by extensions ['cmake', 'python']
[0.157s] Level 1:colcon.colcon_core.package_identification:_identify(plots/square_2.0ms_20251127_221447) by extension 'cmake'
[0.157s] Level 1:colcon.colcon_core.package_identification:_identify(plots/square_2.0ms_20251127_221447) by extension 'python'
[0.157s] Level 1:colcon.colcon_core.package_identification:_identify(plots/square_2.0ms_20251127_221447) by extensions ['python_setup_py']
[0.157s] Level 1:colcon.colcon_core.package_identification:_identify(plots/square_2.0ms_20251127_221447) by extension 'python_setup_py'
[0.157s] Level 1:colcon.colcon_core.package_identification:_identify(plots/square_2.0ms_20251127_221639) by extensions ['ignore', 'ignore_ament_install']
[0.157s] Level 1:colcon.colcon_core.package_identification:_identify(plots/square_2.0ms_20251127_221639) by extension 'ignore'
[0.157s] Level 1:colcon.colcon_core.package_identification:_identify(plots/square_2.0ms_20251127_221639) by extension 'ignore_ament_install'
[0.157s] Level 1:colcon.colcon_core.package_identification:_identify(plots/square_2.0ms_20251127_221639) by extensions ['colcon_pkg']
[0.157s] Level 1:colcon.colcon_core.package_identification:_identify(plots/square_2.0ms_20251127_221639) by extension 'colcon_pkg'
[0.157s] Level 1:colcon.colcon_core.package_identification:_identify(plots/square_2.0ms_20251127_221639) by extensions ['colcon_meta']
[0.157s] Level 1:colcon.colcon_core.package_identification:_identify(plots/square_2.0ms_20251127_221639) by extension 'colcon_meta'
[0.157s] Level 1:colcon.colcon_core.package_identification:_identify(plots/square_2.0ms_20251127_221639) by extensions ['ros']
[0.157s] Level 1:colcon.colcon_core.package_identification:_identify(plots/square_2.0ms_20251127_221639) by extension 'ros'
[0.157s] Level 1:colcon.colcon_core.package_identification:_identify(plots/square_2.0ms_20251127_221639) by extensions ['cmake', 'python']
[0.157s] Level 1:colcon.colcon_core.package_identification:_identify(plots/square_2.0ms_20251127_221639) by extension 'cmake'
[0.157s] Level 1:colcon.colcon_core.package_identification:_identify(plots/square_2.0ms_20251127_221639) by extension 'python'
[0.157s] Level 1:colcon.colcon_core.package_identification:_identify(plots/square_2.0ms_20251127_221639) by extensions ['python_setup_py']
[0.157s] Level 1:colcon.colcon_core.package_identification:_identify(plots/square_2.0ms_20251127_221639) by extension 'python_setup_py'
[0.158s] Level 1:colcon.colcon_core.package_identification:_identify(plots/square_2.0ms_20251127_221749) by extensions ['ignore', 'ignore_ament_install']
[0.158s] Level 1:colcon.colcon_core.package_identification:_identify(plots/square_2.0ms_20251127_221749) by extension 'ignore'
[0.158s] Level 1:colcon.colcon_core.package_identification:_identify(plots/square_2.0ms_20251127_221749) by extension 'ignore_ament_install'
[0.158s] Level 1:colcon.colcon_core.package_identification:_identify(plots/square_2.0ms_20251127_221749) by extensions ['colcon_pkg']
[0.158s] Level 1:colcon.colcon_core.package_identification:_identify(plots/square_2.0ms_20251127_221749) by extension 'colcon_pkg'
[0.158s] Level 1:colcon.colcon_core.package_identification:_identify(plots/square_2.0ms_20251127_221749) by extensions ['colcon_meta']
[0.158s] Level 1:colcon.colcon_core.package_identification:_identify(plots/square_2.0ms_20251127_221749) by extension 'colcon_meta'
[0.158s] Level 1:colcon.colcon_core.package_identification:_identify(plots/square_2.0ms_20251127_221749) by extensions ['ros']
[0.158s] Level 1:colcon.colcon_core.package_identification:_identify(plots/square_2.0ms_20251127_221749) by extension 'ros'
[0.158s] Level 1:colcon.colcon_core.package_identification:_identify(plots/square_2.0ms_20251127_221749) by extensions ['cmake', 'python']
[0.158s] Level 1:colcon.colcon_core.package_identification:_identify(plots/square_2.0ms_20251127_221749) by extension 'cmake'
[0.158s] Level 1:colcon.colcon_core.package_identification:_identify(plots/square_2.0ms_20251127_221749) by extension 'python'
[0.158s] Level 1:colcon.colcon_core.package_identification:_identify(plots/square_2.0ms_20251127_221749) by extensions ['python_setup_py']
[0.158s] Level 1:colcon.colcon_core.package_identification:_identify(plots/square_2.0ms_20251127_221749) by extension 'python_setup_py'
[0.158s] Level 1:colcon.colcon_core.package_identification:_identify(plots/square_2.0ms_20251127_221916) by extensions ['ignore', 'ignore_ament_install']
[0.158s] Level 1:colcon.colcon_core.package_identification:_identify(plots/square_2.0ms_20251127_221916) by extension 'ignore'
[0.158s] Level 1:colcon.colcon_core.package_identification:_identify(plots/square_2.0ms_20251127_221916) by extension 'ignore_ament_install'
[0.158s] Level 1:colcon.colcon_core.package_identification:_identify(plots/square_2.0ms_20251127_221916) by extensions ['colcon_pkg']
[0.158s] Level 1:colcon.colcon_core.package_identification:_identify(plots/square_2.0ms_20251127_221916) by extension 'colcon_pkg'
[0.158s] Level 1:colcon.colcon_core.package_identification:_identify(plots/square_2.0ms_20251127_221916) by extensions ['colcon_meta']
[0.158s] Level 1:colcon.colcon_core.package_identification:_identify(plots/square_2.0ms_20251127_221916) by extension 'colcon_meta'
[0.158s] Level 1:colcon.colcon_core.package_identification:_identify(plots/square_2.0ms_20251127_221916) by extensions ['ros']
[0.158s] Level 1:colcon.colcon_core.package_identification:_identify(plots/square_2.0ms_20251127_221916) by extension 'ros'
[0.159s] Level 1:colcon.colcon_core.package_identification:_identify(plots/square_2.0ms_20251127_221916) by extensions ['cmake', 'python']
[0.159s] Level 1:colcon.colcon_core.package_identification:_identify(plots/square_2.0ms_20251127_221916) by extension 'cmake'
[0.159s] Level 1:colcon.colcon_core.package_identification:_identify(plots/square_2.0ms_20251127_221916) by extension 'python'
[0.159s] Level 1:colcon.colcon_core.package_identification:_identify(plots/square_2.0ms_20251127_221916) by extensions ['python_setup_py']
[0.159s] Level 1:colcon.colcon_core.package_identification:_identify(plots/square_2.0ms_20251127_221916) by extension 'python_setup_py'
[0.159s] Level 1:colcon.colcon_core.package_identification:_identify(plots/square_2.0ms_20251127_223108) by extensions ['ignore', 'ignore_ament_install']
[0.159s] Level 1:colcon.colcon_core.package_identification:_identify(plots/square_2.0ms_20251127_223108) by extension 'ignore'
[0.159s] Level 1:colcon.colcon_core.package_identification:_identify(plots/square_2.0ms_20251127_223108) by extension 'ignore_ament_install'
[0.159s] Level 1:colcon.colcon_core.package_identification:_identify(plots/square_2.0ms_20251127_223108) by extensions ['colcon_pkg']
[0.159s] Level 1:colcon.colcon_core.package_identification:_identify(plots/square_2.0ms_20251127_223108) by extension 'colcon_pkg'
[0.159s] Level 1:colcon.colcon_core.package_identification:_identify(plots/square_2.0ms_20251127_223108) by extensions ['colcon_meta']
[0.159s] Level 1:colcon.colcon_core.package_identification:_identify(plots/square_2.0ms_20251127_223108) by extension 'colcon_meta'
[0.159s] Level 1:colcon.colcon_core.package_identification:_identify(plots/square_2.0ms_20251127_223108) by extensions ['ros']
[0.159s] Level 1:colcon.colcon_core.package_identification:_identify(plots/square_2.0ms_20251127_223108) by extension 'ros'
[0.159s] Level 1:colcon.colcon_core.package_identification:_identify(plots/square_2.0ms_20251127_223108) by extensions ['cmake', 'python']
[0.159s] Level 1:colcon.colcon_core.package_identification:_identify(plots/square_2.0ms_20251127_223108) by extension 'cmake'
[0.159s] Level 1:colcon.colcon_core.package_identification:_identify(plots/square_2.0ms_20251127_223108) by extension 'python'
[0.159s] Level 1:colcon.colcon_core.package_identification:_identify(plots/square_2.0ms_20251127_223108) by extensions ['python_setup_py']
[0.159s] Level 1:colcon.colcon_core.package_identification:_identify(plots/square_2.0ms_20251127_223108) by extension 'python_setup_py'
[0.159s] Level 1:colcon.colcon_core.package_identification:_identify(plots/square_2.0ms_20251127_223301) by extensions ['ignore', 'ignore_ament_install']
[0.159s] Level 1:colcon.colcon_core.package_identification:_identify(plots/square_2.0ms_20251127_223301) by extension 'ignore'
[0.159s] Level 1:colcon.colcon_core.package_identification:_identify(plots/square_2.0ms_20251127_223301) by extension 'ignore_ament_install'
[0.159s] Level 1:colcon.colcon_core.package_identification:_identify(plots/square_2.0ms_20251127_223301) by extensions ['colcon_pkg']
[0.160s] Level 1:colcon.colcon_core.package_identification:_identify(plots/square_2.0ms_20251127_223301) by extension 'colcon_pkg'
[0.160s] Level 1:colcon.colcon_core.package_identification:_identify(plots/square_2.0ms_20251127_223301) by extensions ['colcon_meta']
[0.160s] Level 1:colcon.colcon_core.package_identification:_identify(plots/square_2.0ms_20251127_223301) by extension 'colcon_meta'
[0.160s] Level 1:colcon.colcon_core.package_identification:_identify(plots/square_2.0ms_20251127_223301) by extensions ['ros']
[0.160s] Level 1:colcon.colcon_core.package_identification:_identify(plots/square_2.0ms_20251127_223301) by extension 'ros'
[0.160s] Level 1:colcon.colcon_core.package_identification:_identify(plots/square_2.0ms_20251127_223301) by extensions ['cmake', 'python']
[0.160s] Level 1:colcon.colcon_core.package_identification:_identify(plots/square_2.0ms_20251127_223301) by extension 'cmake'
[0.160s] Level 1:colcon.colcon_core.package_identification:_identify(plots/square_2.0ms_20251127_223301) by extension 'python'
[0.160s] Level 1:colcon.colcon_core.package_identification:_identify(plots/square_2.0ms_20251127_223301) by extensions ['python_setup_py']
[0.160s] Level 1:colcon.colcon_core.package_identification:_identify(plots/square_2.0ms_20251127_223301) by extension 'python_setup_py'
[0.160s] Level 1:colcon.colcon_core.package_identification:_identify(plots/square_2.0ms_20251127_223351) by extensions ['ignore', 'ignore_ament_install']
[0.160s] Level 1:colcon.colcon_core.package_identification:_identify(plots/square_2.0ms_20251127_223351) by extension 'ignore'
[0.160s] Level 1:colcon.colcon_core.package_identification:_identify(plots/square_2.0ms_20251127_223351) by extension 'ignore_ament_install'
[0.160s] Level 1:colcon.colcon_core.package_identification:_identify(plots/square_2.0ms_20251127_223351) by extensions ['colcon_pkg']
[0.160s] Level 1:colcon.colcon_core.package_identification:_identify(plots/square_2.0ms_20251127_223351) by extension 'colcon_pkg'
[0.160s] Level 1:colcon.colcon_core.package_identification:_identify(plots/square_2.0ms_20251127_223351) by extensions ['colcon_meta']
[0.160s] Level 1:colcon.colcon_core.package_identification:_identify(plots/square_2.0ms_20251127_223351) by extension 'colcon_meta'
[0.160s] Level 1:colcon.colcon_core.package_identification:_identify(plots/square_2.0ms_20251127_223351) by extensions ['ros']
[0.160s] Level 1:colcon.colcon_core.package_identification:_identify(plots/square_2.0ms_20251127_223351) by extension 'ros'
[0.160s] Level 1:colcon.colcon_core.package_identification:_identify(plots/square_2.0ms_20251127_223351) by extensions ['cmake', 'python']
[0.160s] Level 1:colcon.colcon_core.package_identification:_identify(plots/square_2.0ms_20251127_223351) by extension 'cmake'
[0.160s] Level 1:colcon.colcon_core.package_identification:_identify(plots/square_2.0ms_20251127_223351) by extension 'python'
[0.160s] Level 1:colcon.colcon_core.package_identification:_identify(plots/square_2.0ms_20251127_223351) by extensions ['python_setup_py']
[0.161s] Level 1:colcon.colcon_core.package_identification:_identify(plots/square_2.0ms_20251127_223351) by extension 'python_setup_py'
[0.161s] Level 1:colcon.colcon_core.package_identification:_identify(plots/square_2.0ms_20251129_231249) by extensions ['ignore', 'ignore_ament_install']
[0.161s] Level 1:colcon.colcon_core.package_identification:_identify(plots/square_2.0ms_20251129_231249) by extension 'ignore'
[0.161s] Level 1:colcon.colcon_core.package_identification:_identify(plots/square_2.0ms_20251129_231249) by extension 'ignore_ament_install'
[0.161s] Level 1:colcon.colcon_core.package_identification:_identify(plots/square_2.0ms_20251129_231249) by extensions ['colcon_pkg']
[0.161s] Level 1:colcon.colcon_core.package_identification:_identify(plots/square_2.0ms_20251129_231249) by extension 'colcon_pkg'
[0.161s] Level 1:colcon.colcon_core.package_identification:_identify(plots/square_2.0ms_20251129_231249) by extensions ['colcon_meta']
[0.161s] Level 1:colcon.colcon_core.package_identification:_identify(plots/square_2.0ms_20251129_231249) by extension 'colcon_meta'
[0.161s] Level 1:colcon.colcon_core.package_identification:_identify(plots/square_2.0ms_20251129_231249) by extensions ['ros']
[0.161s] Level 1:colcon.colcon_core.package_identification:_identify(plots/square_2.0ms_20251129_231249) by extension 'ros'
[0.161s] Level 1:colcon.colcon_core.package_identification:_identify(plots/square_2.0ms_20251129_231249) by extensions ['cmake', 'python']
[0.161s] Level 1:colcon.colcon_core.package_identification:_identify(plots/square_2.0ms_20251129_231249) by extension 'cmake'
[0.161s] Level 1:colcon.colcon_core.package_identification:_identify(plots/square_2.0ms_20251129_231249) by extension 'python'
[0.161s] Level 1:colcon.colcon_core.package_identification:_identify(plots/square_2.0ms_20251129_231249) by extensions ['python_setup_py']
[0.161s] Level 1:colcon.colcon_core.package_identification:_identify(plots/square_2.0ms_20251129_231249) by extension 'python_setup_py'
[0.161s] Level 1:colcon.colcon_core.package_identification:_identify(plots/square_2.0ms_20251129_231432) by extensions ['ignore', 'ignore_ament_install']
[0.161s] Level 1:colcon.colcon_core.package_identification:_identify(plots/square_2.0ms_20251129_231432) by extension 'ignore'
[0.162s] Level 1:colcon.colcon_core.package_identification:_identify(plots/square_2.0ms_20251129_231432) by extension 'ignore_ament_install'
[0.162s] Level 1:colcon.colcon_core.package_identification:_identify(plots/square_2.0ms_20251129_231432) by extensions ['colcon_pkg']
[0.162s] Level 1:colcon.colcon_core.package_identification:_identify(plots/square_2.0ms_20251129_231432) by extension 'colcon_pkg'
[0.162s] Level 1:colcon.colcon_core.package_identification:_identify(plots/square_2.0ms_20251129_231432) by extensions ['colcon_meta']
[0.162s] Level 1:colcon.colcon_core.package_identification:_identify(plots/square_2.0ms_20251129_231432) by extension 'colcon_meta'
[0.162s] Level 1:colcon.colcon_core.package_identification:_identify(plots/square_2.0ms_20251129_231432) by extensions ['ros']
[0.162s] Level 1:colcon.colcon_core.package_identification:_identify(plots/square_2.0ms_20251129_231432) by extension 'ros'
[0.162s] Level 1:colcon.colcon_core.package_identification:_identify(plots/square_2.0ms_20251129_231432) by extensions ['cmake', 'python']
[0.162s] Level 1:colcon.colcon_core.package_identification:_identify(plots/square_2.0ms_20251129_231432) by extension 'cmake'
[0.162s] Level 1:colcon.colcon_core.package_identification:_identify(plots/square_2.0ms_20251129_231432) by extension 'python'
[0.162s] Level 1:colcon.colcon_core.package_identification:_identify(plots/square_2.0ms_20251129_231432) by extensions ['python_setup_py']
[0.162s] Level 1:colcon.colcon_core.package_identification:_identify(plots/square_2.0ms_20251129_231432) by extension 'python_setup_py'
[0.162s] Level 1:colcon.colcon_core.package_identification:_identify(plots/square_2.0ms_20251129_231706) by extensions ['ignore', 'ignore_ament_install']
[0.162s] Level 1:colcon.colcon_core.package_identification:_identify(plots/square_2.0ms_20251129_231706) by extension 'ignore'
[0.163s] Level 1:colcon.colcon_core.package_identification:_identify(plots/square_2.0ms_20251129_231706) by extension 'ignore_ament_install'
[0.163s] Level 1:colcon.colcon_core.package_identification:_identify(plots/square_2.0ms_20251129_231706) by extensions ['colcon_pkg']
[0.163s] Level 1:colcon.colcon_core.package_identification:_identify(plots/square_2.0ms_20251129_231706) by extension 'colcon_pkg'
[0.163s] Level 1:colcon.colcon_core.package_identification:_identify(plots/square_2.0ms_20251129_231706) by extensions ['colcon_meta']
[0.163s] Level 1:colcon.colcon_core.package_identification:_identify(plots/square_2.0ms_20251129_231706) by extension 'colcon_meta'
[0.163s] Level 1:colcon.colcon_core.package_identification:_identify(plots/square_2.0ms_20251129_231706) by extensions ['ros']
[0.163s] Level 1:colcon.colcon_core.package_identification:_identify(plots/square_2.0ms_20251129_231706) by extension 'ros'
[0.163s] Level 1:colcon.colcon_core.package_identification:_identify(plots/square_2.0ms_20251129_231706) by extensions ['cmake', 'python']
[0.163s] Level 1:colcon.colcon_core.package_identification:_identify(plots/square_2.0ms_20251129_231706) by extension 'cmake'
[0.163s] Level 1:colcon.colcon_core.package_identification:_identify(plots/square_2.0ms_20251129_231706) by extension 'python'
[0.163s] Level 1:colcon.colcon_core.package_identification:_identify(plots/square_2.0ms_20251129_231706) by extensions ['python_setup_py']
[0.163s] Level 1:colcon.colcon_core.package_identification:_identify(plots/square_2.0ms_20251129_231706) by extension 'python_setup_py'
[0.163s] Level 1:colcon.colcon_core.package_identification:_identify(plots/square_2.0ms_20251129_233106) by extensions ['ignore', 'ignore_ament_install']
[0.163s] Level 1:colcon.colcon_core.package_identification:_identify(plots/square_2.0ms_20251129_233106) by extension 'ignore'
[0.163s] Level 1:colcon.colcon_core.package_identification:_identify(plots/square_2.0ms_20251129_233106) by extension 'ignore_ament_install'
[0.163s] Level 1:colcon.colcon_core.package_identification:_identify(plots/square_2.0ms_20251129_233106) by extensions ['colcon_pkg']
[0.163s] Level 1:colcon.colcon_core.package_identification:_identify(plots/square_2.0ms_20251129_233106) by extension 'colcon_pkg'
[0.163s] Level 1:colcon.colcon_core.package_identification:_identify(plots/square_2.0ms_20251129_233106) by extensions ['colcon_meta']
[0.163s] Level 1:colcon.colcon_core.package_identification:_identify(plots/square_2.0ms_20251129_233106) by extension 'colcon_meta'
[0.163s] Level 1:colcon.colcon_core.package_identification:_identify(plots/square_2.0ms_20251129_233106) by extensions ['ros']
[0.164s] Level 1:colcon.colcon_core.package_identification:_identify(plots/square_2.0ms_20251129_233106) by extension 'ros'
[0.164s] Level 1:colcon.colcon_core.package_identification:_identify(plots/square_2.0ms_20251129_233106) by extensions ['cmake', 'python']
[0.164s] Level 1:colcon.colcon_core.package_identification:_identify(plots/square_2.0ms_20251129_233106) by extension 'cmake'
[0.164s] Level 1:colcon.colcon_core.package_identification:_identify(plots/square_2.0ms_20251129_233106) by extension 'python'
[0.164s] Level 1:colcon.colcon_core.package_identification:_identify(plots/square_2.0ms_20251129_233106) by extensions ['python_setup_py']
[0.164s] Level 1:colcon.colcon_core.package_identification:_identify(plots/square_2.0ms_20251129_233106) by extension 'python_setup_py'
[0.164s] Level 1:colcon.colcon_core.package_identification:_identify(plots/square_2.0ms_20251129_234405) by extensions ['ignore', 'ignore_ament_install']
[0.164s] Level 1:colcon.colcon_core.package_identification:_identify(plots/square_2.0ms_20251129_234405) by extension 'ignore'
[0.164s] Level 1:colcon.colcon_core.package_identification:_identify(plots/square_2.0ms_20251129_234405) by extension 'ignore_ament_install'
[0.164s] Level 1:colcon.colcon_core.package_identification:_identify(plots/square_2.0ms_20251129_234405) by extensions ['colcon_pkg']
[0.164s] Level 1:colcon.colcon_core.package_identification:_identify(plots/square_2.0ms_20251129_234405) by extension 'colcon_pkg'
[0.164s] Level 1:colcon.colcon_core.package_identification:_identify(plots/square_2.0ms_20251129_234405) by extensions ['colcon_meta']
[0.164s] Level 1:colcon.colcon_core.package_identification:_identify(plots/square_2.0ms_20251129_234405) by extension 'colcon_meta'
[0.164s] Level 1:colcon.colcon_core.package_identification:_identify(plots/square_2.0ms_20251129_234405) by extensions ['ros']
[0.164s] Level 1:colcon.colcon_core.package_identification:_identify(plots/square_2.0ms_20251129_234405) by extension 'ros'
[0.164s] Level 1:colcon.colcon_core.package_identification:_identify(plots/square_2.0ms_20251129_234405) by extensions ['cmake', 'python']
[0.164s] Level 1:colcon.colcon_core.package_identification:_identify(plots/square_2.0ms_20251129_234405) by extension 'cmake'
[0.164s] Level 1:colcon.colcon_core.package_identification:_identify(plots/square_2.0ms_20251129_234405) by extension 'python'
[0.164s] Level 1:colcon.colcon_core.package_identification:_identify(plots/square_2.0ms_20251129_234405) by extensions ['python_setup_py']
[0.164s] Level 1:colcon.colcon_core.package_identification:_identify(plots/square_2.0ms_20251129_234405) by extension 'python_setup_py'
[0.164s] Level 1:colcon.colcon_core.package_identification:_identify(plots/square_2.0ms_20251129_234835) by extensions ['ignore', 'ignore_ament_install']
[0.165s] Level 1:colcon.colcon_core.package_identification:_identify(plots/square_2.0ms_20251129_234835) by extension 'ignore'
[0.165s] Level 1:colcon.colcon_core.package_identification:_identify(plots/square_2.0ms_20251129_234835) by extension 'ignore_ament_install'
[0.165s] Level 1:colcon.colcon_core.package_identification:_identify(plots/square_2.0ms_20251129_234835) by extensions ['colcon_pkg']
[0.165s] Level 1:colcon.colcon_core.package_identification:_identify(plots/square_2.0ms_20251129_234835) by extension 'colcon_pkg'
[0.165s] Level 1:colcon.colcon_core.package_identification:_identify(plots/square_2.0ms_20251129_234835) by extensions ['colcon_meta']
[0.165s] Level 1:colcon.colcon_core.package_identification:_identify(plots/square_2.0ms_20251129_234835) by extension 'colcon_meta'
[0.165s] Level 1:colcon.colcon_core.package_identification:_identify(plots/square_2.0ms_20251129_234835) by extensions ['ros']
[0.165s] Level 1:colcon.colcon_core.package_identification:_identify(plots/square_2.0ms_20251129_234835) by extension 'ros'
[0.165s] Level 1:colcon.colcon_core.package_identification:_identify(plots/square_2.0ms_20251129_234835) by extensions ['cmake', 'python']
[0.165s] Level 1:colcon.colcon_core.package_identification:_identify(plots/square_2.0ms_20251129_234835) by extension 'cmake'
[0.165s] Level 1:colcon.colcon_core.package_identification:_identify(plots/square_2.0ms_20251129_234835) by extension 'python'
[0.165s] Level 1:colcon.colcon_core.package_identification:_identify(plots/square_2.0ms_20251129_234835) by extensions ['python_setup_py']
[0.165s] Level 1:colcon.colcon_core.package_identification:_identify(plots/square_2.0ms_20251129_234835) by extension 'python_setup_py'
[0.165s] Level 1:colcon.colcon_core.package_identification:_identify(src) by extensions ['ignore', 'ignore_ament_install']
[0.165s] Level 1:colcon.colcon_core.package_identification:_identify(src) by extension 'ignore'
[0.165s] Level 1:colcon.colcon_core.package_identification:_identify(src) by extension 'ignore_ament_install'
[0.165s] Level 1:colcon.colcon_core.package_identification:_identify(src) by extensions ['colcon_pkg']
[0.165s] Level 1:colcon.colcon_core.package_identification:_identify(src) by extension 'colcon_pkg'
[0.165s] Level 1:colcon.colcon_core.package_identification:_identify(src) by extensions ['colcon_meta']
[0.165s] Level 1:colcon.colcon_core.package_identification:_identify(src) by extension 'colcon_meta'
[0.165s] Level 1:colcon.colcon_core.package_identification:_identify(src) by extensions ['ros']
[0.166s] Level 1:colcon.colcon_core.package_identification:_identify(src) by extension 'ros'
[0.166s] Level 1:colcon.colcon_core.package_identification:_identify(src) by extensions ['cmake', 'python']
[0.166s] Level 1:colcon.colcon_core.package_identification:_identify(src) by extension 'cmake'
[0.166s] Level 1:colcon.colcon_core.package_identification:_identify(src) by extension 'python'
[0.166s] Level 1:colcon.colcon_core.package_identification:_identify(src) by extensions ['python_setup_py']
[0.166s] Level 1:colcon.colcon_core.package_identification:_identify(src) by extension 'python_setup_py'
[0.166s] Level 1:colcon.colcon_core.package_identification:_identify(src/px4_msgs) by extensions ['ignore', 'ignore_ament_install']
[0.166s] Level 1:colcon.colcon_core.package_identification:_identify(src/px4_msgs) by extension 'ignore'
[0.166s] Level 1:colcon.colcon_core.package_identification:_identify(src/px4_msgs) by extension 'ignore_ament_install'
[0.166s] Level 1:colcon.colcon_core.package_identification:_identify(src/px4_msgs) by extensions ['colcon_pkg']
[0.166s] Level 1:colcon.colcon_core.package_identification:_identify(src/px4_msgs) by extension 'colcon_pkg'
[0.166s] Level 1:colcon.colcon_core.package_identification:_identify(src/px4_msgs) by extensions ['colcon_meta']
[0.166s] Level 1:colcon.colcon_core.package_identification:_identify(src/px4_msgs) by extension 'colcon_meta'
[0.166s] Level 1:colcon.colcon_core.package_identification:_identify(src/px4_msgs) by extensions ['ros']
[0.166s] Level 1:colcon.colcon_core.package_identification:_identify(src/px4_msgs) by extension 'ros'
[0.169s] DEBUG:colcon.colcon_core.package_identification:Package 'src/px4_msgs' with type 'ros.ament_cmake' and name 'px4_msgs'
[0.169s] Level 1:colcon.colcon_core.package_identification:_identify(src/px4_ros_com) by extensions ['ignore', 'ignore_ament_install']
[0.169s] Level 1:colcon.colcon_core.package_identification:_identify(src/px4_ros_com) by extension 'ignore'
[0.169s] Level 1:colcon.colcon_core.package_identification:_identify(src/px4_ros_com) by extension 'ignore_ament_install'
[0.170s] Level 1:colcon.colcon_core.package_identification:_identify(src/px4_ros_com) by extensions ['colcon_pkg']
[0.170s] Level 1:colcon.colcon_core.package_identification:_identify(src/px4_ros_com) by extension 'colcon_pkg'
[0.170s] Level 1:colcon.colcon_core.package_identification:_identify(src/px4_ros_com) by extensions ['colcon_meta']
[0.170s] Level 1:colcon.colcon_core.package_identification:_identify(src/px4_ros_com) by extension 'colcon_meta'
[0.170s] Level 1:colcon.colcon_core.package_identification:_identify(src/px4_ros_com) by extensions ['ros']
[0.170s] Level 1:colcon.colcon_core.package_identification:_identify(src/px4_ros_com) by extension 'ros'
[0.171s] DEBUG:colcon.colcon_core.package_identification:Package 'src/px4_ros_com' with type 'ros.ament_cmake' and name 'px4_ros_com'
[0.171s] Level 1:colcon.colcon_core.package_discovery:discover_packages(recursive) using defaults
[0.171s] Level 1:colcon.colcon_core.package_discovery:discover_packages(ignore) discover
[0.171s] Level 1:colcon.colcon_core.package_discovery:discover_packages(ignore) using defaults
[0.171s] Level 1:colcon.colcon_core.package_discovery:discover_packages(path) discover
[0.171s] Level 1:colcon.colcon_core.package_discovery:discover_packages(path) using defaults
[0.185s] INFO:colcon.colcon_core.package_selection:Skipping not selected package 'px4_msgs' in 'src/px4_msgs'
[0.185s] Level 1:colcon.colcon_core.package_discovery:discover_packages(prefix_path) check parameters
[0.185s] Level 1:colcon.colcon_core.package_discovery:discover_packages(prefix_path) discover
[0.188s] DEBUG:colcon.colcon_installed_package_information.package_discovery:Found 346 installed packages in /opt/ros/jazzy
[0.189s] Level 1:colcon.colcon_core.package_discovery:discover_packages(prefix_path) using defaults
[0.233s] Level 5:colcon.colcon_core.verb:set package 'px4_ros_com' build argument 'cmake_args' from command line to 'None'
[0.233s] Level 5:colcon.colcon_core.verb:set package 'px4_ros_com' build argument 'cmake_target' from command line to 'None'
[0.233s] Level 5:colcon.colcon_core.verb:set package 'px4_ros_com' build argument 'cmake_target_skip_unavailable' from command line to 'False'
[0.233s] Level 5:colcon.colcon_core.verb:set package 'px4_ros_com' build argument 'cmake_clean_cache' from command line to 'False'
[0.233s] Level 5:colcon.colcon_core.verb:set package 'px4_ros_com' build argument 'cmake_clean_first' from command line to 'False'
[0.233s] Level 5:colcon.colcon_core.verb:set package 'px4_ros_com' build argument 'cmake_force_configure' from command line to 'False'
[0.233s] Level 5:colcon.colcon_core.verb:set package 'px4_ros_com' build argument 'ament_cmake_args' from command line to 'None'
[0.233s] Level 5:colcon.colcon_core.verb:set package 'px4_ros_com' build argument 'catkin_cmake_args' from command line to 'None'
[0.233s] Level 5:colcon.colcon_core.verb:set package 'px4_ros_com' build argument 'catkin_skip_building_tests' from command line to 'False'
[0.233s] DEBUG:colcon.colcon_core.verb:Building package 'px4_ros_com' with the following arguments: {'ament_cmake_args': None, 'build_base': '/home/hamad/ws_offboard_control/build/px4_ros_com', 'catkin_cmake_args': None, 'catkin_skip_building_tests': False, 'cmake_args': None, 'cmake_clean_cache': False, 'cmake_clean_first': False, 'cmake_force_configure': False, 'cmake_target': None, 'cmake_target_skip_unavailable': False, 'install_base': '/home/hamad/ws_offboard_control/install/px4_ros_com', 'merge_install': False, 'path': '/home/hamad/ws_offboard_control/src/px4_ros_com', 'symlink_install': False, 'test_result_base': None}
[0.233s] INFO:colcon.colcon_core.executor:Executing jobs using 'parallel' executor
[0.234s] DEBUG:colcon.colcon_parallel_executor.executor.parallel:run_until_complete
[0.234s] INFO:colcon.colcon_ros.task.ament_cmake.build:Building ROS package in '/home/hamad/ws_offboard_control/src/px4_ros_com' with build type 'ament_cmake'
[0.234s] INFO:colcon.colcon_cmake.task.cmake.build:Building CMake package in '/home/hamad/ws_offboard_control/src/px4_ros_com'
[0.236s] INFO:colcon.colcon_core.plugin_system:Skipping extension 'colcon_core.shell.bat': Not used on non-Windows systems
[0.236s] INFO:colcon.colcon_core.shell:Skip shell extension 'powershell' for command environment: Not usable outside of PowerShell
[0.236s] DEBUG:colcon.colcon_core.shell:Skip shell extension 'dsv' for command environment
[0.246s] DEBUG:colcon.colcon_core.event_handler.log_command:Invoking command in '/home/hamad/ws_offboard_control/build/px4_ros_com': AMENT_PREFIX_PATH=/home/hamad/ws_offboard_control/install/px4_msgs:${AMENT_PREFIX_PATH} CMAKE_PREFIX_PATH=/home/hamad/ws_offboard_control/install/px4_msgs:/opt/ros/jazzy/opt/gz_sim_vendor:/opt/ros/jazzy/opt/gz_sensors_vendor:/opt/ros/jazzy/opt/gz_physics_vendor:/opt/ros/jazzy/opt/sdformat_vendor:/opt/ros/jazzy/opt/gz_gui_vendor:/opt/ros/jazzy/opt/gz_transport_vendor:/opt/ros/jazzy/opt/gz_rendering_vendor:/opt/ros/jazzy/opt/gz_plugin_vendor:/opt/ros/jazzy/opt/gz_fuel_tools_vendor:/opt/ros/jazzy/opt/gz_msgs_vendor:/opt/ros/jazzy/opt/gz_common_vendor:/opt/ros/jazzy/opt/gz_math_vendor:/opt/ros/jazzy/opt/gz_utils_vendor:/opt/ros/jazzy/opt/gz_tools_vendor:/opt/ros/jazzy/opt/gz_ogre_next_vendor:/opt/ros/jazzy/opt/gz_dartsim_vendor:/opt/ros/jazzy/opt/gz_cmake_vendor:/opt/ros/jazzy DEBUGINFOD_URLS=https://debuginfod.ubuntu.com LD_LIBRARY_PATH=/home/hamad/ws_offboard_control/install/px4_msgs/lib:${LD_LIBRARY_PATH} PS1=(.local) \[\e]0;\u@\h: \w\a\]${debian_chroot:+($debian_chroot)}\[\033[01;32m\]\u@\h\[\033[00m\]:\[\033[01;34m\]\w\[\033[00m\]\$ PYTHONPATH=/home/hamad/ws_offboard_control/install/px4_msgs/lib/python3.12/site-packages:${PYTHONPATH} VIRTUAL_ENV_PROMPT=(.local) /usr/bin/cmake --build /home/hamad/ws_offboard_control/build/px4_ros_com -- -j8 -l8
[14.335s] DEBUG:colcon.colcon_core.event_handler.log_command:Invoked command in '/home/hamad/ws_offboard_control/build/px4_ros_com' returned '0': AMENT_PREFIX_PATH=/home/hamad/ws_offboard_control/install/px4_msgs:${AMENT_PREFIX_PATH} CMAKE_PREFIX_PATH=/home/hamad/ws_offboard_control/install/px4_msgs:/opt/ros/jazzy/opt/gz_sim_vendor:/opt/ros/jazzy/opt/gz_sensors_vendor:/opt/ros/jazzy/opt/gz_physics_vendor:/opt/ros/jazzy/opt/sdformat_vendor:/opt/ros/jazzy/opt/gz_gui_vendor:/opt/ros/jazzy/opt/gz_transport_vendor:/opt/ros/jazzy/opt/gz_rendering_vendor:/opt/ros/jazzy/opt/gz_plugin_vendor:/opt/ros/jazzy/opt/gz_fuel_tools_vendor:/opt/ros/jazzy/opt/gz_msgs_vendor:/opt/ros/jazzy/opt/gz_common_vendor:/opt/ros/jazzy/opt/gz_math_vendor:/opt/ros/jazzy/opt/gz_utils_vendor:/opt/ros/jazzy/opt/gz_tools_vendor:/opt/ros/jazzy/opt/gz_ogre_next_vendor:/opt/ros/jazzy/opt/gz_dartsim_vendor:/opt/ros/jazzy/opt/gz_cmake_vendor:/opt/ros/jazzy DEBUGINFOD_URLS=https://debuginfod.ubuntu.com LD_LIBRARY_PATH=/home/hamad/ws_offboard_control/install/px4_msgs/lib:${LD_LIBRARY_PATH} PS1=(.local) \[\e]0;\u@\h: \w\a\]${debian_chroot:+($debian_chroot)}\[\033[01;32m\]\u@\h\[\033[00m\]:\[\033[01;34m\]\w\[\033[00m\]\$ PYTHONPATH=/home/hamad/ws_offboard_control/install/px4_msgs/lib/python3.12/site-packages:${PYTHONPATH} VIRTUAL_ENV_PROMPT=(.local) /usr/bin/cmake --build /home/hamad/ws_offboard_control/build/px4_ros_com -- -j8 -l8
[14.344s] DEBUG:colcon.colcon_core.event_handler.log_command:Invoking command in '/home/hamad/ws_offboard_control/build/px4_ros_com': AMENT_PREFIX_PATH=/home/hamad/ws_offboard_control/install/px4_msgs:${AMENT_PREFIX_PATH} CMAKE_PREFIX_PATH=/home/hamad/ws_offboard_control/install/px4_msgs:/opt/ros/jazzy/opt/gz_sim_vendor:/opt/ros/jazzy/opt/gz_sensors_vendor:/opt/ros/jazzy/opt/gz_physics_vendor:/opt/ros/jazzy/opt/sdformat_vendor:/opt/ros/jazzy/opt/gz_gui_vendor:/opt/ros/jazzy/opt/gz_transport_vendor:/opt/ros/jazzy/opt/gz_rendering_vendor:/opt/ros/jazzy/opt/gz_plugin_vendor:/opt/ros/jazzy/opt/gz_fuel_tools_vendor:/opt/ros/jazzy/opt/gz_msgs_vendor:/opt/ros/jazzy/opt/gz_common_vendor:/opt/ros/jazzy/opt/gz_math_vendor:/opt/ros/jazzy/opt/gz_utils_vendor:/opt/ros/jazzy/opt/gz_tools_vendor:/opt/ros/jazzy/opt/gz_ogre_next_vendor:/opt/ros/jazzy/opt/gz_dartsim_vendor:/opt/ros/jazzy/opt/gz_cmake_vendor:/opt/ros/jazzy DEBUGINFOD_URLS=https://debuginfod.ubuntu.com LD_LIBRARY_PATH=/home/hamad/ws_offboard_control/install/px4_msgs/lib:${LD_LIBRARY_PATH} PS1=(.local) \[\e]0;\u@\h: \w\a\]${debian_chroot:+($debian_chroot)}\[\033[01;32m\]\u@\h\[\033[00m\]:\[\033[01;34m\]\w\[\033[00m\]\$ PYTHONPATH=/home/hamad/ws_offboard_control/install/px4_msgs/lib/python3.12/site-packages:${PYTHONPATH} VIRTUAL_ENV_PROMPT=(.local) /usr/bin/cmake --install /home/hamad/ws_offboard_control/build/px4_ros_com
[14.401s] Level 1:colcon.colcon_core.environment:create_environment_scripts_only(px4_ros_com)
[14.401s] DEBUG:colcon.colcon_core.event_handler.log_command:Invoked command in '/home/hamad/ws_offboard_control/build/px4_ros_com' returned '0': AMENT_PREFIX_PATH=/home/hamad/ws_offboard_control/install/px4_msgs:${AMENT_PREFIX_PATH} CMAKE_PREFIX_PATH=/home/hamad/ws_offboard_control/install/px4_msgs:/opt/ros/jazzy/opt/gz_sim_vendor:/opt/ros/jazzy/opt/gz_sensors_vendor:/opt/ros/jazzy/opt/gz_physics_vendor:/opt/ros/jazzy/opt/sdformat_vendor:/opt/ros/jazzy/opt/gz_gui_vendor:/opt/ros/jazzy/opt/gz_transport_vendor:/opt/ros/jazzy/opt/gz_rendering_vendor:/opt/ros/jazzy/opt/gz_plugin_vendor:/opt/ros/jazzy/opt/gz_fuel_tools_vendor:/opt/ros/jazzy/opt/gz_msgs_vendor:/opt/ros/jazzy/opt/gz_common_vendor:/opt/ros/jazzy/opt/gz_math_vendor:/opt/ros/jazzy/opt/gz_utils_vendor:/opt/ros/jazzy/opt/gz_tools_vendor:/opt/ros/jazzy/opt/gz_ogre_next_vendor:/opt/ros/jazzy/opt/gz_dartsim_vendor:/opt/ros/jazzy/opt/gz_cmake_vendor:/opt/ros/jazzy DEBUGINFOD_URLS=https://debuginfod.ubuntu.com LD_LIBRARY_PATH=/home/hamad/ws_offboard_control/install/px4_msgs/lib:${LD_LIBRARY_PATH} PS1=(.local) \[\e]0;\u@\h: \w\a\]${debian_chroot:+($debian_chroot)}\[\033[01;32m\]\u@\h\[\033[00m\]:\[\033[01;34m\]\w\[\033[00m\]\$ PYTHONPATH=/home/hamad/ws_offboard_control/install/px4_msgs/lib/python3.12/site-packages:${PYTHONPATH} VIRTUAL_ENV_PROMPT=(.local) /usr/bin/cmake --install /home/hamad/ws_offboard_control/build/px4_ros_com
[14.403s] Level 1:colcon.colcon_core.environment:checking '/home/hamad/ws_offboard_control/install/px4_ros_com' for CMake module files
[14.403s] Level 1:colcon.colcon_core.environment:checking '/home/hamad/ws_offboard_control/install/px4_ros_com' for CMake config files
[14.404s] Level 1:colcon.colcon_core.shell:create_environment_hook('px4_ros_com', 'cmake_prefix_path')
[14.404s] INFO:colcon.colcon_core.shell:Creating environment hook '/home/hamad/ws_offboard_control/install/px4_ros_com/share/px4_ros_com/hook/cmake_prefix_path.ps1'
[14.404s] INFO:colcon.colcon_core.shell:Creating environment descriptor '/home/hamad/ws_offboard_control/install/px4_ros_com/share/px4_ros_com/hook/cmake_prefix_path.dsv'
[14.404s] INFO:colcon.colcon_core.shell:Creating environment hook '/home/hamad/ws_offboard_control/install/px4_ros_com/share/px4_ros_com/hook/cmake_prefix_path.sh'
[14.405s] Level 1:colcon.colcon_core.environment:checking '/home/hamad/ws_offboard_control/install/px4_ros_com/lib'
[14.405s] Level 1:colcon.colcon_core.shell:create_environment_hook('px4_ros_com', 'ld_library_path_lib')
[14.405s] INFO:colcon.colcon_core.shell:Creating environment hook '/home/hamad/ws_offboard_control/install/px4_ros_com/share/px4_ros_com/hook/ld_library_path_lib.ps1'
[14.406s] INFO:colcon.colcon_core.shell:Creating environment descriptor '/home/hamad/ws_offboard_control/install/px4_ros_com/share/px4_ros_com/hook/ld_library_path_lib.dsv'
[14.406s] INFO:colcon.colcon_core.shell:Creating environment hook '/home/hamad/ws_offboard_control/install/px4_ros_com/share/px4_ros_com/hook/ld_library_path_lib.sh'
[14.406s] Level 1:colcon.colcon_core.environment:checking '/home/hamad/ws_offboard_control/install/px4_ros_com/bin'
[14.407s] Level 1:colcon.colcon_core.environment:checking '/home/hamad/ws_offboard_control/install/px4_ros_com/lib/pkgconfig/px4_ros_com.pc'
[14.407s] Level 1:colcon.colcon_core.environment:checking '/home/hamad/ws_offboard_control/install/px4_ros_com/lib/python3.12/site-packages'
[14.407s] Level 1:colcon.colcon_core.shell:create_environment_hook('px4_ros_com', 'pythonpath')
[14.407s] INFO:colcon.colcon_core.shell:Creating environment hook '/home/hamad/ws_offboard_control/install/px4_ros_com/share/px4_ros_com/hook/pythonpath.ps1'
[14.407s] INFO:colcon.colcon_core.shell:Creating environment descriptor '/home/hamad/ws_offboard_control/install/px4_ros_com/share/px4_ros_com/hook/pythonpath.dsv'
[14.408s] INFO:colcon.colcon_core.shell:Creating environment hook '/home/hamad/ws_offboard_control/install/px4_ros_com/share/px4_ros_com/hook/pythonpath.sh'
[14.408s] Level 1:colcon.colcon_core.environment:checking '/home/hamad/ws_offboard_control/install/px4_ros_com/bin'
[14.408s] INFO:colcon.colcon_core.shell:Creating package script '/home/hamad/ws_offboard_control/install/px4_ros_com/share/px4_ros_com/package.ps1'
[14.409s] INFO:colcon.colcon_core.shell:Creating package descriptor '/home/hamad/ws_offboard_control/install/px4_ros_com/share/px4_ros_com/package.dsv'
[14.409s] INFO:colcon.colcon_core.shell:Creating package script '/home/hamad/ws_offboard_control/install/px4_ros_com/share/px4_ros_com/package.sh'
[14.410s] INFO:colcon.colcon_core.shell:Creating package script '/home/hamad/ws_offboard_control/install/px4_ros_com/share/px4_ros_com/package.bash'
[14.411s] INFO:colcon.colcon_core.shell:Creating package script '/home/hamad/ws_offboard_control/install/px4_ros_com/share/px4_ros_com/package.zsh'
[14.411s] Level 1:colcon.colcon_core.environment:create_file_with_runtime_dependencies(/home/hamad/ws_offboard_control/install/px4_ros_com/share/colcon-core/packages/px4_ros_com)
[14.412s] Level 1:colcon.colcon_core.environment:create_environment_scripts_only(px4_ros_com)
[14.412s] Level 1:colcon.colcon_core.environment:checking '/home/hamad/ws_offboard_control/install/px4_ros_com' for CMake module files
[14.413s] Level 1:colcon.colcon_core.environment:checking '/home/hamad/ws_offboard_control/install/px4_ros_com' for CMake config files
[14.413s] Level 1:colcon.colcon_core.shell:create_environment_hook('px4_ros_com', 'cmake_prefix_path')
[14.414s] INFO:colcon.colcon_core.shell:Creating environment hook '/home/hamad/ws_offboard_control/install/px4_ros_com/share/px4_ros_com/hook/cmake_prefix_path.ps1'
[14.414s] INFO:colcon.colcon_core.shell:Creating environment descriptor '/home/hamad/ws_offboard_control/install/px4_ros_com/share/px4_ros_com/hook/cmake_prefix_path.dsv'
[14.414s] INFO:colcon.colcon_core.shell:Creating environment hook '/home/hamad/ws_offboard_control/install/px4_ros_com/share/px4_ros_com/hook/cmake_prefix_path.sh'
[14.415s] Level 1:colcon.colcon_core.environment:checking '/home/hamad/ws_offboard_control/install/px4_ros_com/lib'
[14.415s] Level 1:colcon.colcon_core.shell:create_environment_hook('px4_ros_com', 'ld_library_path_lib')
[14.415s] INFO:colcon.colcon_core.shell:Creating environment hook '/home/hamad/ws_offboard_control/install/px4_ros_com/share/px4_ros_com/hook/ld_library_path_lib.ps1'
[14.415s] INFO:colcon.colcon_core.shell:Creating environment descriptor '/home/hamad/ws_offboard_control/install/px4_ros_com/share/px4_ros_com/hook/ld_library_path_lib.dsv'
[14.415s] INFO:colcon.colcon_core.shell:Creating environment hook '/home/hamad/ws_offboard_control/install/px4_ros_com/share/px4_ros_com/hook/ld_library_path_lib.sh'
[14.416s] Level 1:colcon.colcon_core.environment:checking '/home/hamad/ws_offboard_control/install/px4_ros_com/bin'
[14.416s] Level 1:colcon.colcon_core.environment:checking '/home/hamad/ws_offboard_control/install/px4_ros_com/lib/pkgconfig/px4_ros_com.pc'
[14.416s] Level 1:colcon.colcon_core.environment:checking '/home/hamad/ws_offboard_control/install/px4_ros_com/lib/python3.12/site-packages'
[14.416s] Level 1:colcon.colcon_core.shell:create_environment_hook('px4_ros_com', 'pythonpath')
[14.416s] INFO:colcon.colcon_core.shell:Creating environment hook '/home/hamad/ws_offboard_control/install/px4_ros_com/share/px4_ros_com/hook/pythonpath.ps1'
[14.416s] INFO:colcon.colcon_core.shell:Creating environment descriptor '/home/hamad/ws_offboard_control/install/px4_ros_com/share/px4_ros_com/hook/pythonpath.dsv'
[14.417s] INFO:colcon.colcon_core.shell:Creating environment hook '/home/hamad/ws_offboard_control/install/px4_ros_com/share/px4_ros_com/hook/pythonpath.sh'
[14.417s] Level 1:colcon.colcon_core.environment:checking '/home/hamad/ws_offboard_control/install/px4_ros_com/bin'
[14.418s] INFO:colcon.colcon_core.shell:Creating package script '/home/hamad/ws_offboard_control/install/px4_ros_com/share/px4_ros_com/package.ps1'
[14.418s] INFO:colcon.colcon_core.shell:Creating package descriptor '/home/hamad/ws_offboard_control/install/px4_ros_com/share/px4_ros_com/package.dsv'
[14.418s] INFO:colcon.colcon_core.shell:Creating package script '/home/hamad/ws_offboard_control/install/px4_ros_com/share/px4_ros_com/package.sh'
[14.419s] INFO:colcon.colcon_core.shell:Creating package script '/home/hamad/ws_offboard_control/install/px4_ros_com/share/px4_ros_com/package.bash'
[14.419s] INFO:colcon.colcon_core.shell:Creating package script '/home/hamad/ws_offboard_control/install/px4_ros_com/share/px4_ros_com/package.zsh'
[14.419s] Level 1:colcon.colcon_core.environment:create_file_with_runtime_dependencies(/home/hamad/ws_offboard_control/install/px4_ros_com/share/colcon-core/packages/px4_ros_com)
[14.420s] DEBUG:colcon.colcon_parallel_executor.executor.parallel:closing loop
[14.420s] DEBUG:colcon.colcon_parallel_executor.executor.parallel:loop closed
[14.420s] DEBUG:colcon.colcon_parallel_executor.executor.parallel:run_until_complete finished with '0'
[14.420s] DEBUG:colcon.colcon_core.event_reactor:joining thread
[14.425s] INFO:colcon.colcon_core.plugin_system:Skipping extension 'colcon_notification.desktop_notification.terminal_notifier': Not used on non-Darwin systems
[14.425s] INFO:colcon.colcon_core.plugin_system:Skipping extension 'colcon_notification.desktop_notification.win32': Not used on non-Windows systems
[14.425s] INFO:colcon.colcon_notification.desktop_notification:Sending desktop notification using 'notify2'
[14.438s] DEBUG:colcon.colcon_core.event_reactor:joined thread
[14.438s] INFO:colcon.colcon_core.shell:Creating prefix script '/home/hamad/ws_offboard_control/install/local_setup.ps1'
[14.439s] INFO:colcon.colcon_core.shell:Creating prefix util module '/home/hamad/ws_offboard_control/install/_local_setup_util_ps1.py'
[14.440s] INFO:colcon.colcon_core.shell:Creating prefix chain script '/home/hamad/ws_offboard_control/install/setup.ps1'
[14.441s] INFO:colcon.colcon_core.shell:Creating prefix script '/home/hamad/ws_offboard_control/install/local_setup.sh'
[14.442s] INFO:colcon.colcon_core.shell:Creating prefix util module '/home/hamad/ws_offboard_control/install/_local_setup_util_sh.py'
[14.442s] INFO:colcon.colcon_core.shell:Creating prefix chain script '/home/hamad/ws_offboard_control/install/setup.sh'
[14.443s] INFO:colcon.colcon_core.shell:Creating prefix script '/home/hamad/ws_offboard_control/install/local_setup.bash'
[14.444s] INFO:colcon.colcon_core.shell:Creating prefix chain script '/home/hamad/ws_offboard_control/install/setup.bash'
[14.445s] INFO:colcon.colcon_core.shell:Creating prefix script '/home/hamad/ws_offboard_control/install/local_setup.zsh'
[14.445s] INFO:colcon.colcon_core.shell:Creating prefix chain script '/home/hamad/ws_offboard_control/install/setup.zsh'
