[0.005s] Invoking command in '/home/hamad/ws_offboard_control/build/px4_ros_com': AMENT_PREFIX_PATH=/home/hamad/ws_offboard_control/install/px4_msgs CMAKE_PREFIX_PATH=/home/hamad/ws_offboard_control/install/px4_msgs DEBUGINFOD_URLS=https://debuginfod.ubuntu.com LD_LIBRARY_PATH=/home/hamad/ws_offboard_control/install/px4_msgs/lib PS1=(.local) ${debian_chroot:+($debian_chroot)}\u@\h:\w\$ PYTHONPATH=/home/hamad/ws_offboard_control/install/px4_msgs/lib/python3.12/site-packages VIRTUAL_ENV_PROMPT=(.local) /usr/bin/cmake --build /home/hamad/ws_offboard_control/build/px4_ros_com -- -j8 -l8
[0.075s] [  0%] Built target ament_cmake_python_copy_px4_ros_com
[0.080s] [ 14%] Built target frame_transforms
[0.083s] [ 42%] Built target offboard_control
[0.083s] [ 42%] Built target offboard_control_srv
[0.084s] [ 57%] Built target vehicle_gps_position_listener
[0.084s] [ 71%] Built target sensor_combined_listener
[0.084s] [ 85%] Built target debug_vect_advertiser
[0.084s] [ 92%] Building CXX object CMakeFiles/multi_vehicle_offboard_control.dir/src/examples/offboard/multi_vehicle_offboard_control.cpp.o
[0.210s] running egg_info
[0.215s] writing px4_ros_com.egg-info/PKG-INFO
[0.215s] writing dependency_links to px4_ros_com.egg-info/dependency_links.txt
[0.215s] writing top-level names to px4_ros_com.egg-info/top_level.txt
[0.230s] reading manifest file 'px4_ros_com.egg-info/SOURCES.txt'
[0.231s] writing manifest file 'px4_ros_com.egg-info/SOURCES.txt'
[0.256s] [ 92%] Built target ament_cmake_python_build_px4_ros_com_egg
[12.611s] [100%] Linking CXX executable multi_vehicle_offboard_control
[13.189s] [100%] Built target multi_vehicle_offboard_control
[13.197s] Invoked command in '/home/hamad/ws_offboard_control/build/px4_ros_com' returned '0': AMENT_PREFIX_PATH=/home/hamad/ws_offboard_control/install/px4_msgs CMAKE_PREFIX_PATH=/home/hamad/ws_offboard_control/install/px4_msgs DEBUGINFOD_URLS=https://debuginfod.ubuntu.com LD_LIBRARY_PATH=/home/hamad/ws_offboard_control/install/px4_msgs/lib PS1=(.local) ${debian_chroot:+($debian_chroot)}\u@\h:\w\$ PYTHONPATH=/home/hamad/ws_offboard_control/install/px4_msgs/lib/python3.12/site-packages VIRTUAL_ENV_PROMPT=(.local) /usr/bin/cmake --build /home/hamad/ws_offboard_control/build/px4_ros_com -- -j8 -l8
[13.198s] Invoking command in '/home/hamad/ws_offboard_control/build/px4_ros_com': AMENT_PREFIX_PATH=/home/hamad/ws_offboard_control/install/px4_msgs CMAKE_PREFIX_PATH=/home/hamad/ws_offboard_control/install/px4_msgs DEBUGINFOD_URLS=https://debuginfod.ubuntu.com LD_LIBRARY_PATH=/home/hamad/ws_offboard_control/install/px4_msgs/lib PS1=(.local) ${debian_chroot:+($debian_chroot)}\u@\h:\w\$ PYTHONPATH=/home/hamad/ws_offboard_control/install/px4_msgs/lib/python3.12/site-packages VIRTUAL_ENV_PROMPT=(.local) /usr/bin/cmake --install /home/hamad/ws_offboard_control/build/px4_ros_com
[13.205s] -- Install configuration: ""
[13.205s] -- Up-to-date: /home/hamad/ws_offboard_control/install/px4_ros_com/lib/px4_ros_com/sensor_combined_listener
[13.205s] -- Up-to-date: /home/hamad/ws_offboard_control/install/px4_ros_com/lib/px4_ros_com/vehicle_gps_position_listener
[13.205s] -- Up-to-date: /home/hamad/ws_offboard_control/install/px4_ros_com/lib/px4_ros_com/debug_vect_advertiser
[13.206s] -- Up-to-date: /home/hamad/ws_offboard_control/install/px4_ros_com/lib/px4_ros_com/offboard_control
[13.206s] -- Up-to-date: /home/hamad/ws_offboard_control/install/px4_ros_com/lib/px4_ros_com/offboard_control_srv
[13.206s] -- Installing: /home/hamad/ws_offboard_control/install/px4_ros_com/lib/px4_ros_com/multi_vehicle_offboard_control
[13.216s] -- Set non-toolchain portion of runtime path of "/home/hamad/ws_offboard_control/install/px4_ros_com/lib/px4_ros_com/multi_vehicle_offboard_control" to ""
[13.216s] -- Up-to-date: /home/hamad/ws_offboard_control/install/px4_ros_com/share/px4_ros_com/environment/library_path.sh
[13.217s] -- Up-to-date: /home/hamad/ws_offboard_control/install/px4_ros_com/share/px4_ros_com/environment/library_path.dsv
[13.217s] -- Up-to-date: /home/hamad/ws_offboard_control/install/px4_ros_com/include/px4_ros_com
[13.217s] -- Up-to-date: /home/hamad/ws_offboard_control/install/px4_ros_com/include/px4_ros_com/frame_transforms.h
[13.217s] -- Up-to-date: /home/hamad/ws_offboard_control/install/px4_ros_com/lib/libframe_transforms.so
[13.217s] -- Up-to-date: /home/hamad/ws_offboard_control/install/px4_ros_com/share/px4_ros_com//launch
[13.217s] -- Up-to-date: /home/hamad/ws_offboard_control/install/px4_ros_com/share/px4_ros_com//launch/sensor_combined_listener.launch.py
[13.217s] -- Up-to-date: /home/hamad/ws_offboard_control/install/px4_ros_com/share/px4_ros_com//launch/offboard_control_launch.yaml
[13.217s] -- Up-to-date: /home/hamad/ws_offboard_control/install/px4_ros_com/share/px4_ros_com//test
[13.217s] -- Up-to-date: /home/hamad/ws_offboard_control/install/px4_ros_com/share/px4_ros_com//test/__init__.py
[13.217s] -- Up-to-date: /home/hamad/ws_offboard_control/install/px4_ros_com/share/px4_ros_com//test/test_input.py
[13.217s] -- Up-to-date: /home/hamad/ws_offboard_control/install/px4_ros_com/share/px4_ros_com//test/test_output.py
[13.218s] -- Up-to-date: /home/hamad/ws_offboard_control/install/px4_ros_com/share/px4_ros_com//test/pipeline_io_test.py
[13.218s] -- Up-to-date: /home/hamad/ws_offboard_control/install/px4_ros_com/share/px4_ros_com/environment/pythonpath.sh
[13.218s] -- Up-to-date: /home/hamad/ws_offboard_control/install/px4_ros_com/share/px4_ros_com/environment/pythonpath.dsv
[13.218s] -- Up-to-date: /home/hamad/ws_offboard_control/install/px4_ros_com/lib/python3.12/site-packages/px4_ros_com-0.1.0-py3.12.egg-info
[13.218s] -- Installing: /home/hamad/ws_offboard_control/install/px4_ros_com/lib/python3.12/site-packages/px4_ros_com-0.1.0-py3.12.egg-info/SOURCES.txt
[13.218s] -- Installing: /home/hamad/ws_offboard_control/install/px4_ros_com/lib/python3.12/site-packages/px4_ros_com-0.1.0-py3.12.egg-info/PKG-INFO
[13.218s] -- Installing: /home/hamad/ws_offboard_control/install/px4_ros_com/lib/python3.12/site-packages/px4_ros_com-0.1.0-py3.12.egg-info/dependency_links.txt
[13.218s] -- Installing: /home/hamad/ws_offboard_control/install/px4_ros_com/lib/python3.12/site-packages/px4_ros_com-0.1.0-py3.12.egg-info/top_level.txt
[13.218s] -- Up-to-date: /home/hamad/ws_offboard_control/install/px4_ros_com/lib/python3.12/site-packages/px4_ros_com
[13.218s] -- Up-to-date: /home/hamad/ws_offboard_control/install/px4_ros_com/lib/python3.12/site-packages/px4_ros_com/module_to_import.py
[13.218s] -- Up-to-date: /home/hamad/ws_offboard_control/install/px4_ros_com/lib/python3.12/site-packages/px4_ros_com/__init__.py
[13.245s] Listing '/home/hamad/ws_offboard_control/install/px4_ros_com/lib/python3.12/site-packages/px4_ros_com'...
[13.250s] -- Up-to-date: /home/hamad/ws_offboard_control/install/px4_ros_com/lib/px4_ros_com/offboard_control.py
[13.250s] -- Up-to-date: /home/hamad/ws_offboard_control/install/px4_ros_com/share/ament_index/resource_index/package_run_dependencies/px4_ros_com
[13.250s] -- Up-to-date: /home/hamad/ws_offboard_control/install/px4_ros_com/share/ament_index/resource_index/parent_prefix_path/px4_ros_com
[13.250s] -- Up-to-date: /home/hamad/ws_offboard_control/install/px4_ros_com/share/px4_ros_com/environment/ament_prefix_path.sh
[13.250s] -- Up-to-date: /home/hamad/ws_offboard_control/install/px4_ros_com/share/px4_ros_com/environment/ament_prefix_path.dsv
[13.250s] -- Up-to-date: /home/hamad/ws_offboard_control/install/px4_ros_com/share/px4_ros_com/environment/path.sh
[13.251s] -- Up-to-date: /home/hamad/ws_offboard_control/install/px4_ros_com/share/px4_ros_com/environment/path.dsv
[13.251s] -- Up-to-date: /home/hamad/ws_offboard_control/install/px4_ros_com/share/px4_ros_com/local_setup.bash
[13.251s] -- Up-to-date: /home/hamad/ws_offboard_control/install/px4_ros_com/share/px4_ros_com/local_setup.sh
[13.251s] -- Up-to-date: /home/hamad/ws_offboard_control/install/px4_ros_com/share/px4_ros_com/local_setup.zsh
[13.251s] -- Up-to-date: /home/hamad/ws_offboard_control/install/px4_ros_com/share/px4_ros_com/local_setup.dsv
[13.251s] -- Installing: /home/hamad/ws_offboard_control/install/px4_ros_com/share/px4_ros_com/package.dsv
[13.251s] -- Up-to-date: /home/hamad/ws_offboard_control/install/px4_ros_com/share/ament_index/resource_index/packages/px4_ros_com
[13.251s] -- Up-to-date: /home/hamad/ws_offboard_control/install/px4_ros_com/share/px4_ros_com/cmake/export_frame_transformsExport.cmake
[13.251s] -- Up-to-date: /home/hamad/ws_offboard_control/install/px4_ros_com/share/px4_ros_com/cmake/export_frame_transformsExport-noconfig.cmake
[13.252s] -- Up-to-date: /home/hamad/ws_offboard_control/install/px4_ros_com/share/px4_ros_com/cmake/ament_cmake_export_dependencies-extras.cmake
[13.252s] -- Up-to-date: /home/hamad/ws_offboard_control/install/px4_ros_com/share/px4_ros_com/cmake/ament_cmake_export_targets-extras.cmake
[13.252s] -- Up-to-date: /home/hamad/ws_offboard_control/install/px4_ros_com/share/px4_ros_com/cmake/ament_cmake_export_include_directories-extras.cmake
[13.252s] -- Up-to-date: /home/hamad/ws_offboard_control/install/px4_ros_com/share/px4_ros_com/cmake/ament_cmake_export_libraries-extras.cmake
[13.252s] -- Up-to-date: /home/hamad/ws_offboard_control/install/px4_ros_com/share/px4_ros_com/cmake/px4_ros_comConfig.cmake
[13.253s] -- Up-to-date: /home/hamad/ws_offboard_control/install/px4_ros_com/share/px4_ros_com/cmake/px4_ros_comConfig-version.cmake
[13.253s] -- Up-to-date: /home/hamad/ws_offboard_control/install/px4_ros_com/share/px4_ros_com/package.xml
[13.254s] Invoked command in '/home/hamad/ws_offboard_control/build/px4_ros_com' returned '0': AMENT_PREFIX_PATH=/home/hamad/ws_offboard_control/install/px4_msgs CMAKE_PREFIX_PATH=/home/hamad/ws_offboard_control/install/px4_msgs DEBUGINFOD_URLS=https://debuginfod.ubuntu.com LD_LIBRARY_PATH=/home/hamad/ws_offboard_control/install/px4_msgs/lib PS1=(.local) ${debian_chroot:+($debian_chroot)}\u@\h:\w\$ PYTHONPATH=/home/hamad/ws_offboard_control/install/px4_msgs/lib/python3.12/site-packages VIRTUAL_ENV_PROMPT=(.local) /usr/bin/cmake --install /home/hamad/ws_offboard_control/build/px4_ros_com
