[0.178s] DEBUG:colcon:Command line arguments: ['/usr/bin/colcon', 'build', '--packages-select', 'px4_msgs', 'px4_ros_com']
[0.179s] DEBUG:colcon:Parsed command line arguments: Namespace(log_base=None, log_level=None, verb_name='build', build_base='build', install_base='install', merge_install=False, symlink_install=False, test_result_base=None, continue_on_error=False, executor='parallel', parallel_workers=8, event_handlers=None, ignore_user_meta=False, metas=['./colcon.meta'], base_paths=['.'], packages_ignore=None, packages_ignore_regex=None, paths=None, packages_up_to=None, packages_up_to_regex=None, packages_above=None, packages_above_and_dependencies=None, packages_above_depth=None, packages_select_by_dep=None, packages_skip_by_dep=None, packages_skip_up_to=None, packages_select_build_failed=False, packages_skip_build_finished=False, packages_select_test_failures=False, packages_skip_test_passed=False, packages_select=['px4_msgs', 'px4_ros_com'], packages_skip=None, packages_select_regex=None, packages_skip_regex=None, packages_start=None, packages_end=None, allow_overriding=[], cmake_args=None, cmake_target=None, cmake_target_skip_unavailable=False, cmake_clean_cache=False, cmake_clean_first=False, cmake_force_configure=False, ament_cmake_args=None, catkin_cmake_args=None, catkin_skip_building_tests=False, mixin_files=None, mixin=None, verb_parser=<colcon_mixin.mixin.mixin_argument.MixinArgumentDecorator object at 0x739caa2af4a0>, verb_extension=<colcon_core.verb.build.BuildVerb object at 0x739caa2aeea0>, main=<bound method BuildVerb.main of <colcon_core.verb.build.BuildVerb object at 0x739caa2aeea0>>, mixin_verb=('build',))
[0.238s] Level 1:colcon.colcon_core.package_discovery:discover_packages(colcon_meta) check parameters
[0.238s] Level 1:colcon.colcon_core.package_discovery:discover_packages(recursive) check parameters
[0.238s] Level 1:colcon.colcon_core.package_discovery:discover_packages(ignore) check parameters
[0.238s] Level 1:colcon.colcon_core.package_discovery:discover_packages(path) check parameters
[0.238s] Level 1:colcon.colcon_core.package_discovery:discover_packages(colcon_meta) discover
[0.239s] Level 1:colcon.colcon_core.package_discovery:discover_packages(recursive) discover
[0.239s] INFO:colcon.colcon_core.package_discovery:Crawling recursively for packages in '/home/hamad/ws_offboard_control'
[0.239s] Level 1:colcon.colcon_core.package_identification:_identify(.) by extensions ['ignore', 'ignore_ament_install']
[0.239s] Level 1:colcon.colcon_core.package_identification:_identify(.) by extension 'ignore'
[0.239s] Level 1:colcon.colcon_core.package_identification:_identify(.) by extension 'ignore_ament_install'
[0.239s] Level 1:colcon.colcon_core.package_identification:_identify(.) by extensions ['colcon_pkg']
[0.239s] Level 1:colcon.colcon_core.package_identification:_identify(.) by extension 'colcon_pkg'
[0.239s] Level 1:colcon.colcon_core.package_identification:_identify(.) by extensions ['colcon_meta']
[0.239s] Level 1:colcon.colcon_core.package_identification:_identify(.) by extension 'colcon_meta'
[0.239s] Level 1:colcon.colcon_core.package_identification:_identify(.) by extensions ['ros']
[0.239s] Level 1:colcon.colcon_core.package_identification:_identify(.) by extension 'ros'
[0.280s] Level 1:colcon.colcon_core.package_identification:_identify(.) by extensions ['cmake', 'python']
[0.280s] Level 1:colcon.colcon_core.package_identification:_identify(.) by extension 'cmake'
[0.281s] Level 1:colcon.colcon_core.package_identification:_identify(.) by extension 'python'
[0.281s] Level 1:colcon.colcon_core.package_identification:_identify(.) by extensions ['python_setup_py']
[0.281s] Level 1:colcon.colcon_core.package_identification:_identify(.) by extension 'python_setup_py'
[0.281s] Level 1:colcon.colcon_core.package_identification:_identify(build) by extensions ['ignore', 'ignore_ament_install']
[0.281s] Level 1:colcon.colcon_core.package_identification:_identify(build) by extension 'ignore'
[0.281s] Level 1:colcon.colcon_core.package_identification:_identify(build) ignored
[0.281s] Level 1:colcon.colcon_core.package_identification:_identify(install) by extensions ['ignore', 'ignore_ament_install']
[0.281s] Level 1:colcon.colcon_core.package_identification:_identify(install) by extension 'ignore'
[0.281s] Level 1:colcon.colcon_core.package_identification:_identify(install) ignored
[0.281s] Level 1:colcon.colcon_core.package_identification:_identify(log) by extensions ['ignore', 'ignore_ament_install']
[0.282s] Level 1:colcon.colcon_core.package_identification:_identify(log) by extension 'ignore'
[0.282s] Level 1:colcon.colcon_core.package_identification:_identify(log) ignored
[0.282s] Level 1:colcon.colcon_core.package_identification:_identify(src) by extensions ['ignore', 'ignore_ament_install']
[0.282s] Level 1:colcon.colcon_core.package_identification:_identify(src) by extension 'ignore'
[0.282s] Level 1:colcon.colcon_core.package_identification:_identify(src) by extension 'ignore_ament_install'
[0.282s] Level 1:colcon.colcon_core.package_identification:_identify(src) by extensions ['colcon_pkg']
[0.282s] Level 1:colcon.colcon_core.package_identification:_identify(src) by extension 'colcon_pkg'
[0.282s] Level 1:colcon.colcon_core.package_identification:_identify(src) by extensions ['colcon_meta']
[0.282s] Level 1:colcon.colcon_core.package_identification:_identify(src) by extension 'colcon_meta'
[0.282s] Level 1:colcon.colcon_core.package_identification:_identify(src) by extensions ['ros']
[0.282s] Level 1:colcon.colcon_core.package_identification:_identify(src) by extension 'ros'
[0.282s] Level 1:colcon.colcon_core.package_identification:_identify(src) by extensions ['cmake', 'python']
[0.282s] Level 1:colcon.colcon_core.package_identification:_identify(src) by extension 'cmake'
[0.282s] Level 1:colcon.colcon_core.package_identification:_identify(src) by extension 'python'
[0.283s] Level 1:colcon.colcon_core.package_identification:_identify(src) by extensions ['python_setup_py']
[0.283s] Level 1:colcon.colcon_core.package_identification:_identify(src) by extension 'python_setup_py'
[0.283s] Level 1:colcon.colcon_core.package_identification:_identify(src/px4_msgs) by extensions ['ignore', 'ignore_ament_install']
[0.283s] Level 1:colcon.colcon_core.package_identification:_identify(src/px4_msgs) by extension 'ignore'
[0.283s] Level 1:colcon.colcon_core.package_identification:_identify(src/px4_msgs) by extension 'ignore_ament_install'
[0.283s] Level 1:colcon.colcon_core.package_identification:_identify(src/px4_msgs) by extensions ['colcon_pkg']
[0.283s] Level 1:colcon.colcon_core.package_identification:_identify(src/px4_msgs) by extension 'colcon_pkg'
[0.283s] Level 1:colcon.colcon_core.package_identification:_identify(src/px4_msgs) by extensions ['colcon_meta']
[0.283s] Level 1:colcon.colcon_core.package_identification:_identify(src/px4_msgs) by extension 'colcon_meta'
[0.283s] Level 1:colcon.colcon_core.package_identification:_identify(src/px4_msgs) by extensions ['ros']
[0.283s] Level 1:colcon.colcon_core.package_identification:_identify(src/px4_msgs) by extension 'ros'
[0.287s] DEBUG:colcon.colcon_core.package_identification:Package 'src/px4_msgs' with type 'ros.ament_cmake' and name 'px4_msgs'
[0.287s] Level 1:colcon.colcon_core.package_identification:_identify(src/px4_ros_com) by extensions ['ignore', 'ignore_ament_install']
[0.287s] Level 1:colcon.colcon_core.package_identification:_identify(src/px4_ros_com) by extension 'ignore'
[0.287s] Level 1:colcon.colcon_core.package_identification:_identify(src/px4_ros_com) by extension 'ignore_ament_install'
[0.287s] Level 1:colcon.colcon_core.package_identification:_identify(src/px4_ros_com) by extensions ['colcon_pkg']
[0.287s] Level 1:colcon.colcon_core.package_identification:_identify(src/px4_ros_com) by extension 'colcon_pkg'
[0.287s] Level 1:colcon.colcon_core.package_identification:_identify(src/px4_ros_com) by extensions ['colcon_meta']
[0.287s] Level 1:colcon.colcon_core.package_identification:_identify(src/px4_ros_com) by extension 'colcon_meta'
[0.287s] Level 1:colcon.colcon_core.package_identification:_identify(src/px4_ros_com) by extensions ['ros']
[0.288s] Level 1:colcon.colcon_core.package_identification:_identify(src/px4_ros_com) by extension 'ros'
[0.289s] DEBUG:colcon.colcon_core.package_identification:Package 'src/px4_ros_com' with type 'ros.ament_cmake' and name 'px4_ros_com'
[0.289s] Level 1:colcon.colcon_core.package_discovery:discover_packages(recursive) using defaults
[0.289s] Level 1:colcon.colcon_core.package_discovery:discover_packages(ignore) discover
[0.289s] Level 1:colcon.colcon_core.package_discovery:discover_packages(ignore) using defaults
[0.290s] Level 1:colcon.colcon_core.package_discovery:discover_packages(path) discover
[0.290s] Level 1:colcon.colcon_core.package_discovery:discover_packages(path) using defaults
[0.315s] Level 1:colcon.colcon_core.package_discovery:discover_packages(prefix_path) check parameters
[0.315s] Level 1:colcon.colcon_core.package_discovery:discover_packages(prefix_path) discover
[0.319s] DEBUG:colcon.colcon_installed_package_information.package_discovery:Found 346 installed packages in /opt/ros/jazzy
[0.322s] Level 1:colcon.colcon_core.package_discovery:discover_packages(prefix_path) using defaults
[0.400s] Level 5:colcon.colcon_core.verb:set package 'px4_msgs' build argument 'cmake_args' from command line to 'None'
[0.400s] Level 5:colcon.colcon_core.verb:set package 'px4_msgs' build argument 'cmake_target' from command line to 'None'
[0.400s] Level 5:colcon.colcon_core.verb:set package 'px4_msgs' build argument 'cmake_target_skip_unavailable' from command line to 'False'
[0.400s] Level 5:colcon.colcon_core.verb:set package 'px4_msgs' build argument 'cmake_clean_cache' from command line to 'False'
[0.400s] Level 5:colcon.colcon_core.verb:set package 'px4_msgs' build argument 'cmake_clean_first' from command line to 'False'
[0.400s] Level 5:colcon.colcon_core.verb:set package 'px4_msgs' build argument 'cmake_force_configure' from command line to 'False'
[0.400s] Level 5:colcon.colcon_core.verb:set package 'px4_msgs' build argument 'ament_cmake_args' from command line to 'None'
[0.400s] Level 5:colcon.colcon_core.verb:set package 'px4_msgs' build argument 'catkin_cmake_args' from command line to 'None'
[0.400s] Level 5:colcon.colcon_core.verb:set package 'px4_msgs' build argument 'catkin_skip_building_tests' from command line to 'False'
[0.400s] DEBUG:colcon.colcon_core.verb:Building package 'px4_msgs' with the following arguments: {'ament_cmake_args': None, 'build_base': '/home/hamad/ws_offboard_control/build/px4_msgs', 'catkin_cmake_args': None, 'catkin_skip_building_tests': False, 'cmake_args': None, 'cmake_clean_cache': False, 'cmake_clean_first': False, 'cmake_force_configure': False, 'cmake_target': None, 'cmake_target_skip_unavailable': False, 'install_base': '/home/hamad/ws_offboard_control/install/px4_msgs', 'merge_install': False, 'path': '/home/hamad/ws_offboard_control/src/px4_msgs', 'symlink_install': False, 'test_result_base': None}
[0.401s] Level 5:colcon.colcon_core.verb:set package 'px4_ros_com' build argument 'cmake_args' from command line to 'None'
[0.401s] Level 5:colcon.colcon_core.verb:set package 'px4_ros_com' build argument 'cmake_target' from command line to 'None'
[0.401s] Level 5:colcon.colcon_core.verb:set package 'px4_ros_com' build argument 'cmake_target_skip_unavailable' from command line to 'False'
[0.401s] Level 5:colcon.colcon_core.verb:set package 'px4_ros_com' build argument 'cmake_clean_cache' from command line to 'False'
[0.401s] Level 5:colcon.colcon_core.verb:set package 'px4_ros_com' build argument 'cmake_clean_first' from command line to 'False'
[0.401s] Level 5:colcon.colcon_core.verb:set package 'px4_ros_com' build argument 'cmake_force_configure' from command line to 'False'
[0.402s] Level 5:colcon.colcon_core.verb:set package 'px4_ros_com' build argument 'ament_cmake_args' from command line to 'None'
[0.402s] Level 5:colcon.colcon_core.verb:set package 'px4_ros_com' build argument 'catkin_cmake_args' from command line to 'None'
[0.402s] Level 5:colcon.colcon_core.verb:set package 'px4_ros_com' build argument 'catkin_skip_building_tests' from command line to 'False'
[0.402s] DEBUG:colcon.colcon_core.verb:Building package 'px4_ros_com' with the following arguments: {'ament_cmake_args': None, 'build_base': '/home/hamad/ws_offboard_control/build/px4_ros_com', 'catkin_cmake_args': None, 'catkin_skip_building_tests': False, 'cmake_args': None, 'cmake_clean_cache': False, 'cmake_clean_first': False, 'cmake_force_configure': False, 'cmake_target': None, 'cmake_target_skip_unavailable': False, 'install_base': '/home/hamad/ws_offboard_control/install/px4_ros_com', 'merge_install': False, 'path': '/home/hamad/ws_offboard_control/src/px4_ros_com', 'symlink_install': False, 'test_result_base': None}
[0.402s] INFO:colcon.colcon_core.executor:Executing jobs using 'parallel' executor
[0.403s] DEBUG:colcon.colcon_parallel_executor.executor.parallel:run_until_complete
[0.404s] INFO:colcon.colcon_ros.task.ament_cmake.build:Building ROS package in '/home/hamad/ws_offboard_control/src/px4_msgs' with build type 'ament_cmake'
[0.404s] INFO:colcon.colcon_cmake.task.cmake.build:Building CMake package in '/home/hamad/ws_offboard_control/src/px4_msgs'
[0.408s] INFO:colcon.colcon_core.plugin_system:Skipping extension 'colcon_core.shell.bat': Not used on non-Windows systems
[0.408s] INFO:colcon.colcon_core.shell:Skip shell extension 'powershell' for command environment: Not usable outside of PowerShell
[0.408s] DEBUG:colcon.colcon_core.shell:Skip shell extension 'dsv' for command environment
[0.419s] DEBUG:colcon.colcon_core.event_handler.log_command:Invoking command in '/home/hamad/ws_offboard_control/build/px4_msgs': CMAKE_PREFIX_PATH=${CMAKE_PREFIX_PATH}:/opt/ros/jazzy DEBUGINFOD_URLS=https://debuginfod.ubuntu.com PS1=(.local) ${debian_chroot:+($debian_chroot)}\u@\h:\w\$ VIRTUAL_ENV_PROMPT=(.local) /usr/bin/cmake --build /home/hamad/ws_offboard_control/build/px4_msgs -- -j8 -l8
[406.864s] DEBUG:colcon.colcon_core.event_handler.log_command:Invoked command in '/home/hamad/ws_offboard_control/build/px4_msgs' returned '0': CMAKE_PREFIX_PATH=${CMAKE_PREFIX_PATH}:/opt/ros/jazzy DEBUGINFOD_URLS=https://debuginfod.ubuntu.com PS1=(.local) ${debian_chroot:+($debian_chroot)}\u@\h:\w\$ VIRTUAL_ENV_PROMPT=(.local) /usr/bin/cmake --build /home/hamad/ws_offboard_control/build/px4_msgs -- -j8 -l8
[406.875s] DEBUG:colcon.colcon_core.event_handler.log_command:Invoking command in '/home/hamad/ws_offboard_control/build/px4_msgs': CMAKE_PREFIX_PATH=${CMAKE_PREFIX_PATH}:/opt/ros/jazzy DEBUGINFOD_URLS=https://debuginfod.ubuntu.com PS1=(.local) ${debian_chroot:+($debian_chroot)}\u@\h:\w\$ VIRTUAL_ENV_PROMPT=(.local) /usr/bin/cmake --install /home/hamad/ws_offboard_control/build/px4_msgs
[408.112s] Level 1:colcon.colcon_core.environment:create_environment_scripts_only(px4_msgs)
[408.112s] DEBUG:colcon.colcon_core.event_handler.log_command:Invoked command in '/home/hamad/ws_offboard_control/build/px4_msgs' returned '0': CMAKE_PREFIX_PATH=${CMAKE_PREFIX_PATH}:/opt/ros/jazzy DEBUGINFOD_URLS=https://debuginfod.ubuntu.com PS1=(.local) ${debian_chroot:+($debian_chroot)}\u@\h:\w\$ VIRTUAL_ENV_PROMPT=(.local) /usr/bin/cmake --install /home/hamad/ws_offboard_control/build/px4_msgs
[408.114s] Level 1:colcon.colcon_core.environment:checking '/home/hamad/ws_offboard_control/install/px4_msgs' for CMake module files
[408.115s] Level 1:colcon.colcon_core.environment:checking '/home/hamad/ws_offboard_control/install/px4_msgs' for CMake config files
[408.117s] Level 1:colcon.colcon_core.shell:create_environment_hook('px4_msgs', 'cmake_prefix_path')
[408.118s] INFO:colcon.colcon_core.shell:Creating environment hook '/home/hamad/ws_offboard_control/install/px4_msgs/share/px4_msgs/hook/cmake_prefix_path.ps1'
[408.118s] INFO:colcon.colcon_core.shell:Creating environment descriptor '/home/hamad/ws_offboard_control/install/px4_msgs/share/px4_msgs/hook/cmake_prefix_path.dsv'
[408.119s] INFO:colcon.colcon_core.shell:Creating environment hook '/home/hamad/ws_offboard_control/install/px4_msgs/share/px4_msgs/hook/cmake_prefix_path.sh'
[408.119s] Level 1:colcon.colcon_core.environment:checking '/home/hamad/ws_offboard_control/install/px4_msgs/lib'
[408.120s] Level 1:colcon.colcon_core.shell:create_environment_hook('px4_msgs', 'ld_library_path_lib')
[408.120s] INFO:colcon.colcon_core.shell:Creating environment hook '/home/hamad/ws_offboard_control/install/px4_msgs/share/px4_msgs/hook/ld_library_path_lib.ps1'
[408.120s] INFO:colcon.colcon_core.shell:Creating environment descriptor '/home/hamad/ws_offboard_control/install/px4_msgs/share/px4_msgs/hook/ld_library_path_lib.dsv'
[408.120s] INFO:colcon.colcon_core.shell:Creating environment hook '/home/hamad/ws_offboard_control/install/px4_msgs/share/px4_msgs/hook/ld_library_path_lib.sh'
[408.121s] Level 1:colcon.colcon_core.environment:checking '/home/hamad/ws_offboard_control/install/px4_msgs/bin'
[408.121s] Level 1:colcon.colcon_core.environment:checking '/home/hamad/ws_offboard_control/install/px4_msgs/lib/pkgconfig/px4_msgs.pc'
[408.121s] Level 1:colcon.colcon_core.environment:checking '/home/hamad/ws_offboard_control/install/px4_msgs/lib/python3.12/site-packages'
[408.121s] Level 1:colcon.colcon_core.shell:create_environment_hook('px4_msgs', 'pythonpath')
[408.121s] INFO:colcon.colcon_core.shell:Creating environment hook '/home/hamad/ws_offboard_control/install/px4_msgs/share/px4_msgs/hook/pythonpath.ps1'
[408.121s] INFO:colcon.colcon_core.shell:Creating environment descriptor '/home/hamad/ws_offboard_control/install/px4_msgs/share/px4_msgs/hook/pythonpath.dsv'
[408.122s] INFO:colcon.colcon_core.shell:Creating environment hook '/home/hamad/ws_offboard_control/install/px4_msgs/share/px4_msgs/hook/pythonpath.sh'
[408.122s] Level 1:colcon.colcon_core.environment:checking '/home/hamad/ws_offboard_control/install/px4_msgs/bin'
[408.122s] INFO:colcon.colcon_core.shell:Creating package script '/home/hamad/ws_offboard_control/install/px4_msgs/share/px4_msgs/package.ps1'
[408.123s] INFO:colcon.colcon_core.shell:Creating package descriptor '/home/hamad/ws_offboard_control/install/px4_msgs/share/px4_msgs/package.dsv'
[408.123s] INFO:colcon.colcon_core.shell:Creating package script '/home/hamad/ws_offboard_control/install/px4_msgs/share/px4_msgs/package.sh'
[408.124s] INFO:colcon.colcon_core.shell:Creating package script '/home/hamad/ws_offboard_control/install/px4_msgs/share/px4_msgs/package.bash'
[408.124s] INFO:colcon.colcon_core.shell:Creating package script '/home/hamad/ws_offboard_control/install/px4_msgs/share/px4_msgs/package.zsh'
[408.125s] Level 1:colcon.colcon_core.environment:create_file_with_runtime_dependencies(/home/hamad/ws_offboard_control/install/px4_msgs/share/colcon-core/packages/px4_msgs)
[408.125s] Level 1:colcon.colcon_core.environment:create_environment_scripts_only(px4_msgs)
[408.125s] Level 1:colcon.colcon_core.environment:checking '/home/hamad/ws_offboard_control/install/px4_msgs' for CMake module files
[408.126s] Level 1:colcon.colcon_core.environment:checking '/home/hamad/ws_offboard_control/install/px4_msgs' for CMake config files
[408.127s] Level 1:colcon.colcon_core.shell:create_environment_hook('px4_msgs', 'cmake_prefix_path')
[408.127s] INFO:colcon.colcon_core.shell:Creating environment hook '/home/hamad/ws_offboard_control/install/px4_msgs/share/px4_msgs/hook/cmake_prefix_path.ps1'
[408.127s] INFO:colcon.colcon_core.shell:Creating environment descriptor '/home/hamad/ws_offboard_control/install/px4_msgs/share/px4_msgs/hook/cmake_prefix_path.dsv'
[408.128s] INFO:colcon.colcon_core.shell:Creating environment hook '/home/hamad/ws_offboard_control/install/px4_msgs/share/px4_msgs/hook/cmake_prefix_path.sh'
[408.128s] Level 1:colcon.colcon_core.environment:checking '/home/hamad/ws_offboard_control/install/px4_msgs/lib'
[408.128s] Level 1:colcon.colcon_core.shell:create_environment_hook('px4_msgs', 'ld_library_path_lib')
[408.128s] INFO:colcon.colcon_core.shell:Creating environment hook '/home/hamad/ws_offboard_control/install/px4_msgs/share/px4_msgs/hook/ld_library_path_lib.ps1'
[408.128s] INFO:colcon.colcon_core.shell:Creating environment descriptor '/home/hamad/ws_offboard_control/install/px4_msgs/share/px4_msgs/hook/ld_library_path_lib.dsv'
[408.129s] INFO:colcon.colcon_core.shell:Creating environment hook '/home/hamad/ws_offboard_control/install/px4_msgs/share/px4_msgs/hook/ld_library_path_lib.sh'
[408.129s] Level 1:colcon.colcon_core.environment:checking '/home/hamad/ws_offboard_control/install/px4_msgs/bin'
[408.129s] Level 1:colcon.colcon_core.environment:checking '/home/hamad/ws_offboard_control/install/px4_msgs/lib/pkgconfig/px4_msgs.pc'
[408.129s] Level 1:colcon.colcon_core.environment:checking '/home/hamad/ws_offboard_control/install/px4_msgs/lib/python3.12/site-packages'
[408.129s] Level 1:colcon.colcon_core.shell:create_environment_hook('px4_msgs', 'pythonpath')
[408.129s] INFO:colcon.colcon_core.shell:Creating environment hook '/home/hamad/ws_offboard_control/install/px4_msgs/share/px4_msgs/hook/pythonpath.ps1'
[408.130s] INFO:colcon.colcon_core.shell:Creating environment descriptor '/home/hamad/ws_offboard_control/install/px4_msgs/share/px4_msgs/hook/pythonpath.dsv'
[408.130s] INFO:colcon.colcon_core.shell:Creating environment hook '/home/hamad/ws_offboard_control/install/px4_msgs/share/px4_msgs/hook/pythonpath.sh'
[408.131s] Level 1:colcon.colcon_core.environment:checking '/home/hamad/ws_offboard_control/install/px4_msgs/bin'
[408.131s] INFO:colcon.colcon_core.shell:Creating package script '/home/hamad/ws_offboard_control/install/px4_msgs/share/px4_msgs/package.ps1'
[408.131s] INFO:colcon.colcon_core.shell:Creating package descriptor '/home/hamad/ws_offboard_control/install/px4_msgs/share/px4_msgs/package.dsv'
[408.132s] INFO:colcon.colcon_core.shell:Creating package script '/home/hamad/ws_offboard_control/install/px4_msgs/share/px4_msgs/package.sh'
[408.132s] INFO:colcon.colcon_core.shell:Creating package script '/home/hamad/ws_offboard_control/install/px4_msgs/share/px4_msgs/package.bash'
[408.132s] INFO:colcon.colcon_core.shell:Creating package script '/home/hamad/ws_offboard_control/install/px4_msgs/share/px4_msgs/package.zsh'
[408.133s] Level 1:colcon.colcon_core.environment:create_file_with_runtime_dependencies(/home/hamad/ws_offboard_control/install/px4_msgs/share/colcon-core/packages/px4_msgs)
[408.133s] INFO:colcon.colcon_ros.task.ament_cmake.build:Building ROS package in '/home/hamad/ws_offboard_control/src/px4_ros_com' with build type 'ament_cmake'
[408.133s] INFO:colcon.colcon_cmake.task.cmake.build:Building CMake package in '/home/hamad/ws_offboard_control/src/px4_ros_com'
[408.133s] INFO:colcon.colcon_core.shell:Skip shell extension 'powershell' for command environment: Not usable outside of PowerShell
[408.133s] DEBUG:colcon.colcon_core.shell:Skip shell extension 'dsv' for command environment
[408.142s] DEBUG:colcon.colcon_core.event_handler.log_command:Invoking command in '/home/hamad/ws_offboard_control/build/px4_ros_com': AMENT_PREFIX_PATH=/home/hamad/ws_offboard_control/install/px4_msgs:${AMENT_PREFIX_PATH} CMAKE_PREFIX_PATH=/home/hamad/ws_offboard_control/install/px4_msgs:/opt/ros/jazzy/opt/gz_sim_vendor:/opt/ros/jazzy/opt/gz_sensors_vendor:/opt/ros/jazzy/opt/gz_physics_vendor:/opt/ros/jazzy/opt/sdformat_vendor:/opt/ros/jazzy/opt/gz_gui_vendor:/opt/ros/jazzy/opt/gz_transport_vendor:/opt/ros/jazzy/opt/gz_rendering_vendor:/opt/ros/jazzy/opt/gz_plugin_vendor:/opt/ros/jazzy/opt/gz_fuel_tools_vendor:/opt/ros/jazzy/opt/gz_msgs_vendor:/opt/ros/jazzy/opt/gz_common_vendor:/opt/ros/jazzy/opt/gz_math_vendor:/opt/ros/jazzy/opt/gz_utils_vendor:/opt/ros/jazzy/opt/gz_tools_vendor:/opt/ros/jazzy/opt/gz_ogre_next_vendor:/opt/ros/jazzy/opt/gz_dartsim_vendor:/opt/ros/jazzy/opt/gz_cmake_vendor:/opt/ros/jazzy DEBUGINFOD_URLS=https://debuginfod.ubuntu.com LD_LIBRARY_PATH=/home/hamad/ws_offboard_control/install/px4_msgs/lib:${LD_LIBRARY_PATH} PS1=(.local) ${debian_chroot:+($debian_chroot)}\u@\h:\w\$ PYTHONPATH=/home/hamad/ws_offboard_control/install/px4_msgs/lib/python3.12/site-packages:${PYTHONPATH} VIRTUAL_ENV_PROMPT=(.local) /usr/bin/cmake /home/hamad/ws_offboard_control/src/px4_ros_com -DCMAKE_INSTALL_PREFIX=/home/hamad/ws_offboard_control/install/px4_ros_com
[409.457s] DEBUG:colcon.colcon_core.event_handler.log_command:Invoked command in '/home/hamad/ws_offboard_control/build/px4_ros_com' returned '0': AMENT_PREFIX_PATH=/home/hamad/ws_offboard_control/install/px4_msgs:${AMENT_PREFIX_PATH} CMAKE_PREFIX_PATH=/home/hamad/ws_offboard_control/install/px4_msgs:/opt/ros/jazzy/opt/gz_sim_vendor:/opt/ros/jazzy/opt/gz_sensors_vendor:/opt/ros/jazzy/opt/gz_physics_vendor:/opt/ros/jazzy/opt/sdformat_vendor:/opt/ros/jazzy/opt/gz_gui_vendor:/opt/ros/jazzy/opt/gz_transport_vendor:/opt/ros/jazzy/opt/gz_rendering_vendor:/opt/ros/jazzy/opt/gz_plugin_vendor:/opt/ros/jazzy/opt/gz_fuel_tools_vendor:/opt/ros/jazzy/opt/gz_msgs_vendor:/opt/ros/jazzy/opt/gz_common_vendor:/opt/ros/jazzy/opt/gz_math_vendor:/opt/ros/jazzy/opt/gz_utils_vendor:/opt/ros/jazzy/opt/gz_tools_vendor:/opt/ros/jazzy/opt/gz_ogre_next_vendor:/opt/ros/jazzy/opt/gz_dartsim_vendor:/opt/ros/jazzy/opt/gz_cmake_vendor:/opt/ros/jazzy DEBUGINFOD_URLS=https://debuginfod.ubuntu.com LD_LIBRARY_PATH=/home/hamad/ws_offboard_control/install/px4_msgs/lib:${LD_LIBRARY_PATH} PS1=(.local) ${debian_chroot:+($debian_chroot)}\u@\h:\w\$ PYTHONPATH=/home/hamad/ws_offboard_control/install/px4_msgs/lib/python3.12/site-packages:${PYTHONPATH} VIRTUAL_ENV_PROMPT=(.local) /usr/bin/cmake /home/hamad/ws_offboard_control/src/px4_ros_com -DCMAKE_INSTALL_PREFIX=/home/hamad/ws_offboard_control/install/px4_ros_com
[409.458s] DEBUG:colcon.colcon_core.event_handler.log_command:Invoking command in '/home/hamad/ws_offboard_control/build/px4_ros_com': AMENT_PREFIX_PATH=/home/hamad/ws_offboard_control/install/px4_msgs:${AMENT_PREFIX_PATH} CMAKE_PREFIX_PATH=/home/hamad/ws_offboard_control/install/px4_msgs:/opt/ros/jazzy/opt/gz_sim_vendor:/opt/ros/jazzy/opt/gz_sensors_vendor:/opt/ros/jazzy/opt/gz_physics_vendor:/opt/ros/jazzy/opt/sdformat_vendor:/opt/ros/jazzy/opt/gz_gui_vendor:/opt/ros/jazzy/opt/gz_transport_vendor:/opt/ros/jazzy/opt/gz_rendering_vendor:/opt/ros/jazzy/opt/gz_plugin_vendor:/opt/ros/jazzy/opt/gz_fuel_tools_vendor:/opt/ros/jazzy/opt/gz_msgs_vendor:/opt/ros/jazzy/opt/gz_common_vendor:/opt/ros/jazzy/opt/gz_math_vendor:/opt/ros/jazzy/opt/gz_utils_vendor:/opt/ros/jazzy/opt/gz_tools_vendor:/opt/ros/jazzy/opt/gz_ogre_next_vendor:/opt/ros/jazzy/opt/gz_dartsim_vendor:/opt/ros/jazzy/opt/gz_cmake_vendor:/opt/ros/jazzy DEBUGINFOD_URLS=https://debuginfod.ubuntu.com LD_LIBRARY_PATH=/home/hamad/ws_offboard_control/install/px4_msgs/lib:${LD_LIBRARY_PATH} PS1=(.local) ${debian_chroot:+($debian_chroot)}\u@\h:\w\$ PYTHONPATH=/home/hamad/ws_offboard_control/install/px4_msgs/lib/python3.12/site-packages:${PYTHONPATH} VIRTUAL_ENV_PROMPT=(.local) /usr/bin/cmake --build /home/hamad/ws_offboard_control/build/px4_ros_com -- -j8 -l8
[425.715s] DEBUG:colcon.colcon_core.event_handler.log_command:Invoked command in '/home/hamad/ws_offboard_control/build/px4_ros_com' returned '0': AMENT_PREFIX_PATH=/home/hamad/ws_offboard_control/install/px4_msgs:${AMENT_PREFIX_PATH} CMAKE_PREFIX_PATH=/home/hamad/ws_offboard_control/install/px4_msgs:/opt/ros/jazzy/opt/gz_sim_vendor:/opt/ros/jazzy/opt/gz_sensors_vendor:/opt/ros/jazzy/opt/gz_physics_vendor:/opt/ros/jazzy/opt/sdformat_vendor:/opt/ros/jazzy/opt/gz_gui_vendor:/opt/ros/jazzy/opt/gz_transport_vendor:/opt/ros/jazzy/opt/gz_rendering_vendor:/opt/ros/jazzy/opt/gz_plugin_vendor:/opt/ros/jazzy/opt/gz_fuel_tools_vendor:/opt/ros/jazzy/opt/gz_msgs_vendor:/opt/ros/jazzy/opt/gz_common_vendor:/opt/ros/jazzy/opt/gz_math_vendor:/opt/ros/jazzy/opt/gz_utils_vendor:/opt/ros/jazzy/opt/gz_tools_vendor:/opt/ros/jazzy/opt/gz_ogre_next_vendor:/opt/ros/jazzy/opt/gz_dartsim_vendor:/opt/ros/jazzy/opt/gz_cmake_vendor:/opt/ros/jazzy DEBUGINFOD_URLS=https://debuginfod.ubuntu.com LD_LIBRARY_PATH=/home/hamad/ws_offboard_control/install/px4_msgs/lib:${LD_LIBRARY_PATH} PS1=(.local) ${debian_chroot:+($debian_chroot)}\u@\h:\w\$ PYTHONPATH=/home/hamad/ws_offboard_control/install/px4_msgs/lib/python3.12/site-packages:${PYTHONPATH} VIRTUAL_ENV_PROMPT=(.local) /usr/bin/cmake --build /home/hamad/ws_offboard_control/build/px4_ros_com -- -j8 -l8
[425.716s] DEBUG:colcon.colcon_core.event_handler.log_command:Invoking command in '/home/hamad/ws_offboard_control/build/px4_ros_com': AMENT_PREFIX_PATH=/home/hamad/ws_offboard_control/install/px4_msgs:${AMENT_PREFIX_PATH} CMAKE_PREFIX_PATH=/home/hamad/ws_offboard_control/install/px4_msgs:/opt/ros/jazzy/opt/gz_sim_vendor:/opt/ros/jazzy/opt/gz_sensors_vendor:/opt/ros/jazzy/opt/gz_physics_vendor:/opt/ros/jazzy/opt/sdformat_vendor:/opt/ros/jazzy/opt/gz_gui_vendor:/opt/ros/jazzy/opt/gz_transport_vendor:/opt/ros/jazzy/opt/gz_rendering_vendor:/opt/ros/jazzy/opt/gz_plugin_vendor:/opt/ros/jazzy/opt/gz_fuel_tools_vendor:/opt/ros/jazzy/opt/gz_msgs_vendor:/opt/ros/jazzy/opt/gz_common_vendor:/opt/ros/jazzy/opt/gz_math_vendor:/opt/ros/jazzy/opt/gz_utils_vendor:/opt/ros/jazzy/opt/gz_tools_vendor:/opt/ros/jazzy/opt/gz_ogre_next_vendor:/opt/ros/jazzy/opt/gz_dartsim_vendor:/opt/ros/jazzy/opt/gz_cmake_vendor:/opt/ros/jazzy DEBUGINFOD_URLS=https://debuginfod.ubuntu.com LD_LIBRARY_PATH=/home/hamad/ws_offboard_control/install/px4_msgs/lib:${LD_LIBRARY_PATH} PS1=(.local) ${debian_chroot:+($debian_chroot)}\u@\h:\w\$ PYTHONPATH=/home/hamad/ws_offboard_control/install/px4_msgs/lib/python3.12/site-packages:${PYTHONPATH} VIRTUAL_ENV_PROMPT=(.local) /usr/bin/cmake --install /home/hamad/ws_offboard_control/build/px4_ros_com
[425.784s] Level 1:colcon.colcon_core.environment:create_environment_scripts_only(px4_ros_com)
[425.784s] Level 1:colcon.colcon_core.environment:checking '/home/hamad/ws_offboard_control/install/px4_ros_com' for CMake module files
[425.785s] DEBUG:colcon.colcon_core.event_handler.log_command:Invoked command in '/home/hamad/ws_offboard_control/build/px4_ros_com' returned '0': AMENT_PREFIX_PATH=/home/hamad/ws_offboard_control/install/px4_msgs:${AMENT_PREFIX_PATH} CMAKE_PREFIX_PATH=/home/hamad/ws_offboard_control/install/px4_msgs:/opt/ros/jazzy/opt/gz_sim_vendor:/opt/ros/jazzy/opt/gz_sensors_vendor:/opt/ros/jazzy/opt/gz_physics_vendor:/opt/ros/jazzy/opt/sdformat_vendor:/opt/ros/jazzy/opt/gz_gui_vendor:/opt/ros/jazzy/opt/gz_transport_vendor:/opt/ros/jazzy/opt/gz_rendering_vendor:/opt/ros/jazzy/opt/gz_plugin_vendor:/opt/ros/jazzy/opt/gz_fuel_tools_vendor:/opt/ros/jazzy/opt/gz_msgs_vendor:/opt/ros/jazzy/opt/gz_common_vendor:/opt/ros/jazzy/opt/gz_math_vendor:/opt/ros/jazzy/opt/gz_utils_vendor:/opt/ros/jazzy/opt/gz_tools_vendor:/opt/ros/jazzy/opt/gz_ogre_next_vendor:/opt/ros/jazzy/opt/gz_dartsim_vendor:/opt/ros/jazzy/opt/gz_cmake_vendor:/opt/ros/jazzy DEBUGINFOD_URLS=https://debuginfod.ubuntu.com LD_LIBRARY_PATH=/home/hamad/ws_offboard_control/install/px4_msgs/lib:${LD_LIBRARY_PATH} PS1=(.local) ${debian_chroot:+($debian_chroot)}\u@\h:\w\$ PYTHONPATH=/home/hamad/ws_offboard_control/install/px4_msgs/lib/python3.12/site-packages:${PYTHONPATH} VIRTUAL_ENV_PROMPT=(.local) /usr/bin/cmake --install /home/hamad/ws_offboard_control/build/px4_ros_com
[425.786s] Level 1:colcon.colcon_core.environment:checking '/home/hamad/ws_offboard_control/install/px4_ros_com' for CMake config files
[425.786s] Level 1:colcon.colcon_core.shell:create_environment_hook('px4_ros_com', 'cmake_prefix_path')
[425.786s] INFO:colcon.colcon_core.shell:Creating environment hook '/home/hamad/ws_offboard_control/install/px4_ros_com/share/px4_ros_com/hook/cmake_prefix_path.ps1'
[425.787s] INFO:colcon.colcon_core.shell:Creating environment descriptor '/home/hamad/ws_offboard_control/install/px4_ros_com/share/px4_ros_com/hook/cmake_prefix_path.dsv'
[425.787s] INFO:colcon.colcon_core.shell:Creating environment hook '/home/hamad/ws_offboard_control/install/px4_ros_com/share/px4_ros_com/hook/cmake_prefix_path.sh'
[425.788s] Level 1:colcon.colcon_core.environment:checking '/home/hamad/ws_offboard_control/install/px4_ros_com/lib'
[425.788s] Level 1:colcon.colcon_core.shell:create_environment_hook('px4_ros_com', 'ld_library_path_lib')
[425.788s] INFO:colcon.colcon_core.shell:Creating environment hook '/home/hamad/ws_offboard_control/install/px4_ros_com/share/px4_ros_com/hook/ld_library_path_lib.ps1'
[425.788s] INFO:colcon.colcon_core.shell:Creating environment descriptor '/home/hamad/ws_offboard_control/install/px4_ros_com/share/px4_ros_com/hook/ld_library_path_lib.dsv'
[425.788s] INFO:colcon.colcon_core.shell:Creating environment hook '/home/hamad/ws_offboard_control/install/px4_ros_com/share/px4_ros_com/hook/ld_library_path_lib.sh'
[425.789s] Level 1:colcon.colcon_core.environment:checking '/home/hamad/ws_offboard_control/install/px4_ros_com/bin'
[425.789s] Level 1:colcon.colcon_core.environment:checking '/home/hamad/ws_offboard_control/install/px4_ros_com/lib/pkgconfig/px4_ros_com.pc'
[425.789s] Level 1:colcon.colcon_core.environment:checking '/home/hamad/ws_offboard_control/install/px4_ros_com/lib/python3.12/site-packages'
[425.789s] Level 1:colcon.colcon_core.shell:create_environment_hook('px4_ros_com', 'pythonpath')
[425.790s] INFO:colcon.colcon_core.shell:Creating environment hook '/home/hamad/ws_offboard_control/install/px4_ros_com/share/px4_ros_com/hook/pythonpath.ps1'
[425.790s] INFO:colcon.colcon_core.shell:Creating environment descriptor '/home/hamad/ws_offboard_control/install/px4_ros_com/share/px4_ros_com/hook/pythonpath.dsv'
[425.790s] INFO:colcon.colcon_core.shell:Creating environment hook '/home/hamad/ws_offboard_control/install/px4_ros_com/share/px4_ros_com/hook/pythonpath.sh'
[425.791s] Level 1:colcon.colcon_core.environment:checking '/home/hamad/ws_offboard_control/install/px4_ros_com/bin'
[425.791s] INFO:colcon.colcon_core.shell:Creating package script '/home/hamad/ws_offboard_control/install/px4_ros_com/share/px4_ros_com/package.ps1'
[425.791s] INFO:colcon.colcon_core.shell:Creating package descriptor '/home/hamad/ws_offboard_control/install/px4_ros_com/share/px4_ros_com/package.dsv'
[425.792s] INFO:colcon.colcon_core.shell:Creating package script '/home/hamad/ws_offboard_control/install/px4_ros_com/share/px4_ros_com/package.sh'
[425.792s] INFO:colcon.colcon_core.shell:Creating package script '/home/hamad/ws_offboard_control/install/px4_ros_com/share/px4_ros_com/package.bash'
[425.793s] INFO:colcon.colcon_core.shell:Creating package script '/home/hamad/ws_offboard_control/install/px4_ros_com/share/px4_ros_com/package.zsh'
[425.793s] Level 1:colcon.colcon_core.environment:create_file_with_runtime_dependencies(/home/hamad/ws_offboard_control/install/px4_ros_com/share/colcon-core/packages/px4_ros_com)
[425.793s] Level 1:colcon.colcon_core.environment:create_environment_scripts_only(px4_ros_com)
[425.793s] Level 1:colcon.colcon_core.environment:checking '/home/hamad/ws_offboard_control/install/px4_ros_com' for CMake module files
[425.794s] Level 1:colcon.colcon_core.environment:checking '/home/hamad/ws_offboard_control/install/px4_ros_com' for CMake config files
[425.795s] Level 1:colcon.colcon_core.shell:create_environment_hook('px4_ros_com', 'cmake_prefix_path')
[425.795s] INFO:colcon.colcon_core.shell:Creating environment hook '/home/hamad/ws_offboard_control/install/px4_ros_com/share/px4_ros_com/hook/cmake_prefix_path.ps1'
[425.795s] INFO:colcon.colcon_core.shell:Creating environment descriptor '/home/hamad/ws_offboard_control/install/px4_ros_com/share/px4_ros_com/hook/cmake_prefix_path.dsv'
[425.795s] INFO:colcon.colcon_core.shell:Creating environment hook '/home/hamad/ws_offboard_control/install/px4_ros_com/share/px4_ros_com/hook/cmake_prefix_path.sh'
[425.796s] Level 1:colcon.colcon_core.environment:checking '/home/hamad/ws_offboard_control/install/px4_ros_com/lib'
[425.796s] Level 1:colcon.colcon_core.shell:create_environment_hook('px4_ros_com', 'ld_library_path_lib')
[425.796s] INFO:colcon.colcon_core.shell:Creating environment hook '/home/hamad/ws_offboard_control/install/px4_ros_com/share/px4_ros_com/hook/ld_library_path_lib.ps1'
[425.796s] INFO:colcon.colcon_core.shell:Creating environment descriptor '/home/hamad/ws_offboard_control/install/px4_ros_com/share/px4_ros_com/hook/ld_library_path_lib.dsv'
[425.797s] INFO:colcon.colcon_core.shell:Creating environment hook '/home/hamad/ws_offboard_control/install/px4_ros_com/share/px4_ros_com/hook/ld_library_path_lib.sh'
[425.797s] Level 1:colcon.colcon_core.environment:checking '/home/hamad/ws_offboard_control/install/px4_ros_com/bin'
[425.797s] Level 1:colcon.colcon_core.environment:checking '/home/hamad/ws_offboard_control/install/px4_ros_com/lib/pkgconfig/px4_ros_com.pc'
[425.797s] Level 1:colcon.colcon_core.environment:checking '/home/hamad/ws_offboard_control/install/px4_ros_com/lib/python3.12/site-packages'
[425.798s] Level 1:colcon.colcon_core.shell:create_environment_hook('px4_ros_com', 'pythonpath')
[425.798s] INFO:colcon.colcon_core.shell:Creating environment hook '/home/hamad/ws_offboard_control/install/px4_ros_com/share/px4_ros_com/hook/pythonpath.ps1'
[425.798s] INFO:colcon.colcon_core.shell:Creating environment descriptor '/home/hamad/ws_offboard_control/install/px4_ros_com/share/px4_ros_com/hook/pythonpath.dsv'
[425.798s] INFO:colcon.colcon_core.shell:Creating environment hook '/home/hamad/ws_offboard_control/install/px4_ros_com/share/px4_ros_com/hook/pythonpath.sh'
[425.799s] Level 1:colcon.colcon_core.environment:checking '/home/hamad/ws_offboard_control/install/px4_ros_com/bin'
[425.800s] INFO:colcon.colcon_core.shell:Creating package script '/home/hamad/ws_offboard_control/install/px4_ros_com/share/px4_ros_com/package.ps1'
[425.800s] INFO:colcon.colcon_core.shell:Creating package descriptor '/home/hamad/ws_offboard_control/install/px4_ros_com/share/px4_ros_com/package.dsv'
[425.801s] INFO:colcon.colcon_core.shell:Creating package script '/home/hamad/ws_offboard_control/install/px4_ros_com/share/px4_ros_com/package.sh'
[425.801s] INFO:colcon.colcon_core.shell:Creating package script '/home/hamad/ws_offboard_control/install/px4_ros_com/share/px4_ros_com/package.bash'
[425.801s] INFO:colcon.colcon_core.shell:Creating package script '/home/hamad/ws_offboard_control/install/px4_ros_com/share/px4_ros_com/package.zsh'
[425.802s] Level 1:colcon.colcon_core.environment:create_file_with_runtime_dependencies(/home/hamad/ws_offboard_control/install/px4_ros_com/share/colcon-core/packages/px4_ros_com)
[425.802s] DEBUG:colcon.colcon_parallel_executor.executor.parallel:closing loop
[425.802s] DEBUG:colcon.colcon_parallel_executor.executor.parallel:loop closed
[425.802s] DEBUG:colcon.colcon_parallel_executor.executor.parallel:run_until_complete finished with '0'
[425.802s] DEBUG:colcon.colcon_core.event_reactor:joining thread
[425.806s] INFO:colcon.colcon_core.plugin_system:Skipping extension 'colcon_notification.desktop_notification.terminal_notifier': Not used on non-Darwin systems
[425.806s] INFO:colcon.colcon_core.plugin_system:Skipping extension 'colcon_notification.desktop_notification.win32': Not used on non-Windows systems
[425.806s] INFO:colcon.colcon_notification.desktop_notification:Sending desktop notification using 'notify2'
[425.815s] DEBUG:colcon.colcon_core.event_reactor:joined thread
[425.815s] INFO:colcon.colcon_core.shell:Creating prefix script '/home/hamad/ws_offboard_control/install/local_setup.ps1'
[425.816s] INFO:colcon.colcon_core.shell:Creating prefix util module '/home/hamad/ws_offboard_control/install/_local_setup_util_ps1.py'
[425.817s] INFO:colcon.colcon_core.shell:Creating prefix chain script '/home/hamad/ws_offboard_control/install/setup.ps1'
[425.818s] INFO:colcon.colcon_core.shell:Creating prefix script '/home/hamad/ws_offboard_control/install/local_setup.sh'
[425.818s] INFO:colcon.colcon_core.shell:Creating prefix util module '/home/hamad/ws_offboard_control/install/_local_setup_util_sh.py'
[425.819s] INFO:colcon.colcon_core.shell:Creating prefix chain script '/home/hamad/ws_offboard_control/install/setup.sh'
[425.820s] INFO:colcon.colcon_core.shell:Creating prefix script '/home/hamad/ws_offboard_control/install/local_setup.bash'
[425.820s] INFO:colcon.colcon_core.shell:Creating prefix chain script '/home/hamad/ws_offboard_control/install/setup.bash'
[425.821s] INFO:colcon.colcon_core.shell:Creating prefix script '/home/hamad/ws_offboard_control/install/local_setup.zsh'
[425.821s] INFO:colcon.colcon_core.shell:Creating prefix chain script '/home/hamad/ws_offboard_control/install/setup.zsh'
