[0.010s] Invoking command in '/home/swarm/ws_offboard_control/build/px4_ros_com': CMAKE_PREFIX_PATH=/home/swarm/ws_offboard_control/install/px4_msgs:/home/swarm/ws_offboard_control/install/px4_ros_com:/opt/ros/jazzy/opt/gz_sim_vendor:/opt/ros/jazzy/opt/gz_sensors_vendor:/opt/ros/jazzy/opt/gz_physics_vendor:/opt/ros/jazzy/opt/sdformat_vendor:/opt/ros/jazzy/opt/gz_gui_vendor:/opt/ros/jazzy/opt/gz_transport_vendor:/opt/ros/jazzy/opt/gz_rendering_vendor:/opt/ros/jazzy/opt/gz_plugin_vendor:/opt/ros/jazzy/opt/gz_fuel_tools_vendor:/opt/ros/jazzy/opt/gz_msgs_vendor:/opt/ros/jazzy/opt/gz_common_vendor:/opt/ros/jazzy/opt/gz_math_vendor:/opt/ros/jazzy/opt/gz_utils_vendor:/opt/ros/jazzy/opt/gz_tools_vendor:/opt/ros/jazzy/opt/gz_ogre_next_vendor:/opt/ros/jazzy/opt/gz_dartsim_vendor:/opt/ros/jazzy/opt/gz_cmake_vendor:/opt/ros/jazzy DEBUGINFOD_URLS=https://debuginfod.ubuntu.com LD_LIBRARY_PATH=/home/swarm/ws_offboard_control/install/px4_msgs/lib:/home/swarm/ws_offboard_control/install/px4_ros_com/lib:/opt/ros/jazzy/opt/gz_sim_vendor/lib:/opt/ros/jazzy/opt/gz_sensors_vendor/lib:/opt/ros/jazzy/opt/gz_physics_vendor/lib:/opt/ros/jazzy/opt/sdformat_vendor/lib:/opt/ros/jazzy/opt/rviz_ogre_vendor/lib:/opt/ros/jazzy/lib/x86_64-linux-gnu:/opt/ros/jazzy/opt/gz_gui_vendor/lib:/opt/ros/jazzy/opt/gz_transport_vendor/lib:/opt/ros/jazzy/opt/gz_rendering_vendor/lib:/opt/ros/jazzy/opt/gz_plugin_vendor/lib:/opt/ros/jazzy/opt/gz_fuel_tools_vendor/lib:/opt/ros/jazzy/opt/gz_msgs_vendor/lib:/opt/ros/jazzy/opt/gz_common_vendor/lib:/opt/ros/jazzy/opt/gz_math_vendor/lib:/opt/ros/jazzy/opt/gz_utils_vendor/lib:/opt/ros/jazzy/opt/gz_tools_vendor/lib:/opt/ros/jazzy/opt/gz_ogre_next_vendor/lib:/opt/ros/jazzy/opt/gz_dartsim_vendor/lib:/opt/ros/jazzy/opt/gz_cmake_vendor/lib:/opt/ros/jazzy/lib PS1=(.local) \[\e]0;\u@\h: \w\a\]${debian_chroot:+($debian_chroot)}\[\033[01;32m\]\u@\h\[\033[00m\]:\[\033[01;34m\]\w\[\033[00m\]\$ PYTHONPATH=/home/swarm/ws_offboard_control/install/px4_msgs/lib/python3.12/site-packages:/home/swarm/ws_offboard_control/install/px4_ros_com/lib/python3.12/site-packages:/opt/ros/jazzy/lib/python3.12/site-packages VIRTUAL_ENV_PROMPT=(.local) /usr/bin/cmake --build /home/swarm/ws_offboard_control/build/px4_ros_com -- -j32 -l32
[0.046s] [ 28%] Built target frame_transforms
[0.046s] [ 28%] Built target sensor_combined_listener
[0.047s] [ 42%] Built target vehicle_gps_position_listener
[0.048s] [ 57%] Built target debug_vect_advertiser
[0.048s] [ 71%] Built target offboard_control_srv
[0.049s] [ 71%] Built target ament_cmake_python_copy_px4_ros_com
[0.049s] [ 85%] Built target offboard_control
[0.053s] [ 92%] [32mBuilding CXX object CMakeFiles/multi_vehicle_offboard_control.dir/src/examples/offboard/multi_vehicle_offboard_control.cpp.o[0m
[0.161s] running egg_info
[0.167s] writing px4_ros_com.egg-info/PKG-INFO
[0.167s] writing dependency_links to px4_ros_com.egg-info/dependency_links.txt
[0.167s] writing top-level names to px4_ros_com.egg-info/top_level.txt
[0.190s] reading manifest file 'px4_ros_com.egg-info/SOURCES.txt'
[0.190s] writing manifest file 'px4_ros_com.egg-info/SOURCES.txt'
[0.207s] [ 92%] Built target ament_cmake_python_build_px4_ros_com_egg
[8.052s] [100%] [32m[1mLinking CXX executable multi_vehicle_offboard_control[0m
[8.369s] [100%] Built target multi_vehicle_offboard_control
[8.376s] Invoked command in '/home/swarm/ws_offboard_control/build/px4_ros_com' returned '0': CMAKE_PREFIX_PATH=/home/swarm/ws_offboard_control/install/px4_msgs:/home/swarm/ws_offboard_control/install/px4_ros_com:/opt/ros/jazzy/opt/gz_sim_vendor:/opt/ros/jazzy/opt/gz_sensors_vendor:/opt/ros/jazzy/opt/gz_physics_vendor:/opt/ros/jazzy/opt/sdformat_vendor:/opt/ros/jazzy/opt/gz_gui_vendor:/opt/ros/jazzy/opt/gz_transport_vendor:/opt/ros/jazzy/opt/gz_rendering_vendor:/opt/ros/jazzy/opt/gz_plugin_vendor:/opt/ros/jazzy/opt/gz_fuel_tools_vendor:/opt/ros/jazzy/opt/gz_msgs_vendor:/opt/ros/jazzy/opt/gz_common_vendor:/opt/ros/jazzy/opt/gz_math_vendor:/opt/ros/jazzy/opt/gz_utils_vendor:/opt/ros/jazzy/opt/gz_tools_vendor:/opt/ros/jazzy/opt/gz_ogre_next_vendor:/opt/ros/jazzy/opt/gz_dartsim_vendor:/opt/ros/jazzy/opt/gz_cmake_vendor:/opt/ros/jazzy DEBUGINFOD_URLS=https://debuginfod.ubuntu.com LD_LIBRARY_PATH=/home/swarm/ws_offboard_control/install/px4_msgs/lib:/home/swarm/ws_offboard_control/install/px4_ros_com/lib:/opt/ros/jazzy/opt/gz_sim_vendor/lib:/opt/ros/jazzy/opt/gz_sensors_vendor/lib:/opt/ros/jazzy/opt/gz_physics_vendor/lib:/opt/ros/jazzy/opt/sdformat_vendor/lib:/opt/ros/jazzy/opt/rviz_ogre_vendor/lib:/opt/ros/jazzy/lib/x86_64-linux-gnu:/opt/ros/jazzy/opt/gz_gui_vendor/lib:/opt/ros/jazzy/opt/gz_transport_vendor/lib:/opt/ros/jazzy/opt/gz_rendering_vendor/lib:/opt/ros/jazzy/opt/gz_plugin_vendor/lib:/opt/ros/jazzy/opt/gz_fuel_tools_vendor/lib:/opt/ros/jazzy/opt/gz_msgs_vendor/lib:/opt/ros/jazzy/opt/gz_common_vendor/lib:/opt/ros/jazzy/opt/gz_math_vendor/lib:/opt/ros/jazzy/opt/gz_utils_vendor/lib:/opt/ros/jazzy/opt/gz_tools_vendor/lib:/opt/ros/jazzy/opt/gz_ogre_next_vendor/lib:/opt/ros/jazzy/opt/gz_dartsim_vendor/lib:/opt/ros/jazzy/opt/gz_cmake_vendor/lib:/opt/ros/jazzy/lib PS1=(.local) \[\e]0;\u@\h: \w\a\]${debian_chroot:+($debian_chroot)}\[\033[01;32m\]\u@\h\[\033[00m\]:\[\033[01;34m\]\w\[\033[00m\]\$ PYTHONPATH=/home/swarm/ws_offboard_control/install/px4_msgs/lib/python3.12/site-packages:/home/swarm/ws_offboard_control/install/px4_ros_com/lib/python3.12/site-packages:/opt/ros/jazzy/lib/python3.12/site-packages VIRTUAL_ENV_PROMPT=(.local) /usr/bin/cmake --build /home/swarm/ws_offboard_control/build/px4_ros_com -- -j32 -l32
[8.381s] Invoking command in '/home/swarm/ws_offboard_control/build/px4_ros_com': CMAKE_PREFIX_PATH=/home/swarm/ws_offboard_control/install/px4_msgs:/home/swarm/ws_offboard_control/install/px4_ros_com:/opt/ros/jazzy/opt/gz_sim_vendor:/opt/ros/jazzy/opt/gz_sensors_vendor:/opt/ros/jazzy/opt/gz_physics_vendor:/opt/ros/jazzy/opt/sdformat_vendor:/opt/ros/jazzy/opt/gz_gui_vendor:/opt/ros/jazzy/opt/gz_transport_vendor:/opt/ros/jazzy/opt/gz_rendering_vendor:/opt/ros/jazzy/opt/gz_plugin_vendor:/opt/ros/jazzy/opt/gz_fuel_tools_vendor:/opt/ros/jazzy/opt/gz_msgs_vendor:/opt/ros/jazzy/opt/gz_common_vendor:/opt/ros/jazzy/opt/gz_math_vendor:/opt/ros/jazzy/opt/gz_utils_vendor:/opt/ros/jazzy/opt/gz_tools_vendor:/opt/ros/jazzy/opt/gz_ogre_next_vendor:/opt/ros/jazzy/opt/gz_dartsim_vendor:/opt/ros/jazzy/opt/gz_cmake_vendor:/opt/ros/jazzy DEBUGINFOD_URLS=https://debuginfod.ubuntu.com LD_LIBRARY_PATH=/home/swarm/ws_offboard_control/install/px4_msgs/lib:/home/swarm/ws_offboard_control/install/px4_ros_com/lib:/opt/ros/jazzy/opt/gz_sim_vendor/lib:/opt/ros/jazzy/opt/gz_sensors_vendor/lib:/opt/ros/jazzy/opt/gz_physics_vendor/lib:/opt/ros/jazzy/opt/sdformat_vendor/lib:/opt/ros/jazzy/opt/rviz_ogre_vendor/lib:/opt/ros/jazzy/lib/x86_64-linux-gnu:/opt/ros/jazzy/opt/gz_gui_vendor/lib:/opt/ros/jazzy/opt/gz_transport_vendor/lib:/opt/ros/jazzy/opt/gz_rendering_vendor/lib:/opt/ros/jazzy/opt/gz_plugin_vendor/lib:/opt/ros/jazzy/opt/gz_fuel_tools_vendor/lib:/opt/ros/jazzy/opt/gz_msgs_vendor/lib:/opt/ros/jazzy/opt/gz_common_vendor/lib:/opt/ros/jazzy/opt/gz_math_vendor/lib:/opt/ros/jazzy/opt/gz_utils_vendor/lib:/opt/ros/jazzy/opt/gz_tools_vendor/lib:/opt/ros/jazzy/opt/gz_ogre_next_vendor/lib:/opt/ros/jazzy/opt/gz_dartsim_vendor/lib:/opt/ros/jazzy/opt/gz_cmake_vendor/lib:/opt/ros/jazzy/lib PS1=(.local) \[\e]0;\u@\h: \w\a\]${debian_chroot:+($debian_chroot)}\[\033[01;32m\]\u@\h\[\033[00m\]:\[\033[01;34m\]\w\[\033[00m\]\$ PYTHONPATH=/home/swarm/ws_offboard_control/install/px4_msgs/lib/python3.12/site-packages:/home/swarm/ws_offboard_control/install/px4_ros_com/lib/python3.12/site-packages:/opt/ros/jazzy/lib/python3.12/site-packages VIRTUAL_ENV_PROMPT=(.local) /usr/bin/cmake --install /home/swarm/ws_offboard_control/build/px4_ros_com
[8.386s] -- Install configuration: ""
[8.386s] -- Up-to-date: /home/swarm/ws_offboard_control/install/px4_ros_com/lib/px4_ros_com/sensor_combined_listener
[8.386s] -- Up-to-date: /home/swarm/ws_offboard_control/install/px4_ros_com/lib/px4_ros_com/vehicle_gps_position_listener
[8.387s] -- Up-to-date: /home/swarm/ws_offboard_control/install/px4_ros_com/lib/px4_ros_com/debug_vect_advertiser
[8.387s] -- Up-to-date: /home/swarm/ws_offboard_control/install/px4_ros_com/lib/px4_ros_com/offboard_control
[8.387s] -- Up-to-date: /home/swarm/ws_offboard_control/install/px4_ros_com/lib/px4_ros_com/offboard_control_srv
[8.387s] -- Installing: /home/swarm/ws_offboard_control/install/px4_ros_com/lib/px4_ros_com/multi_vehicle_offboard_control
[8.392s] -- Set non-toolchain portion of runtime path of "/home/swarm/ws_offboard_control/install/px4_ros_com/lib/px4_ros_com/multi_vehicle_offboard_control" to ""
[8.393s] -- Up-to-date: /home/swarm/ws_offboard_control/install/px4_ros_com/share/px4_ros_com/environment/library_path.sh
[8.393s] -- Up-to-date: /home/swarm/ws_offboard_control/install/px4_ros_com/share/px4_ros_com/environment/library_path.dsv
[8.393s] -- Up-to-date: /home/swarm/ws_offboard_control/install/px4_ros_com/include/px4_ros_com
[8.393s] -- Up-to-date: /home/swarm/ws_offboard_control/install/px4_ros_com/include/px4_ros_com/frame_transforms.h
[8.393s] -- Up-to-date: /home/swarm/ws_offboard_control/install/px4_ros_com/lib/libframe_transforms.so
[8.393s] -- Up-to-date: /home/swarm/ws_offboard_control/install/px4_ros_com/share/px4_ros_com//launch
[8.393s] -- Up-to-date: /home/swarm/ws_offboard_control/install/px4_ros_com/share/px4_ros_com//launch/offboard_control_launch.yaml
[8.393s] -- Up-to-date: /home/swarm/ws_offboard_control/install/px4_ros_com/share/px4_ros_com//launch/sensor_combined_listener.launch.py
[8.393s] -- Up-to-date: /home/swarm/ws_offboard_control/install/px4_ros_com/share/px4_ros_com//test
[8.393s] -- Up-to-date: /home/swarm/ws_offboard_control/install/px4_ros_com/share/px4_ros_com//test/pipeline_io_test.py
[8.393s] -- Up-to-date: /home/swarm/ws_offboard_control/install/px4_ros_com/share/px4_ros_com//test/test_input.py
[8.393s] -- Up-to-date: /home/swarm/ws_offboard_control/install/px4_ros_com/share/px4_ros_com//test/test_output.py
[8.393s] -- Up-to-date: /home/swarm/ws_offboard_control/install/px4_ros_com/share/px4_ros_com//test/__init__.py
[8.393s] -- Up-to-date: /home/swarm/ws_offboard_control/install/px4_ros_com/share/px4_ros_com/environment/pythonpath.sh
[8.393s] -- Up-to-date: /home/swarm/ws_offboard_control/install/px4_ros_com/share/px4_ros_com/environment/pythonpath.dsv
[8.393s] -- Up-to-date: /home/swarm/ws_offboard_control/install/px4_ros_com/lib/python3.12/site-packages/px4_ros_com-0.1.0-py3.12.egg-info
[8.393s] -- Installing: /home/swarm/ws_offboard_control/install/px4_ros_com/lib/python3.12/site-packages/px4_ros_com-0.1.0-py3.12.egg-info/top_level.txt
[8.393s] -- Installing: /home/swarm/ws_offboard_control/install/px4_ros_com/lib/python3.12/site-packages/px4_ros_com-0.1.0-py3.12.egg-info/SOURCES.txt
[8.393s] -- Installing: /home/swarm/ws_offboard_control/install/px4_ros_com/lib/python3.12/site-packages/px4_ros_com-0.1.0-py3.12.egg-info/PKG-INFO
[8.393s] -- Installing: /home/swarm/ws_offboard_control/install/px4_ros_com/lib/python3.12/site-packages/px4_ros_com-0.1.0-py3.12.egg-info/dependency_links.txt
[8.393s] -- Up-to-date: /home/swarm/ws_offboard_control/install/px4_ros_com/lib/python3.12/site-packages/px4_ros_com
[8.393s] -- Up-to-date: /home/swarm/ws_offboard_control/install/px4_ros_com/lib/python3.12/site-packages/px4_ros_com/module_to_import.py
[8.393s] -- Up-to-date: /home/swarm/ws_offboard_control/install/px4_ros_com/lib/python3.12/site-packages/px4_ros_com/__init__.py
[8.412s] Listing '/home/swarm/ws_offboard_control/install/px4_ros_com/lib/python3.12/site-packages/px4_ros_com'...
[8.415s] -- Up-to-date: /home/swarm/ws_offboard_control/install/px4_ros_com/lib/px4_ros_com/offboard_control.py
[8.415s] -- Up-to-date: /home/swarm/ws_offboard_control/install/px4_ros_com/share/ament_index/resource_index/package_run_dependencies/px4_ros_com
[8.415s] -- Up-to-date: /home/swarm/ws_offboard_control/install/px4_ros_com/share/ament_index/resource_index/parent_prefix_path/px4_ros_com
[8.415s] -- Up-to-date: /home/swarm/ws_offboard_control/install/px4_ros_com/share/px4_ros_com/environment/ament_prefix_path.sh
[8.415s] -- Up-to-date: /home/swarm/ws_offboard_control/install/px4_ros_com/share/px4_ros_com/environment/ament_prefix_path.dsv
[8.415s] -- Up-to-date: /home/swarm/ws_offboard_control/install/px4_ros_com/share/px4_ros_com/environment/path.sh
[8.415s] -- Up-to-date: /home/swarm/ws_offboard_control/install/px4_ros_com/share/px4_ros_com/environment/path.dsv
[8.415s] -- Up-to-date: /home/swarm/ws_offboard_control/install/px4_ros_com/share/px4_ros_com/local_setup.bash
[8.415s] -- Up-to-date: /home/swarm/ws_offboard_control/install/px4_ros_com/share/px4_ros_com/local_setup.sh
[8.415s] -- Up-to-date: /home/swarm/ws_offboard_control/install/px4_ros_com/share/px4_ros_com/local_setup.zsh
[8.415s] -- Up-to-date: /home/swarm/ws_offboard_control/install/px4_ros_com/share/px4_ros_com/local_setup.dsv
[8.415s] -- Installing: /home/swarm/ws_offboard_control/install/px4_ros_com/share/px4_ros_com/package.dsv
[8.415s] -- Up-to-date: /home/swarm/ws_offboard_control/install/px4_ros_com/share/ament_index/resource_index/packages/px4_ros_com
[8.415s] -- Up-to-date: /home/swarm/ws_offboard_control/install/px4_ros_com/share/px4_ros_com/cmake/export_frame_transformsExport.cmake
[8.415s] -- Up-to-date: /home/swarm/ws_offboard_control/install/px4_ros_com/share/px4_ros_com/cmake/export_frame_transformsExport-noconfig.cmake
[8.415s] -- Up-to-date: /home/swarm/ws_offboard_control/install/px4_ros_com/share/px4_ros_com/cmake/ament_cmake_export_dependencies-extras.cmake
[8.416s] -- Up-to-date: /home/swarm/ws_offboard_control/install/px4_ros_com/share/px4_ros_com/cmake/ament_cmake_export_targets-extras.cmake
[8.416s] -- Up-to-date: /home/swarm/ws_offboard_control/install/px4_ros_com/share/px4_ros_com/cmake/ament_cmake_export_include_directories-extras.cmake
[8.416s] -- Up-to-date: /home/swarm/ws_offboard_control/install/px4_ros_com/share/px4_ros_com/cmake/ament_cmake_export_libraries-extras.cmake
[8.416s] -- Up-to-date: /home/swarm/ws_offboard_control/install/px4_ros_com/share/px4_ros_com/cmake/px4_ros_comConfig.cmake
[8.416s] -- Up-to-date: /home/swarm/ws_offboard_control/install/px4_ros_com/share/px4_ros_com/cmake/px4_ros_comConfig-version.cmake
[8.416s] -- Up-to-date: /home/swarm/ws_offboard_control/install/px4_ros_com/share/px4_ros_com/package.xml
[8.417s] Invoked command in '/home/swarm/ws_offboard_control/build/px4_ros_com' returned '0': CMAKE_PREFIX_PATH=/home/swarm/ws_offboard_control/install/px4_msgs:/home/swarm/ws_offboard_control/install/px4_ros_com:/opt/ros/jazzy/opt/gz_sim_vendor:/opt/ros/jazzy/opt/gz_sensors_vendor:/opt/ros/jazzy/opt/gz_physics_vendor:/opt/ros/jazzy/opt/sdformat_vendor:/opt/ros/jazzy/opt/gz_gui_vendor:/opt/ros/jazzy/opt/gz_transport_vendor:/opt/ros/jazzy/opt/gz_rendering_vendor:/opt/ros/jazzy/opt/gz_plugin_vendor:/opt/ros/jazzy/opt/gz_fuel_tools_vendor:/opt/ros/jazzy/opt/gz_msgs_vendor:/opt/ros/jazzy/opt/gz_common_vendor:/opt/ros/jazzy/opt/gz_math_vendor:/opt/ros/jazzy/opt/gz_utils_vendor:/opt/ros/jazzy/opt/gz_tools_vendor:/opt/ros/jazzy/opt/gz_ogre_next_vendor:/opt/ros/jazzy/opt/gz_dartsim_vendor:/opt/ros/jazzy/opt/gz_cmake_vendor:/opt/ros/jazzy DEBUGINFOD_URLS=https://debuginfod.ubuntu.com LD_LIBRARY_PATH=/home/swarm/ws_offboard_control/install/px4_msgs/lib:/home/swarm/ws_offboard_control/install/px4_ros_com/lib:/opt/ros/jazzy/opt/gz_sim_vendor/lib:/opt/ros/jazzy/opt/gz_sensors_vendor/lib:/opt/ros/jazzy/opt/gz_physics_vendor/lib:/opt/ros/jazzy/opt/sdformat_vendor/lib:/opt/ros/jazzy/opt/rviz_ogre_vendor/lib:/opt/ros/jazzy/lib/x86_64-linux-gnu:/opt/ros/jazzy/opt/gz_gui_vendor/lib:/opt/ros/jazzy/opt/gz_transport_vendor/lib:/opt/ros/jazzy/opt/gz_rendering_vendor/lib:/opt/ros/jazzy/opt/gz_plugin_vendor/lib:/opt/ros/jazzy/opt/gz_fuel_tools_vendor/lib:/opt/ros/jazzy/opt/gz_msgs_vendor/lib:/opt/ros/jazzy/opt/gz_common_vendor/lib:/opt/ros/jazzy/opt/gz_math_vendor/lib:/opt/ros/jazzy/opt/gz_utils_vendor/lib:/opt/ros/jazzy/opt/gz_tools_vendor/lib:/opt/ros/jazzy/opt/gz_ogre_next_vendor/lib:/opt/ros/jazzy/opt/gz_dartsim_vendor/lib:/opt/ros/jazzy/opt/gz_cmake_vendor/lib:/opt/ros/jazzy/lib PS1=(.local) \[\e]0;\u@\h: \w\a\]${debian_chroot:+($debian_chroot)}\[\033[01;32m\]\u@\h\[\033[00m\]:\[\033[01;34m\]\w\[\033[00m\]\$ PYTHONPATH=/home/swarm/ws_offboard_control/install/px4_msgs/lib/python3.12/site-packages:/home/swarm/ws_offboard_control/install/px4_ros_com/lib/python3.12/site-packages:/opt/ros/jazzy/lib/python3.12/site-packages VIRTUAL_ENV_PROMPT=(.local) /usr/bin/cmake --install /home/swarm/ws_offboard_control/build/px4_ros_com
