[0.011s] Invoking command in '/home/hamad/ws_offboard_control/build/px4_ros_com': AMENT_PREFIX_PATH=/home/hamad/ws_offboard_control/install/px4_msgs:${AMENT_PREFIX_PATH} CMAKE_PREFIX_PATH=/home/hamad/ws_offboard_control/install/px4_msgs:/opt/ros/jazzy/opt/gz_sim_vendor:/opt/ros/jazzy/opt/gz_sensors_vendor:/opt/ros/jazzy/opt/gz_physics_vendor:/opt/ros/jazzy/opt/sdformat_vendor:/opt/ros/jazzy/opt/gz_gui_vendor:/opt/ros/jazzy/opt/gz_transport_vendor:/opt/ros/jazzy/opt/gz_rendering_vendor:/opt/ros/jazzy/opt/gz_plugin_vendor:/opt/ros/jazzy/opt/gz_fuel_tools_vendor:/opt/ros/jazzy/opt/gz_msgs_vendor:/opt/ros/jazzy/opt/gz_common_vendor:/opt/ros/jazzy/opt/gz_math_vendor:/opt/ros/jazzy/opt/gz_utils_vendor:/opt/ros/jazzy/opt/gz_tools_vendor:/opt/ros/jazzy/opt/gz_ogre_next_vendor:/opt/ros/jazzy/opt/gz_dartsim_vendor:/opt/ros/jazzy/opt/gz_cmake_vendor:/opt/ros/jazzy DEBUGINFOD_URLS=https://debuginfod.ubuntu.com LD_LIBRARY_PATH=/home/hamad/ws_offboard_control/install/px4_msgs/lib:${LD_LIBRARY_PATH} PS1=(.local) \[\e]0;\u@\h: \w\a\]${debian_chroot:+($debian_chroot)}\[\033[01;32m\]\u@\h\[\033[00m\]:\[\033[01;34m\]\w\[\033[00m\]\$ PYTHONPATH=/home/hamad/ws_offboard_control/install/px4_msgs/lib/python3.12/site-packages:${PYTHONPATH} VIRTUAL_ENV_PROMPT=(.local) /usr/bin/cmake --build /home/hamad/ws_offboard_control/build/px4_ros_com -- -j8 -l8
[0.062s] [ 14%] Built target frame_transforms
[0.088s] [ 14%] Built target ament_cmake_python_copy_px4_ros_com
[0.120s] [ 21%] [32mBuilding CXX object CMakeFiles/multi_vehicle_offboard_control.dir/src/examples/offboard/multi_vehicle_offboard_control.cpp.o[0m
[12.307s] [ 28%] [32m[1mLinking CXX executable multi_vehicle_offboard_control[0m
[12.807s] [ 28%] Built target multi_vehicle_offboard_control
[12.979s] running egg_info
[12.992s] writing px4_ros_com.egg-info/PKG-INFO
[12.992s] writing dependency_links to px4_ros_com.egg-info/dependency_links.txt
[12.992s] writing top-level names to px4_ros_com.egg-info/top_level.txt
[13.030s] reading manifest file 'px4_ros_com.egg-info/SOURCES.txt'
[13.031s] writing manifest file 'px4_ros_com.egg-info/SOURCES.txt'
[13.056s] [ 28%] Built target ament_cmake_python_build_px4_ros_com_egg
[13.080s] [ 42%] Built target offboard_control_srv
[13.104s] [ 57%] Built target offboard_control
[13.128s] [ 71%] Built target debug_vect_advertiser
[13.152s] [ 85%] Built target vehicle_gps_position_listener
[13.176s] [100%] Built target sensor_combined_listener
[13.186s] Invoked command in '/home/hamad/ws_offboard_control/build/px4_ros_com' returned '0': AMENT_PREFIX_PATH=/home/hamad/ws_offboard_control/install/px4_msgs:${AMENT_PREFIX_PATH} CMAKE_PREFIX_PATH=/home/hamad/ws_offboard_control/install/px4_msgs:/opt/ros/jazzy/opt/gz_sim_vendor:/opt/ros/jazzy/opt/gz_sensors_vendor:/opt/ros/jazzy/opt/gz_physics_vendor:/opt/ros/jazzy/opt/sdformat_vendor:/opt/ros/jazzy/opt/gz_gui_vendor:/opt/ros/jazzy/opt/gz_transport_vendor:/opt/ros/jazzy/opt/gz_rendering_vendor:/opt/ros/jazzy/opt/gz_plugin_vendor:/opt/ros/jazzy/opt/gz_fuel_tools_vendor:/opt/ros/jazzy/opt/gz_msgs_vendor:/opt/ros/jazzy/opt/gz_common_vendor:/opt/ros/jazzy/opt/gz_math_vendor:/opt/ros/jazzy/opt/gz_utils_vendor:/opt/ros/jazzy/opt/gz_tools_vendor:/opt/ros/jazzy/opt/gz_ogre_next_vendor:/opt/ros/jazzy/opt/gz_dartsim_vendor:/opt/ros/jazzy/opt/gz_cmake_vendor:/opt/ros/jazzy DEBUGINFOD_URLS=https://debuginfod.ubuntu.com LD_LIBRARY_PATH=/home/hamad/ws_offboard_control/install/px4_msgs/lib:${LD_LIBRARY_PATH} PS1=(.local) \[\e]0;\u@\h: \w\a\]${debian_chroot:+($debian_chroot)}\[\033[01;32m\]\u@\h\[\033[00m\]:\[\033[01;34m\]\w\[\033[00m\]\$ PYTHONPATH=/home/hamad/ws_offboard_control/install/px4_msgs/lib/python3.12/site-packages:${PYTHONPATH} VIRTUAL_ENV_PROMPT=(.local) /usr/bin/cmake --build /home/hamad/ws_offboard_control/build/px4_ros_com -- -j8 -l8
[13.195s] Invoking command in '/home/hamad/ws_offboard_control/build/px4_ros_com': AMENT_PREFIX_PATH=/home/hamad/ws_offboard_control/install/px4_msgs:${AMENT_PREFIX_PATH} CMAKE_PREFIX_PATH=/home/hamad/ws_offboard_control/install/px4_msgs:/opt/ros/jazzy/opt/gz_sim_vendor:/opt/ros/jazzy/opt/gz_sensors_vendor:/opt/ros/jazzy/opt/gz_physics_vendor:/opt/ros/jazzy/opt/sdformat_vendor:/opt/ros/jazzy/opt/gz_gui_vendor:/opt/ros/jazzy/opt/gz_transport_vendor:/opt/ros/jazzy/opt/gz_rendering_vendor:/opt/ros/jazzy/opt/gz_plugin_vendor:/opt/ros/jazzy/opt/gz_fuel_tools_vendor:/opt/ros/jazzy/opt/gz_msgs_vendor:/opt/ros/jazzy/opt/gz_common_vendor:/opt/ros/jazzy/opt/gz_math_vendor:/opt/ros/jazzy/opt/gz_utils_vendor:/opt/ros/jazzy/opt/gz_tools_vendor:/opt/ros/jazzy/opt/gz_ogre_next_vendor:/opt/ros/jazzy/opt/gz_dartsim_vendor:/opt/ros/jazzy/opt/gz_cmake_vendor:/opt/ros/jazzy DEBUGINFOD_URLS=https://debuginfod.ubuntu.com LD_LIBRARY_PATH=/home/hamad/ws_offboard_control/install/px4_msgs/lib:${LD_LIBRARY_PATH} PS1=(.local) \[\e]0;\u@\h: \w\a\]${debian_chroot:+($debian_chroot)}\[\033[01;32m\]\u@\h\[\033[00m\]:\[\033[01;34m\]\w\[\033[00m\]\$ PYTHONPATH=/home/hamad/ws_offboard_control/install/px4_msgs/lib/python3.12/site-packages:${PYTHONPATH} VIRTUAL_ENV_PROMPT=(.local) /usr/bin/cmake --install /home/hamad/ws_offboard_control/build/px4_ros_com
[13.202s] -- Install configuration: ""
[13.203s] -- Up-to-date: /home/hamad/ws_offboard_control/install/px4_ros_com/lib/px4_ros_com/sensor_combined_listener
[13.203s] -- Up-to-date: /home/hamad/ws_offboard_control/install/px4_ros_com/lib/px4_ros_com/vehicle_gps_position_listener
[13.203s] -- Up-to-date: /home/hamad/ws_offboard_control/install/px4_ros_com/lib/px4_ros_com/debug_vect_advertiser
[13.204s] -- Up-to-date: /home/hamad/ws_offboard_control/install/px4_ros_com/lib/px4_ros_com/offboard_control
[13.204s] -- Up-to-date: /home/hamad/ws_offboard_control/install/px4_ros_com/lib/px4_ros_com/offboard_control_srv
[13.205s] -- Installing: /home/hamad/ws_offboard_control/install/px4_ros_com/lib/px4_ros_com/multi_vehicle_offboard_control
[13.219s] -- Set non-toolchain portion of runtime path of "/home/hamad/ws_offboard_control/install/px4_ros_com/lib/px4_ros_com/multi_vehicle_offboard_control" to ""
[13.219s] -- Up-to-date: /home/hamad/ws_offboard_control/install/px4_ros_com/share/px4_ros_com/environment/library_path.sh
[13.219s] -- Up-to-date: /home/hamad/ws_offboard_control/install/px4_ros_com/share/px4_ros_com/environment/library_path.dsv
[13.219s] -- Up-to-date: /home/hamad/ws_offboard_control/install/px4_ros_com/include/px4_ros_com
[13.220s] -- Up-to-date: /home/hamad/ws_offboard_control/install/px4_ros_com/include/px4_ros_com/frame_transforms.h
[13.220s] -- Up-to-date: /home/hamad/ws_offboard_control/install/px4_ros_com/lib/libframe_transforms.so
[13.220s] -- Up-to-date: /home/hamad/ws_offboard_control/install/px4_ros_com/share/px4_ros_com//launch
[13.220s] -- Up-to-date: /home/hamad/ws_offboard_control/install/px4_ros_com/share/px4_ros_com//launch/sensor_combined_listener.launch.py
[13.220s] -- Up-to-date: /home/hamad/ws_offboard_control/install/px4_ros_com/share/px4_ros_com//launch/offboard_control_launch.yaml
[13.220s] -- Up-to-date: /home/hamad/ws_offboard_control/install/px4_ros_com/share/px4_ros_com//test
[13.220s] -- Up-to-date: /home/hamad/ws_offboard_control/install/px4_ros_com/share/px4_ros_com//test/__init__.py
[13.220s] -- Up-to-date: /home/hamad/ws_offboard_control/install/px4_ros_com/share/px4_ros_com//test/test_input.py
[13.220s] -- Up-to-date: /home/hamad/ws_offboard_control/install/px4_ros_com/share/px4_ros_com//test/test_output.py
[13.220s] -- Up-to-date: /home/hamad/ws_offboard_control/install/px4_ros_com/share/px4_ros_com//test/pipeline_io_test.py
[13.220s] -- Up-to-date: /home/hamad/ws_offboard_control/install/px4_ros_com/share/px4_ros_com/environment/pythonpath.sh
[13.221s] -- Up-to-date: /home/hamad/ws_offboard_control/install/px4_ros_com/share/px4_ros_com/environment/pythonpath.dsv
[13.221s] -- Up-to-date: /home/hamad/ws_offboard_control/install/px4_ros_com/lib/python3.12/site-packages/px4_ros_com-0.1.0-py3.12.egg-info
[13.221s] -- Installing: /home/hamad/ws_offboard_control/install/px4_ros_com/lib/python3.12/site-packages/px4_ros_com-0.1.0-py3.12.egg-info/SOURCES.txt
[13.221s] -- Installing: /home/hamad/ws_offboard_control/install/px4_ros_com/lib/python3.12/site-packages/px4_ros_com-0.1.0-py3.12.egg-info/PKG-INFO
[13.221s] -- Installing: /home/hamad/ws_offboard_control/install/px4_ros_com/lib/python3.12/site-packages/px4_ros_com-0.1.0-py3.12.egg-info/dependency_links.txt
[13.221s] -- Installing: /home/hamad/ws_offboard_control/install/px4_ros_com/lib/python3.12/site-packages/px4_ros_com-0.1.0-py3.12.egg-info/top_level.txt
[13.221s] -- Up-to-date: /home/hamad/ws_offboard_control/install/px4_ros_com/lib/python3.12/site-packages/px4_ros_com
[13.221s] -- Up-to-date: /home/hamad/ws_offboard_control/install/px4_ros_com/lib/python3.12/site-packages/px4_ros_com/module_to_import.py
[13.221s] -- Up-to-date: /home/hamad/ws_offboard_control/install/px4_ros_com/lib/python3.12/site-packages/px4_ros_com/__init__.py
[13.248s] Listing '/home/hamad/ws_offboard_control/install/px4_ros_com/lib/python3.12/site-packages/px4_ros_com'...
[13.253s] -- Up-to-date: /home/hamad/ws_offboard_control/install/px4_ros_com/lib/px4_ros_com/offboard_control.py
[13.253s] -- Up-to-date: /home/hamad/ws_offboard_control/install/px4_ros_com/share/ament_index/resource_index/package_run_dependencies/px4_ros_com
[13.253s] -- Up-to-date: /home/hamad/ws_offboard_control/install/px4_ros_com/share/ament_index/resource_index/parent_prefix_path/px4_ros_com
[13.253s] -- Up-to-date: /home/hamad/ws_offboard_control/install/px4_ros_com/share/px4_ros_com/environment/ament_prefix_path.sh
[13.253s] -- Up-to-date: /home/hamad/ws_offboard_control/install/px4_ros_com/share/px4_ros_com/environment/ament_prefix_path.dsv
[13.253s] -- Up-to-date: /home/hamad/ws_offboard_control/install/px4_ros_com/share/px4_ros_com/environment/path.sh
[13.253s] -- Up-to-date: /home/hamad/ws_offboard_control/install/px4_ros_com/share/px4_ros_com/environment/path.dsv
[13.253s] -- Up-to-date: /home/hamad/ws_offboard_control/install/px4_ros_com/share/px4_ros_com/local_setup.bash
[13.253s] -- Up-to-date: /home/hamad/ws_offboard_control/install/px4_ros_com/share/px4_ros_com/local_setup.sh
[13.253s] -- Up-to-date: /home/hamad/ws_offboard_control/install/px4_ros_com/share/px4_ros_com/local_setup.zsh
[13.254s] -- Up-to-date: /home/hamad/ws_offboard_control/install/px4_ros_com/share/px4_ros_com/local_setup.dsv
[13.254s] -- Installing: /home/hamad/ws_offboard_control/install/px4_ros_com/share/px4_ros_com/package.dsv
[13.254s] -- Up-to-date: /home/hamad/ws_offboard_control/install/px4_ros_com/share/ament_index/resource_index/packages/px4_ros_com
[13.254s] -- Up-to-date: /home/hamad/ws_offboard_control/install/px4_ros_com/share/px4_ros_com/cmake/export_frame_transformsExport.cmake
[13.254s] -- Up-to-date: /home/hamad/ws_offboard_control/install/px4_ros_com/share/px4_ros_com/cmake/export_frame_transformsExport-noconfig.cmake
[13.254s] -- Up-to-date: /home/hamad/ws_offboard_control/install/px4_ros_com/share/px4_ros_com/cmake/ament_cmake_export_dependencies-extras.cmake
[13.254s] -- Up-to-date: /home/hamad/ws_offboard_control/install/px4_ros_com/share/px4_ros_com/cmake/ament_cmake_export_targets-extras.cmake
[13.254s] -- Up-to-date: /home/hamad/ws_offboard_control/install/px4_ros_com/share/px4_ros_com/cmake/ament_cmake_export_include_directories-extras.cmake
[13.254s] -- Up-to-date: /home/hamad/ws_offboard_control/install/px4_ros_com/share/px4_ros_com/cmake/ament_cmake_export_libraries-extras.cmake
[13.254s] -- Up-to-date: /home/hamad/ws_offboard_control/install/px4_ros_com/share/px4_ros_com/cmake/px4_ros_comConfig.cmake
[13.254s] -- Up-to-date: /home/hamad/ws_offboard_control/install/px4_ros_com/share/px4_ros_com/cmake/px4_ros_comConfig-version.cmake
[13.254s] -- Up-to-date: /home/hamad/ws_offboard_control/install/px4_ros_com/share/px4_ros_com/package.xml
[13.256s] Invoked command in '/home/hamad/ws_offboard_control/build/px4_ros_com' returned '0': AMENT_PREFIX_PATH=/home/hamad/ws_offboard_control/install/px4_msgs:${AMENT_PREFIX_PATH} CMAKE_PREFIX_PATH=/home/hamad/ws_offboard_control/install/px4_msgs:/opt/ros/jazzy/opt/gz_sim_vendor:/opt/ros/jazzy/opt/gz_sensors_vendor:/opt/ros/jazzy/opt/gz_physics_vendor:/opt/ros/jazzy/opt/sdformat_vendor:/opt/ros/jazzy/opt/gz_gui_vendor:/opt/ros/jazzy/opt/gz_transport_vendor:/opt/ros/jazzy/opt/gz_rendering_vendor:/opt/ros/jazzy/opt/gz_plugin_vendor:/opt/ros/jazzy/opt/gz_fuel_tools_vendor:/opt/ros/jazzy/opt/gz_msgs_vendor:/opt/ros/jazzy/opt/gz_common_vendor:/opt/ros/jazzy/opt/gz_math_vendor:/opt/ros/jazzy/opt/gz_utils_vendor:/opt/ros/jazzy/opt/gz_tools_vendor:/opt/ros/jazzy/opt/gz_ogre_next_vendor:/opt/ros/jazzy/opt/gz_dartsim_vendor:/opt/ros/jazzy/opt/gz_cmake_vendor:/opt/ros/jazzy DEBUGINFOD_URLS=https://debuginfod.ubuntu.com LD_LIBRARY_PATH=/home/hamad/ws_offboard_control/install/px4_msgs/lib:${LD_LIBRARY_PATH} PS1=(.local) \[\e]0;\u@\h: \w\a\]${debian_chroot:+($debian_chroot)}\[\033[01;32m\]\u@\h\[\033[00m\]:\[\033[01;34m\]\w\[\033[00m\]\$ PYTHONPATH=/home/hamad/ws_offboard_control/install/px4_msgs/lib/python3.12/site-packages:${PYTHONPATH} VIRTUAL_ENV_PROMPT=(.local) /usr/bin/cmake --install /home/hamad/ws_offboard_control/build/px4_ros_com
