[0.000000] (-) TimerEvent: {}
[0.000083] (-) JobUnselected: {'identifier': 'px4_msgs'}
[0.000123] (px4_ros_com) JobQueued: {'identifier': 'px4_ros_com', 'dependencies': OrderedDict({'px4_msgs': '/home/hamad/ws_offboard_control/install/px4_msgs'})}
[0.000571] (px4_ros_com) JobStarted: {'identifier': 'px4_ros_com'}
[0.009813] (px4_ros_com) JobProgress: {'identifier': 'px4_ros_com', 'progress': 'cmake'}
[0.010750] (px4_ros_com) JobProgress: {'identifier': 'px4_ros_com', 'progress': 'build'}
[0.011652] (px4_ros_com) Command: {'cmd': ['/usr/bin/cmake', '--build', '/home/hamad/ws_offboard_control/build/px4_ros_com', '--', '-j8', '-l8'], 'cwd': '/home/hamad/ws_offboard_control/build/px4_ros_com', 'env': OrderedDict({'GJS_DEBUG_TOPICS': 'JS ERROR;JS LOG', 'LESSOPEN': '| /usr/bin/lesspipe %s', 'VSCODE_CWD': '/home/hamad', 'VSCODE_ESM_ENTRYPOINT': 'vs/workbench/api/node/extensionHostProcess', 'USER': 'hamad', 'VSCODE_NLS_CONFIG': '{"userLocale":"en-us","osLocale":"en-us","resolvedLanguage":"en","defaultMessagesFile":"/usr/share/cursor/resources/app/out/nls.messages.json","locale":"en-us","availableLanguages":{}}', 'VSCODE_HANDLES_UNCAUGHT_ERRORS': 'true', 'XDG_SESSION_TYPE': 'x11', 'CLUTTER_DISABLE_MIPMAPPED_TEXT': '1', 'SHLVL': '1', 'LD_LIBRARY_PATH': '/home/hamad/ws_offboard_control/install/px4_msgs/lib', 'HOME': '/home/hamad', 'CHROME_DESKTOP': 'cursor.desktop', 'OLDPWD': '/home/hamad/ws_offboard_control', 'DESKTOP_SESSION': 'ubuntu', 'VSCODE_IPC_HOOK': '/run/user/1000/vscode-083de33d-2.0.-main.sock', 'GIO_LAUNCHED_DESKTOP_FILE': '/usr/share/applications/cursor.desktop', 'GNOME_SHELL_SESSION_MODE': 'ubuntu', 'GTK_MODULES': 'gail:atk-bridge', 'PS1': '(.local) ${debian_chroot:+($debian_chroot)}\\u@\\h:\\w\\$', 'MANAGERPID': '1378', 'SYSTEMD_EXEC_PID': '1706', 'GSM_SKIP_SSH_AGENT_WORKAROUND': 'true', 'NO_COLOR': '1', 'DBUS_SESSION_BUS_ADDRESS': 'unix:path=/run/user/1000/bus', 'GIO_LAUNCHED_DESKTOP_FILE_PID': '22516', 'VSCODE_CRASH_REPORTER_PROCESS_TYPE': 'extensionHost', 'DEBUGINFOD_URLS': 'https://debuginfod.ubuntu.com', 'LOGNAME': 'hamad', 'FORCE_COLOR': '0', 'JOURNAL_STREAM': '9:12953', '_': '/usr/bin/colcon', 'MEMORY_PRESSURE_WATCH': '/sys/fs/cgroup/user.slice/user-1000.slice/user@1000.service/session.slice/org.gnome.Shell@x11.service/memory.pressure', 'XDG_SESSION_CLASS': 'user', 'USERNAME': 'hamad', 'TERM': 'dumb', 'GNOME_DESKTOP_SESSION_ID': 'this-is-deprecated', 'COMPOSER_NO_INTERACTION': '1', 'WINDOWPATH': '2', 'PATH': '/home/hamad/.local/bin:/home/hamad/.local/bin:/home/hamad/.local/bin:/home/hamad/.local/bin:/home/hamad/.local/bin:/usr/local/sbin:/usr/local/bin:/usr/sbin:/usr/bin:/sbin:/bin:/usr/games:/usr/local/games:/snap/bin:/snap/bin:/opt/xtensa-esp-elf/bin/:/opt/xtensa-esp-elf/bin/:/opt/xtensa-esp-elf/bin/:/opt/xtensa-esp-elf/bin/', 'SESSION_MANAGER': 'local/SWARM:@/tmp/.ICE-unix/1668,unix/SWARM:/tmp/.ICE-unix/1668', 'INVOCATION_ID': 'e1bc6f8bad5742548ab2c901e9d2a818', 'GTK3_MODULES': 'xapp-gtk3-module', 'XDG_MENU_PREFIX': 'gnome-', 'VSCODE_PROCESS_TITLE': 'extension-host  [1-1]', 'XDG_RUNTIME_DIR': '/run/user/1000', 'GDK_BACKEND': 'x11', 'CURSOR_AGENT': '1', 'DISPLAY': ':0', 'LANG': 'en_US.UTF-8', 'XDG_CURRENT_DESKTOP': 'Unity', 'VIRTUAL_ENV_PROMPT': '(.local)', 'XMODIFIERS': '@im=ibus', 'XDG_SESSION_DESKTOP': 'ubuntu', 'XAUTHORITY': '/run/user/1000/gdm/Xauthority', 'LS_COLORS': '', 'SBX_CHROME_API_RQ': '1', 'CURSOR_TRACE_ID': '2572c32dcd154c8a9b81153bbb3b3e1f', 'SSH_AUTH_SOCK': '/run/user/1000/keyring/ssh', 'ORIGINAL_XDG_CURRENT_DESKTOP': 'ubuntu:GNOME', 'AMENT_PREFIX_PATH': '/home/hamad/ws_offboard_control/install/px4_msgs', 'SHELL': '/bin/bash', 'QT_ACCESSIBILITY': '1', 'GDMSESSION': 'ubuntu', 'LESSCLOSE': '/usr/bin/lesspipe %s %s', 'GPG_AGENT_INFO': '/run/user/1000/gnupg/S.gpg-agent:0:1', 'GJS_DEBUG_OUTPUT': 'stderr', 'VIRTUAL_ENV': '/home/hamad/.local', 'QT_IM_MODULE': 'ibus', 'PWD': '/home/hamad/ws_offboard_control/build/px4_ros_com', 'LC_ALL': 'en_US.UTF-8', 'XDG_CONFIG_DIRS': '/etc/xdg/xdg-ubuntu:/etc/xdg', 'VSCODE_CODE_CACHE_PATH': '/home/hamad/.config/Cursor/CachedData/ba90f2f88e4911312761abab9492c42442117cf0', 'XDG_DATA_DIRS': '/usr/share/ubuntu:/usr/share/gnome:/usr/local/share/:/usr/share/:/var/lib/snapd/desktop', 'PYTHONPATH': '/home/hamad/ws_offboard_control/install/px4_msgs/lib/python3.12/site-packages', 'COLCON': '1', 'MEMORY_PRESSURE_WRITE': 'c29tZSAyMDAwMDAgMjAwMDAwMAA=', 'VSCODE_PID': '22516', 'CMAKE_PREFIX_PATH': '/home/hamad/ws_offboard_control/install/px4_msgs'}), 'shell': False}
[0.099760] (-) TimerEvent: {}
[0.100060] (px4_ros_com) StdoutLine: {'line': b'[  0%] Built target ament_cmake_python_copy_px4_ros_com\n'}
[0.108868] (px4_ros_com) StdoutLine: {'line': b'[ 14%] Built target offboard_control\n'}
[0.109527] (px4_ros_com) StdoutLine: {'line': b'[ 28%] Built target sensor_combined_listener\n'}
[0.115247] (px4_ros_com) StdoutLine: {'line': b'[ 42%] Built target frame_transforms\n'}
[0.118288] (px4_ros_com) StdoutLine: {'line': b'[ 57%] Built target vehicle_gps_position_listener\n'}
[0.130274] (px4_ros_com) StdoutLine: {'line': b'[ 71%] Built target offboard_control_srv\n'}
[0.132735] (px4_ros_com) StdoutLine: {'line': b'[ 85%] Built target debug_vect_advertiser\n'}
[0.137128] (px4_ros_com) StdoutLine: {'line': b'[ 92%] Building CXX object CMakeFiles/multi_vehicle_offboard_control.dir/src/examples/offboard/multi_vehicle_offboard_control.cpp.o\n'}
[0.199846] (-) TimerEvent: {}
[0.300025] (-) TimerEvent: {}
[0.364455] (px4_ros_com) StdoutLine: {'line': b'running egg_info\n'}
[0.373363] (px4_ros_com) StdoutLine: {'line': b'writing px4_ros_com.egg-info/PKG-INFO\n'}
[0.374328] (px4_ros_com) StdoutLine: {'line': b'writing dependency_links to px4_ros_com.egg-info/dependency_links.txt\n'}
[0.374503] (px4_ros_com) StdoutLine: {'line': b'writing top-level names to px4_ros_com.egg-info/top_level.txt\n'}
[0.400171] (-) TimerEvent: {}
[0.401368] (px4_ros_com) StdoutLine: {'line': b"reading manifest file 'px4_ros_com.egg-info/SOURCES.txt'\n"}
[0.402550] (px4_ros_com) StdoutLine: {'line': b"writing manifest file 'px4_ros_com.egg-info/SOURCES.txt'\n"}
[0.451558] (px4_ros_com) StdoutLine: {'line': b'[ 92%] Built target ament_cmake_python_build_px4_ros_com_egg\n'}
[0.501488] (-) TimerEvent: {}
[0.602520] (-) TimerEvent: {}
[0.702901] (-) TimerEvent: {}
[0.803541] (-) TimerEvent: {}
[0.904511] (-) TimerEvent: {}
[1.004725] (-) TimerEvent: {}
[1.104928] (-) TimerEvent: {}
[1.205456] (-) TimerEvent: {}
[1.305653] (-) TimerEvent: {}
[1.406023] (-) TimerEvent: {}
[1.506199] (-) TimerEvent: {}
[1.606380] (-) TimerEvent: {}
[1.706690] (-) TimerEvent: {}
[1.806901] (-) TimerEvent: {}
[1.907065] (-) TimerEvent: {}
[2.007256] (-) TimerEvent: {}
[2.107522] (-) TimerEvent: {}
[2.207759] (-) TimerEvent: {}
[2.307964] (-) TimerEvent: {}
[2.408168] (-) TimerEvent: {}
[2.508334] (-) TimerEvent: {}
[2.608508] (-) TimerEvent: {}
[2.708706] (-) TimerEvent: {}
[2.808998] (-) TimerEvent: {}
[2.909219] (-) TimerEvent: {}
[3.009621] (-) TimerEvent: {}
[3.109827] (-) TimerEvent: {}
[3.210001] (-) TimerEvent: {}
[3.310176] (-) TimerEvent: {}
[3.410409] (-) TimerEvent: {}
[3.510629] (-) TimerEvent: {}
[3.611049] (-) TimerEvent: {}
[3.711317] (-) TimerEvent: {}
[3.811534] (-) TimerEvent: {}
[3.911707] (-) TimerEvent: {}
[4.011880] (-) TimerEvent: {}
[4.112135] (-) TimerEvent: {}
[4.212436] (-) TimerEvent: {}
[4.312608] (-) TimerEvent: {}
[4.412781] (-) TimerEvent: {}
[4.512943] (-) TimerEvent: {}
[4.613097] (-) TimerEvent: {}
[4.713287] (-) TimerEvent: {}
[4.813462] (-) TimerEvent: {}
[4.913619] (-) TimerEvent: {}
[5.013774] (-) TimerEvent: {}
[5.113929] (-) TimerEvent: {}
[5.214077] (-) TimerEvent: {}
[5.314244] (-) TimerEvent: {}
[5.414405] (-) TimerEvent: {}
[5.514555] (-) TimerEvent: {}
[5.614707] (-) TimerEvent: {}
[5.714862] (-) TimerEvent: {}
[5.815029] (-) TimerEvent: {}
[5.915291] (-) TimerEvent: {}
[6.015714] (-) TimerEvent: {}
[6.115897] (-) TimerEvent: {}
[6.216074] (-) TimerEvent: {}
[6.316275] (-) TimerEvent: {}
[6.416448] (-) TimerEvent: {}
[6.516607] (-) TimerEvent: {}
[6.616801] (-) TimerEvent: {}
[6.716990] (-) TimerEvent: {}
[6.818477] (-) TimerEvent: {}
[6.918665] (-) TimerEvent: {}
[7.018811] (-) TimerEvent: {}
[7.119276] (-) TimerEvent: {}
[7.219501] (-) TimerEvent: {}
[7.319845] (-) TimerEvent: {}
[7.420034] (-) TimerEvent: {}
[7.520235] (-) TimerEvent: {}
[7.620518] (-) TimerEvent: {}
[7.720705] (-) TimerEvent: {}
[7.820949] (-) TimerEvent: {}
[7.921184] (-) TimerEvent: {}
[8.021387] (-) TimerEvent: {}
[8.121646] (-) TimerEvent: {}
[8.221835] (-) TimerEvent: {}
[8.322032] (-) TimerEvent: {}
[8.422213] (-) TimerEvent: {}
[8.522416] (-) TimerEvent: {}
[8.622575] (-) TimerEvent: {}
[8.722728] (-) TimerEvent: {}
[8.822888] (-) TimerEvent: {}
[8.923047] (-) TimerEvent: {}
[9.023189] (-) TimerEvent: {}
[9.123366] (-) TimerEvent: {}
[9.223542] (-) TimerEvent: {}
[9.323713] (-) TimerEvent: {}
[9.423900] (-) TimerEvent: {}
[9.524090] (-) TimerEvent: {}
[9.624293] (-) TimerEvent: {}
[9.724481] (-) TimerEvent: {}
[9.824650] (-) TimerEvent: {}
[9.924815] (-) TimerEvent: {}
[10.024978] (-) TimerEvent: {}
[10.125143] (-) TimerEvent: {}
[10.225252] (-) TimerEvent: {}
[10.325415] (-) TimerEvent: {}
[10.425576] (-) TimerEvent: {}
[10.525730] (-) TimerEvent: {}
[10.625898] (-) TimerEvent: {}
[10.726072] (-) TimerEvent: {}
[10.826269] (-) TimerEvent: {}
[10.926442] (-) TimerEvent: {}
[11.026605] (-) TimerEvent: {}
[11.126784] (-) TimerEvent: {}
[11.226962] (-) TimerEvent: {}
[11.327134] (-) TimerEvent: {}
[11.427406] (-) TimerEvent: {}
[11.527574] (-) TimerEvent: {}
[11.627747] (-) TimerEvent: {}
[11.727914] (-) TimerEvent: {}
[11.828067] (-) TimerEvent: {}
[11.928234] (-) TimerEvent: {}
[12.028390] (-) TimerEvent: {}
[12.128667] (-) TimerEvent: {}
[12.228819] (-) TimerEvent: {}
[12.328978] (-) TimerEvent: {}
[12.429128] (-) TimerEvent: {}
[12.529250] (-) TimerEvent: {}
[12.629416] (-) TimerEvent: {}
[12.729577] (-) TimerEvent: {}
[12.829720] (-) TimerEvent: {}
[12.929867] (-) TimerEvent: {}
[13.030029] (-) TimerEvent: {}
[13.130183] (-) TimerEvent: {}
[13.230359] (-) TimerEvent: {}
[13.330527] (-) TimerEvent: {}
[13.430716] (-) TimerEvent: {}
[13.530904] (-) TimerEvent: {}
[13.631058] (-) TimerEvent: {}
[13.731197] (-) TimerEvent: {}
[13.831356] (-) TimerEvent: {}
[13.931529] (-) TimerEvent: {}
[14.031709] (-) TimerEvent: {}
[14.131889] (-) TimerEvent: {}
[14.232234] (-) TimerEvent: {}
[14.332409] (-) TimerEvent: {}
[14.432566] (-) TimerEvent: {}
[14.532696] (-) TimerEvent: {}
[14.632845] (-) TimerEvent: {}
[14.733000] (-) TimerEvent: {}
[14.833143] (-) TimerEvent: {}
[14.933280] (-) TimerEvent: {}
[15.033515] (-) TimerEvent: {}
[15.133703] (-) TimerEvent: {}
[15.233860] (-) TimerEvent: {}
[15.334105] (-) TimerEvent: {}
[15.434262] (-) TimerEvent: {}
[15.534441] (-) TimerEvent: {}
[15.634611] (-) TimerEvent: {}
[15.734795] (-) TimerEvent: {}
[15.834990] (-) TimerEvent: {}
[15.935174] (-) TimerEvent: {}
[16.035414] (-) TimerEvent: {}
[16.135735] (-) TimerEvent: {}
[16.235911] (-) TimerEvent: {}
[16.336202] (-) TimerEvent: {}
[16.436387] (-) TimerEvent: {}
[16.536578] (-) TimerEvent: {}
[16.636808] (-) TimerEvent: {}
[16.737007] (-) TimerEvent: {}
[16.837349] (-) TimerEvent: {}
[16.937569] (-) TimerEvent: {}
[17.037875] (-) TimerEvent: {}
[17.138068] (-) TimerEvent: {}
[17.238244] (-) TimerEvent: {}
[17.338521] (-) TimerEvent: {}
[17.438717] (-) TimerEvent: {}
[17.539054] (-) TimerEvent: {}
[17.639223] (-) TimerEvent: {}
[17.739364] (-) TimerEvent: {}
[17.839540] (-) TimerEvent: {}
[17.939714] (-) TimerEvent: {}
[18.040287] (-) TimerEvent: {}
[18.140471] (-) TimerEvent: {}
[18.240770] (-) TimerEvent: {}
[18.340946] (-) TimerEvent: {}
[18.441111] (-) TimerEvent: {}
[18.541254] (-) TimerEvent: {}
[18.641399] (-) TimerEvent: {}
[18.741589] (-) TimerEvent: {}
[18.841759] (-) TimerEvent: {}
[18.941920] (-) TimerEvent: {}
[19.042070] (-) TimerEvent: {}
[19.142232] (-) TimerEvent: {}
[19.242419] (-) TimerEvent: {}
[19.342587] (-) TimerEvent: {}
[19.442812] (-) TimerEvent: {}
[19.542987] (-) TimerEvent: {}
[19.643252] (-) TimerEvent: {}
[19.743424] (-) TimerEvent: {}
[19.843593] (-) TimerEvent: {}
[19.943757] (-) TimerEvent: {}
[20.043928] (-) TimerEvent: {}
[20.144178] (-) TimerEvent: {}
[20.244387] (-) TimerEvent: {}
[20.344565] (-) TimerEvent: {}
[20.420708] (px4_ros_com) StdoutLine: {'line': b'[100%] Linking CXX executable multi_vehicle_offboard_control\n'}
[20.444668] (-) TimerEvent: {}
[20.544851] (-) TimerEvent: {}
[20.645015] (-) TimerEvent: {}
[20.745177] (-) TimerEvent: {}
[20.845369] (-) TimerEvent: {}
[20.945569] (-) TimerEvent: {}
[21.045829] (-) TimerEvent: {}
[21.146248] (-) TimerEvent: {}
[21.246423] (-) TimerEvent: {}
[21.346572] (-) TimerEvent: {}
[21.446728] (-) TimerEvent: {}
[21.483297] (px4_ros_com) StdoutLine: {'line': b'[100%] Built target multi_vehicle_offboard_control\n'}
[21.497100] (px4_ros_com) CommandEnded: {'returncode': 0}
[21.498465] (px4_ros_com) JobProgress: {'identifier': 'px4_ros_com', 'progress': 'install'}
[21.508798] (px4_ros_com) Command: {'cmd': ['/usr/bin/cmake', '--install', '/home/hamad/ws_offboard_control/build/px4_ros_com'], 'cwd': '/home/hamad/ws_offboard_control/build/px4_ros_com', 'env': OrderedDict({'GJS_DEBUG_TOPICS': 'JS ERROR;JS LOG', 'LESSOPEN': '| /usr/bin/lesspipe %s', 'VSCODE_CWD': '/home/hamad', 'VSCODE_ESM_ENTRYPOINT': 'vs/workbench/api/node/extensionHostProcess', 'USER': 'hamad', 'VSCODE_NLS_CONFIG': '{"userLocale":"en-us","osLocale":"en-us","resolvedLanguage":"en","defaultMessagesFile":"/usr/share/cursor/resources/app/out/nls.messages.json","locale":"en-us","availableLanguages":{}}', 'VSCODE_HANDLES_UNCAUGHT_ERRORS': 'true', 'XDG_SESSION_TYPE': 'x11', 'CLUTTER_DISABLE_MIPMAPPED_TEXT': '1', 'SHLVL': '1', 'LD_LIBRARY_PATH': '/home/hamad/ws_offboard_control/install/px4_msgs/lib', 'HOME': '/home/hamad', 'CHROME_DESKTOP': 'cursor.desktop', 'OLDPWD': '/home/hamad/ws_offboard_control', 'DESKTOP_SESSION': 'ubuntu', 'VSCODE_IPC_HOOK': '/run/user/1000/vscode-083de33d-2.0.-main.sock', 'GIO_LAUNCHED_DESKTOP_FILE': '/usr/share/applications/cursor.desktop', 'GNOME_SHELL_SESSION_MODE': 'ubuntu', 'GTK_MODULES': 'gail:atk-bridge', 'PS1': '(.local) ${debian_chroot:+($debian_chroot)}\\u@\\h:\\w\\$', 'MANAGERPID': '1378', 'SYSTEMD_EXEC_PID': '1706', 'GSM_SKIP_SSH_AGENT_WORKAROUND': 'true', 'NO_COLOR': '1', 'DBUS_SESSION_BUS_ADDRESS': 'unix:path=/run/user/1000/bus', 'GIO_LAUNCHED_DESKTOP_FILE_PID': '22516', 'VSCODE_CRASH_REPORTER_PROCESS_TYPE': 'extensionHost', 'DEBUGINFOD_URLS': 'https://debuginfod.ubuntu.com', 'LOGNAME': 'hamad', 'FORCE_COLOR': '0', 'JOURNAL_STREAM': '9:12953', '_': '/usr/bin/colcon', 'MEMORY_PRESSURE_WATCH': '/sys/fs/cgroup/user.slice/user-1000.slice/user@1000.service/session.slice/org.gnome.Shell@x11.service/memory.pressure', 'XDG_SESSION_CLASS': 'user', 'USERNAME': 'hamad', 'TERM': 'dumb', 'GNOME_DESKTOP_SESSION_ID': 'this-is-deprecated', 'COMPOSER_NO_INTERACTION': '1', 'WINDOWPATH': '2', 'PATH': '/home/hamad/.local/bin:/home/hamad/.local/bin:/home/hamad/.local/bin:/home/hamad/.local/bin:/home/hamad/.local/bin:/usr/local/sbin:/usr/local/bin:/usr/sbin:/usr/bin:/sbin:/bin:/usr/games:/usr/local/games:/snap/bin:/snap/bin:/opt/xtensa-esp-elf/bin/:/opt/xtensa-esp-elf/bin/:/opt/xtensa-esp-elf/bin/:/opt/xtensa-esp-elf/bin/', 'SESSION_MANAGER': 'local/SWARM:@/tmp/.ICE-unix/1668,unix/SWARM:/tmp/.ICE-unix/1668', 'INVOCATION_ID': 'e1bc6f8bad5742548ab2c901e9d2a818', 'GTK3_MODULES': 'xapp-gtk3-module', 'XDG_MENU_PREFIX': 'gnome-', 'VSCODE_PROCESS_TITLE': 'extension-host  [1-1]', 'XDG_RUNTIME_DIR': '/run/user/1000', 'GDK_BACKEND': 'x11', 'CURSOR_AGENT': '1', 'DISPLAY': ':0', 'LANG': 'en_US.UTF-8', 'XDG_CURRENT_DESKTOP': 'Unity', 'VIRTUAL_ENV_PROMPT': '(.local)', 'XMODIFIERS': '@im=ibus', 'XDG_SESSION_DESKTOP': 'ubuntu', 'XAUTHORITY': '/run/user/1000/gdm/Xauthority', 'LS_COLORS': '', 'SBX_CHROME_API_RQ': '1', 'CURSOR_TRACE_ID': '2572c32dcd154c8a9b81153bbb3b3e1f', 'SSH_AUTH_SOCK': '/run/user/1000/keyring/ssh', 'ORIGINAL_XDG_CURRENT_DESKTOP': 'ubuntu:GNOME', 'AMENT_PREFIX_PATH': '/home/hamad/ws_offboard_control/install/px4_msgs', 'SHELL': '/bin/bash', 'QT_ACCESSIBILITY': '1', 'GDMSESSION': 'ubuntu', 'LESSCLOSE': '/usr/bin/lesspipe %s %s', 'GPG_AGENT_INFO': '/run/user/1000/gnupg/S.gpg-agent:0:1', 'GJS_DEBUG_OUTPUT': 'stderr', 'VIRTUAL_ENV': '/home/hamad/.local', 'QT_IM_MODULE': 'ibus', 'PWD': '/home/hamad/ws_offboard_control/build/px4_ros_com', 'LC_ALL': 'en_US.UTF-8', 'XDG_CONFIG_DIRS': '/etc/xdg/xdg-ubuntu:/etc/xdg', 'VSCODE_CODE_CACHE_PATH': '/home/hamad/.config/Cursor/CachedData/ba90f2f88e4911312761abab9492c42442117cf0', 'XDG_DATA_DIRS': '/usr/share/ubuntu:/usr/share/gnome:/usr/local/share/:/usr/share/:/var/lib/snapd/desktop', 'PYTHONPATH': '/home/hamad/ws_offboard_control/install/px4_msgs/lib/python3.12/site-packages', 'COLCON': '1', 'MEMORY_PRESSURE_WRITE': 'c29tZSAyMDAwMDAgMjAwMDAwMAA=', 'VSCODE_PID': '22516', 'CMAKE_PREFIX_PATH': '/home/hamad/ws_offboard_control/install/px4_msgs'}), 'shell': False}
[21.519352] (px4_ros_com) StdoutLine: {'line': b'-- Install configuration: ""\n'}
[21.519605] (px4_ros_com) StdoutLine: {'line': b'-- Up-to-date: /home/hamad/ws_offboard_control/install/px4_ros_com/lib/px4_ros_com/sensor_combined_listener\n'}
[21.519785] (px4_ros_com) StdoutLine: {'line': b'-- Up-to-date: /home/hamad/ws_offboard_control/install/px4_ros_com/lib/px4_ros_com/vehicle_gps_position_listener\n'}
[21.520003] (px4_ros_com) StdoutLine: {'line': b'-- Up-to-date: /home/hamad/ws_offboard_control/install/px4_ros_com/lib/px4_ros_com/debug_vect_advertiser\n'}
[21.521839] (px4_ros_com) StdoutLine: {'line': b'-- Up-to-date: /home/hamad/ws_offboard_control/install/px4_ros_com/lib/px4_ros_com/offboard_control\n'}
[21.522147] (px4_ros_com) StdoutLine: {'line': b'-- Up-to-date: /home/hamad/ws_offboard_control/install/px4_ros_com/lib/px4_ros_com/offboard_control_srv\n'}
[21.522317] (px4_ros_com) StdoutLine: {'line': b'-- Installing: /home/hamad/ws_offboard_control/install/px4_ros_com/lib/px4_ros_com/multi_vehicle_offboard_control\n'}
[21.535700] (px4_ros_com) StdoutLine: {'line': b'-- Set non-toolchain portion of runtime path of "/home/hamad/ws_offboard_control/install/px4_ros_com/lib/px4_ros_com/multi_vehicle_offboard_control" to ""\n'}
[21.535954] (px4_ros_com) StdoutLine: {'line': b'-- Up-to-date: /home/hamad/ws_offboard_control/install/px4_ros_com/share/px4_ros_com/environment/library_path.sh\n'}
[21.536117] (px4_ros_com) StdoutLine: {'line': b'-- Up-to-date: /home/hamad/ws_offboard_control/install/px4_ros_com/share/px4_ros_com/environment/library_path.dsv\n'}
[21.536278] (px4_ros_com) StdoutLine: {'line': b'-- Up-to-date: /home/hamad/ws_offboard_control/install/px4_ros_com/include/px4_ros_com\n'}
[21.536416] (px4_ros_com) StdoutLine: {'line': b'-- Up-to-date: /home/hamad/ws_offboard_control/install/px4_ros_com/include/px4_ros_com/frame_transforms.h\n'}
[21.537040] (px4_ros_com) StdoutLine: {'line': b'-- Up-to-date: /home/hamad/ws_offboard_control/install/px4_ros_com/lib/libframe_transforms.so\n'}
[21.537409] (px4_ros_com) StdoutLine: {'line': b'-- Up-to-date: /home/hamad/ws_offboard_control/install/px4_ros_com/share/px4_ros_com//launch\n'}
[21.537636] (px4_ros_com) StdoutLine: {'line': b'-- Up-to-date: /home/hamad/ws_offboard_control/install/px4_ros_com/share/px4_ros_com//launch/sensor_combined_listener.launch.py\n'}
[21.537775] (px4_ros_com) StdoutLine: {'line': b'-- Up-to-date: /home/hamad/ws_offboard_control/install/px4_ros_com/share/px4_ros_com//launch/offboard_control_launch.yaml\n'}
[21.538079] (px4_ros_com) StdoutLine: {'line': b'-- Up-to-date: /home/hamad/ws_offboard_control/install/px4_ros_com/share/px4_ros_com//test\n'}
[21.538226] (px4_ros_com) StdoutLine: {'line': b'-- Up-to-date: /home/hamad/ws_offboard_control/install/px4_ros_com/share/px4_ros_com//test/__init__.py\n'}
[21.538334] (px4_ros_com) StdoutLine: {'line': b'-- Up-to-date: /home/hamad/ws_offboard_control/install/px4_ros_com/share/px4_ros_com//test/test_input.py\n'}
[21.538435] (px4_ros_com) StdoutLine: {'line': b'-- Up-to-date: /home/hamad/ws_offboard_control/install/px4_ros_com/share/px4_ros_com//test/test_output.py\n'}
[21.538533] (px4_ros_com) StdoutLine: {'line': b'-- Up-to-date: /home/hamad/ws_offboard_control/install/px4_ros_com/share/px4_ros_com//test/pipeline_io_test.py\n'}
[21.538659] (px4_ros_com) StdoutLine: {'line': b'-- Up-to-date: /home/hamad/ws_offboard_control/install/px4_ros_com/share/px4_ros_com/environment/pythonpath.sh\n'}
[21.538783] (px4_ros_com) StdoutLine: {'line': b'-- Up-to-date: /home/hamad/ws_offboard_control/install/px4_ros_com/share/px4_ros_com/environment/pythonpath.dsv\n'}
[21.538918] (px4_ros_com) StdoutLine: {'line': b'-- Up-to-date: /home/hamad/ws_offboard_control/install/px4_ros_com/lib/python3.12/site-packages/px4_ros_com-0.1.0-py3.12.egg-info\n'}
[21.539048] (px4_ros_com) StdoutLine: {'line': b'-- Installing: /home/hamad/ws_offboard_control/install/px4_ros_com/lib/python3.12/site-packages/px4_ros_com-0.1.0-py3.12.egg-info/SOURCES.txt\n'}
[21.539167] (px4_ros_com) StdoutLine: {'line': b'-- Installing: /home/hamad/ws_offboard_control/install/px4_ros_com/lib/python3.12/site-packages/px4_ros_com-0.1.0-py3.12.egg-info/PKG-INFO\n'}
[21.539322] (px4_ros_com) StdoutLine: {'line': b'-- Installing: /home/hamad/ws_offboard_control/install/px4_ros_com/lib/python3.12/site-packages/px4_ros_com-0.1.0-py3.12.egg-info/dependency_links.txt\n'}
[21.539420] (px4_ros_com) StdoutLine: {'line': b'-- Installing: /home/hamad/ws_offboard_control/install/px4_ros_com/lib/python3.12/site-packages/px4_ros_com-0.1.0-py3.12.egg-info/top_level.txt\n'}
[21.539536] (px4_ros_com) StdoutLine: {'line': b'-- Up-to-date: /home/hamad/ws_offboard_control/install/px4_ros_com/lib/python3.12/site-packages/px4_ros_com\n'}
[21.539644] (px4_ros_com) StdoutLine: {'line': b'-- Up-to-date: /home/hamad/ws_offboard_control/install/px4_ros_com/lib/python3.12/site-packages/px4_ros_com/module_to_import.py\n'}
[21.539744] (px4_ros_com) StdoutLine: {'line': b'-- Up-to-date: /home/hamad/ws_offboard_control/install/px4_ros_com/lib/python3.12/site-packages/px4_ros_com/__init__.py\n'}
[21.546811] (-) TimerEvent: {}
[21.588078] (px4_ros_com) StdoutLine: {'line': b"Listing '/home/hamad/ws_offboard_control/install/px4_ros_com/lib/python3.12/site-packages/px4_ros_com'...\n"}
[21.597090] (px4_ros_com) StdoutLine: {'line': b'-- Up-to-date: /home/hamad/ws_offboard_control/install/px4_ros_com/lib/px4_ros_com/offboard_control.py\n'}
[21.597525] (px4_ros_com) StdoutLine: {'line': b'-- Up-to-date: /home/hamad/ws_offboard_control/install/px4_ros_com/share/ament_index/resource_index/package_run_dependencies/px4_ros_com\n'}
[21.597643] (px4_ros_com) StdoutLine: {'line': b'-- Up-to-date: /home/hamad/ws_offboard_control/install/px4_ros_com/share/ament_index/resource_index/parent_prefix_path/px4_ros_com\n'}
[21.597741] (px4_ros_com) StdoutLine: {'line': b'-- Up-to-date: /home/hamad/ws_offboard_control/install/px4_ros_com/share/px4_ros_com/environment/ament_prefix_path.sh\n'}
[21.597846] (px4_ros_com) StdoutLine: {'line': b'-- Up-to-date: /home/hamad/ws_offboard_control/install/px4_ros_com/share/px4_ros_com/environment/ament_prefix_path.dsv\n'}
[21.597948] (px4_ros_com) StdoutLine: {'line': b'-- Up-to-date: /home/hamad/ws_offboard_control/install/px4_ros_com/share/px4_ros_com/environment/path.sh\n'}
[21.598049] (px4_ros_com) StdoutLine: {'line': b'-- Up-to-date: /home/hamad/ws_offboard_control/install/px4_ros_com/share/px4_ros_com/environment/path.dsv\n'}
[21.598156] (px4_ros_com) StdoutLine: {'line': b'-- Up-to-date: /home/hamad/ws_offboard_control/install/px4_ros_com/share/px4_ros_com/local_setup.bash\n'}
[21.598543] (px4_ros_com) StdoutLine: {'line': b'-- Up-to-date: /home/hamad/ws_offboard_control/install/px4_ros_com/share/px4_ros_com/local_setup.sh\n'}
[21.598674] (px4_ros_com) StdoutLine: {'line': b'-- Up-to-date: /home/hamad/ws_offboard_control/install/px4_ros_com/share/px4_ros_com/local_setup.zsh\n'}
[21.598783] (px4_ros_com) StdoutLine: {'line': b'-- Up-to-date: /home/hamad/ws_offboard_control/install/px4_ros_com/share/px4_ros_com/local_setup.dsv\n'}
[21.598895] (px4_ros_com) StdoutLine: {'line': b'-- Installing: /home/hamad/ws_offboard_control/install/px4_ros_com/share/px4_ros_com/package.dsv\n'}
[21.599004] (px4_ros_com) StdoutLine: {'line': b'-- Up-to-date: /home/hamad/ws_offboard_control/install/px4_ros_com/share/ament_index/resource_index/packages/px4_ros_com\n'}
[21.599102] (px4_ros_com) StdoutLine: {'line': b'-- Up-to-date: /home/hamad/ws_offboard_control/install/px4_ros_com/share/px4_ros_com/cmake/export_frame_transformsExport.cmake\n'}
[21.599212] (px4_ros_com) StdoutLine: {'line': b'-- Up-to-date: /home/hamad/ws_offboard_control/install/px4_ros_com/share/px4_ros_com/cmake/export_frame_transformsExport-noconfig.cmake\n'}
[21.599434] (px4_ros_com) StdoutLine: {'line': b'-- Up-to-date: /home/hamad/ws_offboard_control/install/px4_ros_com/share/px4_ros_com/cmake/ament_cmake_export_dependencies-extras.cmake\n'}
[21.599534] (px4_ros_com) StdoutLine: {'line': b'-- Up-to-date: /home/hamad/ws_offboard_control/install/px4_ros_com/share/px4_ros_com/cmake/ament_cmake_export_targets-extras.cmake\n'}
[21.599630] (px4_ros_com) StdoutLine: {'line': b'-- Up-to-date: /home/hamad/ws_offboard_control/install/px4_ros_com/share/px4_ros_com/cmake/ament_cmake_export_include_directories-extras.cmake\n'}
[21.599730] (px4_ros_com) StdoutLine: {'line': b'-- Up-to-date: /home/hamad/ws_offboard_control/install/px4_ros_com/share/px4_ros_com/cmake/ament_cmake_export_libraries-extras.cmake\n'}
[21.599828] (px4_ros_com) StdoutLine: {'line': b'-- Up-to-date: /home/hamad/ws_offboard_control/install/px4_ros_com/share/px4_ros_com/cmake/px4_ros_comConfig.cmake\n'}
[21.599922] (px4_ros_com) StdoutLine: {'line': b'-- Up-to-date: /home/hamad/ws_offboard_control/install/px4_ros_com/share/px4_ros_com/cmake/px4_ros_comConfig-version.cmake\n'}
[21.600019] (px4_ros_com) StdoutLine: {'line': b'-- Up-to-date: /home/hamad/ws_offboard_control/install/px4_ros_com/share/px4_ros_com/package.xml\n'}
[21.600778] (px4_ros_com) CommandEnded: {'returncode': 0}
[21.639788] (px4_ros_com) JobEnded: {'identifier': 'px4_ros_com', 'rc': 0}
[21.640841] (-) EventReactorShutdown: {}
