[0.000000] (-) TimerEvent: {}
[0.000100] (px4_msgs) JobQueued: {'identifier': 'px4_msgs', 'dependencies': OrderedDict()}
[0.000301] (px4_ros_com) JobQueued: {'identifier': 'px4_ros_com', 'dependencies': OrderedDict({'px4_msgs': '/home/swarm/ws_offboard_control/install/px4_msgs'})}
[0.000323] (px4_msgs) JobStarted: {'identifier': 'px4_msgs'}
[0.002838] (px4_msgs) JobProgress: {'identifier': 'px4_msgs', 'progress': 'cmake'}
[0.003193] (px4_msgs) Command: {'cmd': ['/usr/bin/cmake', '/home/swarm/ws_offboard_control/src/px4_msgs', '-DCMAKE_INSTALL_PREFIX=/home/swarm/ws_offboard_control/install/px4_msgs'], 'cwd': '/home/swarm/ws_offboard_control/build/px4_msgs', 'env': OrderedDict({'GJS_DEBUG_TOPICS': 'JS ERROR;JS LOG', 'LESSOPEN': '| /usr/bin/lesspipe %s', 'VSCODE_CWD': '/home/swarm', 'VSCODE_ESM_ENTRYPOINT': 'vs/workbench/api/node/extensionHostProcess', 'USER': 'swarm', 'LC_TIME': 'en_GB.UTF-8', 'VSCODE_NLS_CONFIG': '{"userLocale":"en-us","osLocale":"en-us","resolvedLanguage":"en","defaultMessagesFile":"/usr/share/cursor/resources/app/out/nls.messages.json","locale":"en-us","availableLanguages":{}}', 'VSCODE_HANDLES_UNCAUGHT_ERRORS': 'true', 'XDG_SESSION_TYPE': 'x11', 'CLUTTER_DISABLE_MIPMAPPED_TEXT': '1', 'SHLVL': '1', 'HOME': '/home/swarm', 'CHROME_DESKTOP': 'cursor.desktop', 'OLDPWD': '/home/swarm/ws_offboard_control', 'DESKTOP_SESSION': 'ubuntu', 'VSCODE_IPC_HOOK': '/run/user/1000/vscode-1b1e481e-2.0.-main.sock', 'GIO_LAUNCHED_DESKTOP_FILE': '/usr/share/applications/cursor.desktop', 'GNOME_SHELL_SESSION_MODE': 'ubuntu', 'GTK_MODULES': 'gail:atk-bridge', 'PS1': '(.local) ${debian_chroot:+($debian_chroot)}\\u@\\h:\\w\\$', 'LC_MONETARY': 'en_GB.UTF-8', 'MANAGERPID': '1875', 'SYSTEMD_EXEC_PID': '2248', 'GSM_SKIP_SSH_AGENT_WORKAROUND': 'true', 'NO_COLOR': '1', 'DBUS_SESSION_BUS_ADDRESS': 'unix:path=/run/user/1000/bus', 'GIO_LAUNCHED_DESKTOP_FILE_PID': '6842', 'VSCODE_CRASH_REPORTER_PROCESS_TYPE': 'extensionHost', 'DEBUGINFOD_URLS': 'https://debuginfod.ubuntu.com', 'LOGNAME': 'swarm', 'FORCE_COLOR': '0', 'JOURNAL_STREAM': '9:35184', '_': '/usr/bin/colcon', 'MEMORY_PRESSURE_WATCH': '/sys/fs/cgroup/user.slice/user-1000.slice/user@1000.service/session.slice/org.gnome.Shell@x11.service/memory.pressure', 'XDG_SESSION_CLASS': 'user', 'USERNAME': 'swarm', 'TERM': 'dumb', 'GNOME_DESKTOP_SESSION_ID': 'this-is-deprecated', 'COMPOSER_NO_INTERACTION': '1', 'WINDOWPATH': '2', 'PATH': '/home/swarm/.local/bin:/home/swarm/.local/bin:/home/swarm/.local/bin:/home/swarm/.local/bin:/home/swarm/.local/bin:/usr/local/sbin:/usr/local/bin:/usr/sbin:/usr/bin:/sbin:/bin:/usr/games:/usr/local/games:/snap/bin:/snap/bin', 'SESSION_MANAGER': 'local/swarm:@/tmp/.ICE-unix/2222,unix/swarm:/tmp/.ICE-unix/2222', 'INVOCATION_ID': 'ca3ad3e6c1594224a66f8a49dbe9a21e', 'PAPERSIZE': 'a4', 'GTK3_MODULES': 'xapp-gtk3-module', 'XDG_MENU_PREFIX': 'gnome-', 'LC_ADDRESS': 'en_GB.UTF-8', 'VSCODE_PROCESS_TITLE': 'extension-host  [1-1]', 'XDG_RUNTIME_DIR': '/run/user/1000', 'GDK_BACKEND': 'x11', 'CURSOR_AGENT': '1', 'DISPLAY': ':0', 'LANG': 'en_US.UTF-8', 'XDG_CURRENT_DESKTOP': 'Unity', 'LC_TELEPHONE': 'en_GB.UTF-8', 'VIRTUAL_ENV_PROMPT': '(.local)', 'XMODIFIERS': '@im=ibus', 'XDG_SESSION_DESKTOP': 'ubuntu', 'XAUTHORITY': '/run/user/1000/gdm/Xauthority', 'LS_COLORS': '', 'SBX_CHROME_API_RQ': '1', 'CURSOR_TRACE_ID': '28070ed27cd34385a2d8136554d9c4bc', 'SSH_AUTH_SOCK': '/run/user/1000/keyring/ssh', 'ORIGINAL_XDG_CURRENT_DESKTOP': 'ubuntu:GNOME', 'SHELL': '/bin/bash', 'LC_NAME': 'en_GB.UTF-8', 'QT_ACCESSIBILITY': '1', 'GDMSESSION': 'ubuntu', 'LESSCLOSE': '/usr/bin/lesspipe %s %s', 'LC_MEASUREMENT': 'en_GB.UTF-8', 'GPG_AGENT_INFO': '/run/user/1000/gnupg/S.gpg-agent:0:1', 'GJS_DEBUG_OUTPUT': 'stderr', 'LC_IDENTIFICATION': 'en_GB.UTF-8', 'VIRTUAL_ENV': '/home/swarm/.local', 'QT_IM_MODULE': 'ibus', 'PWD': '/home/swarm/ws_offboard_control/build/px4_msgs', 'XDG_CONFIG_DIRS': '/etc/xdg/xdg-ubuntu:/etc/xdg', 'VSCODE_CODE_CACHE_PATH': '/home/swarm/.config/Cursor/CachedData/63fcac100bd5d5749f2a98aa47d65f6eca61db30', 'XDG_DATA_DIRS': '/usr/share/ubuntu:/usr/share/gnome:/usr/local/share/:/usr/share/:/var/lib/snapd/desktop', 'LC_NUMERIC': 'en_GB.UTF-8', 'LC_PAPER': 'en_GB.UTF-8', 'COLCON': '1', 'MEMORY_PRESSURE_WRITE': 'c29tZSAyMDAwMDAgMjAwMDAwMAA=', 'VSCODE_PID': '6842'}), 'shell': False}
[0.069260] (px4_msgs) StdoutLine: {'line': b'-- The C compiler identification is GNU 13.3.0\n'}
[0.100074] (-) TimerEvent: {}
[0.121062] (px4_msgs) StdoutLine: {'line': b'-- The CXX compiler identification is GNU 13.3.0\n'}
[0.133456] (px4_msgs) StdoutLine: {'line': b'-- Detecting C compiler ABI info\n'}
[0.186766] (px4_msgs) StdoutLine: {'line': b'-- Detecting C compiler ABI info - done\n'}
[0.191326] (px4_msgs) StdoutLine: {'line': b'-- Check for working C compiler: /usr/bin/cc - skipped\n'}
[0.191539] (px4_msgs) StdoutLine: {'line': b'-- Detecting C compile features\n'}
[0.191820] (px4_msgs) StdoutLine: {'line': b'-- Detecting C compile features - done\n'}
[0.197738] (px4_msgs) StdoutLine: {'line': b'-- Detecting CXX compiler ABI info\n'}
[0.200174] (-) TimerEvent: {}
[0.252354] (px4_msgs) StdoutLine: {'line': b'-- Detecting CXX compiler ABI info - done\n'}
[0.256671] (px4_msgs) StdoutLine: {'line': b'-- Check for working CXX compiler: /usr/bin/c++ - skipped\n'}
[0.256797] (px4_msgs) StdoutLine: {'line': b'-- Detecting CXX compile features\n'}
[0.257025] (px4_msgs) StdoutLine: {'line': b'-- Detecting CXX compile features - done\n'}
[0.262710] (px4_msgs) StderrLine: {'line': b'CMake Error at CMakeLists.txt:11 (find_package):\n'}
[0.262773] (px4_msgs) StderrLine: {'line': b'  By not providing "Findament_cmake.cmake" in CMAKE_MODULE_PATH this project\n'}
[0.262802] (px4_msgs) StderrLine: {'line': b'  has asked CMake to find a package configuration file provided by\n'}
[0.262828] (px4_msgs) StderrLine: {'line': b'  "ament_cmake", but CMake did not find one.\n'}
[0.262852] (px4_msgs) StderrLine: {'line': b'\n'}
[0.262875] (px4_msgs) StderrLine: {'line': b'  Could not find a package configuration file provided by "ament_cmake" with\n'}
[0.262899] (px4_msgs) StderrLine: {'line': b'  any of the following names:\n'}
[0.262924] (px4_msgs) StderrLine: {'line': b'\n'}
[0.262947] (px4_msgs) StderrLine: {'line': b'    ament_cmakeConfig.cmake\n'}
[0.262970] (px4_msgs) StderrLine: {'line': b'    ament_cmake-config.cmake\n'}
[0.262994] (px4_msgs) StderrLine: {'line': b'\n'}
[0.263018] (px4_msgs) StderrLine: {'line': b'  Add the installation prefix of "ament_cmake" to CMAKE_PREFIX_PATH or set\n'}
[0.263042] (px4_msgs) StderrLine: {'line': b'  "ament_cmake_DIR" to a directory containing one of the above files.  If\n'}
[0.263065] (px4_msgs) StderrLine: {'line': b'  "ament_cmake" provides a separate development package or SDK, be sure it\n'}
[0.263088] (px4_msgs) StderrLine: {'line': b'  has been installed.\n'}
[0.263111] (px4_msgs) StderrLine: {'line': b'\n'}
[0.263134] (px4_msgs) StderrLine: {'line': b'\n'}
[0.263158] (px4_msgs) StdoutLine: {'line': b'-- Configuring incomplete, errors occurred!\n'}
[0.264814] (px4_msgs) CommandEnded: {'returncode': 1}
[0.275523] (px4_msgs) JobEnded: {'identifier': 'px4_msgs', 'rc': 1}
[0.285696] (px4_ros_com) JobSkipped: {'identifier': 'px4_ros_com'}
[0.285711] (-) EventReactorShutdown: {}
