[0.007s] Invoking command in '/home/swarm/ws_offboard_control/build/px4_ros_com': AMENT_PREFIX_PATH=/home/swarm/ws_offboard_control/install/px4_msgs:${AMENT_PREFIX_PATH} CMAKE_PREFIX_PATH=/home/swarm/ws_offboard_control/install/px4_msgs:/opt/ros/jazzy/opt/gz_sim_vendor:/opt/ros/jazzy/opt/gz_sensors_vendor:/opt/ros/jazzy/opt/gz_physics_vendor:/opt/ros/jazzy/opt/sdformat_vendor:/opt/ros/jazzy/opt/gz_gui_vendor:/opt/ros/jazzy/opt/gz_transport_vendor:/opt/ros/jazzy/opt/gz_rendering_vendor:/opt/ros/jazzy/opt/gz_plugin_vendor:/opt/ros/jazzy/opt/gz_fuel_tools_vendor:/opt/ros/jazzy/opt/gz_msgs_vendor:/opt/ros/jazzy/opt/gz_common_vendor:/opt/ros/jazzy/opt/gz_math_vendor:/opt/ros/jazzy/opt/gz_utils_vendor:/opt/ros/jazzy/opt/gz_tools_vendor:/opt/ros/jazzy/opt/gz_ogre_next_vendor:/opt/ros/jazzy/opt/gz_dartsim_vendor:/opt/ros/jazzy/opt/gz_cmake_vendor:/opt/ros/jazzy DEBUGINFOD_URLS=https://debuginfod.ubuntu.com LD_LIBRARY_PATH=/home/swarm/ws_offboard_control/install/px4_msgs/lib:${LD_LIBRARY_PATH} PS1=(.local) \[\e]0;\u@\h: \w\a\]${debian_chroot:+($debian_chroot)}\[\033[01;32m\]\u@\h\[\033[00m\]:\[\033[01;34m\]\w\[\033[00m\]\$ PYTHONPATH=/home/swarm/ws_offboard_control/install/px4_msgs/lib/python3.12/site-packages:${PYTHONPATH} VIRTUAL_ENV_PROMPT=(.local) /usr/bin/cmake --build /home/swarm/ws_offboard_control/build/px4_ros_com -- -j32 -l32
[0.045s] [ 14%] Built target sensor_combined_listener
[0.045s] [ 28%] Built target vehicle_gps_position_listener
[0.049s] [ 42%] Built target frame_transforms
[0.049s] [ 57%] Built target debug_vect_advertiser
[0.049s] [ 71%] Built target offboard_control
[0.049s] [ 85%] Built target offboard_control_srv
[0.050s] [ 85%] Built target ament_cmake_python_copy_px4_ros_com
[0.050s] [100%] Built target multi_vehicle_offboard_control
[0.139s] running egg_info
[0.144s] writing px4_ros_com.egg-info/PKG-INFO
[0.145s] writing dependency_links to px4_ros_com.egg-info/dependency_links.txt
[0.145s] writing top-level names to px4_ros_com.egg-info/top_level.txt
[0.161s] reading manifest file 'px4_ros_com.egg-info/SOURCES.txt'
[0.161s] writing manifest file 'px4_ros_com.egg-info/SOURCES.txt'
[0.177s] [100%] Built target ament_cmake_python_build_px4_ros_com_egg
[0.184s] Invoked command in '/home/swarm/ws_offboard_control/build/px4_ros_com' returned '0': AMENT_PREFIX_PATH=/home/swarm/ws_offboard_control/install/px4_msgs:${AMENT_PREFIX_PATH} CMAKE_PREFIX_PATH=/home/swarm/ws_offboard_control/install/px4_msgs:/opt/ros/jazzy/opt/gz_sim_vendor:/opt/ros/jazzy/opt/gz_sensors_vendor:/opt/ros/jazzy/opt/gz_physics_vendor:/opt/ros/jazzy/opt/sdformat_vendor:/opt/ros/jazzy/opt/gz_gui_vendor:/opt/ros/jazzy/opt/gz_transport_vendor:/opt/ros/jazzy/opt/gz_rendering_vendor:/opt/ros/jazzy/opt/gz_plugin_vendor:/opt/ros/jazzy/opt/gz_fuel_tools_vendor:/opt/ros/jazzy/opt/gz_msgs_vendor:/opt/ros/jazzy/opt/gz_common_vendor:/opt/ros/jazzy/opt/gz_math_vendor:/opt/ros/jazzy/opt/gz_utils_vendor:/opt/ros/jazzy/opt/gz_tools_vendor:/opt/ros/jazzy/opt/gz_ogre_next_vendor:/opt/ros/jazzy/opt/gz_dartsim_vendor:/opt/ros/jazzy/opt/gz_cmake_vendor:/opt/ros/jazzy DEBUGINFOD_URLS=https://debuginfod.ubuntu.com LD_LIBRARY_PATH=/home/swarm/ws_offboard_control/install/px4_msgs/lib:${LD_LIBRARY_PATH} PS1=(.local) \[\e]0;\u@\h: \w\a\]${debian_chroot:+($debian_chroot)}\[\033[01;32m\]\u@\h\[\033[00m\]:\[\033[01;34m\]\w\[\033[00m\]\$ PYTHONPATH=/home/swarm/ws_offboard_control/install/px4_msgs/lib/python3.12/site-packages:${PYTHONPATH} VIRTUAL_ENV_PROMPT=(.local) /usr/bin/cmake --build /home/swarm/ws_offboard_control/build/px4_ros_com -- -j32 -l32
[0.189s] Invoking command in '/home/swarm/ws_offboard_control/build/px4_ros_com': AMENT_PREFIX_PATH=/home/swarm/ws_offboard_control/install/px4_msgs:${AMENT_PREFIX_PATH} CMAKE_PREFIX_PATH=/home/swarm/ws_offboard_control/install/px4_msgs:/opt/ros/jazzy/opt/gz_sim_vendor:/opt/ros/jazzy/opt/gz_sensors_vendor:/opt/ros/jazzy/opt/gz_physics_vendor:/opt/ros/jazzy/opt/sdformat_vendor:/opt/ros/jazzy/opt/gz_gui_vendor:/opt/ros/jazzy/opt/gz_transport_vendor:/opt/ros/jazzy/opt/gz_rendering_vendor:/opt/ros/jazzy/opt/gz_plugin_vendor:/opt/ros/jazzy/opt/gz_fuel_tools_vendor:/opt/ros/jazzy/opt/gz_msgs_vendor:/opt/ros/jazzy/opt/gz_common_vendor:/opt/ros/jazzy/opt/gz_math_vendor:/opt/ros/jazzy/opt/gz_utils_vendor:/opt/ros/jazzy/opt/gz_tools_vendor:/opt/ros/jazzy/opt/gz_ogre_next_vendor:/opt/ros/jazzy/opt/gz_dartsim_vendor:/opt/ros/jazzy/opt/gz_cmake_vendor:/opt/ros/jazzy DEBUGINFOD_URLS=https://debuginfod.ubuntu.com LD_LIBRARY_PATH=/home/swarm/ws_offboard_control/install/px4_msgs/lib:${LD_LIBRARY_PATH} PS1=(.local) \[\e]0;\u@\h: \w\a\]${debian_chroot:+($debian_chroot)}\[\033[01;32m\]\u@\h\[\033[00m\]:\[\033[01;34m\]\w\[\033[00m\]\$ PYTHONPATH=/home/swarm/ws_offboard_control/install/px4_msgs/lib/python3.12/site-packages:${PYTHONPATH} VIRTUAL_ENV_PROMPT=(.local) /usr/bin/cmake --install /home/swarm/ws_offboard_control/build/px4_ros_com
[0.193s] -- Install configuration: ""
[0.193s] -- Up-to-date: /home/swarm/ws_offboard_control/install/px4_ros_com/lib/px4_ros_com/sensor_combined_listener
[0.193s] -- Up-to-date: /home/swarm/ws_offboard_control/install/px4_ros_com/lib/px4_ros_com/vehicle_gps_position_listener
[0.193s] -- Up-to-date: /home/swarm/ws_offboard_control/install/px4_ros_com/lib/px4_ros_com/debug_vect_advertiser
[0.193s] -- Up-to-date: /home/swarm/ws_offboard_control/install/px4_ros_com/lib/px4_ros_com/offboard_control
[0.193s] -- Up-to-date: /home/swarm/ws_offboard_control/install/px4_ros_com/lib/px4_ros_com/offboard_control_srv
[0.193s] -- Up-to-date: /home/swarm/ws_offboard_control/install/px4_ros_com/lib/px4_ros_com/multi_vehicle_offboard_control
[0.193s] -- Up-to-date: /home/swarm/ws_offboard_control/install/px4_ros_com/share/px4_ros_com/environment/library_path.sh
[0.193s] -- Up-to-date: /home/swarm/ws_offboard_control/install/px4_ros_com/share/px4_ros_com/environment/library_path.dsv
[0.193s] -- Up-to-date: /home/swarm/ws_offboard_control/install/px4_ros_com/include/px4_ros_com
[0.194s] -- Up-to-date: /home/swarm/ws_offboard_control/install/px4_ros_com/include/px4_ros_com/frame_transforms.h
[0.194s] -- Up-to-date: /home/swarm/ws_offboard_control/install/px4_ros_com/lib/libframe_transforms.so
[0.194s] -- Up-to-date: /home/swarm/ws_offboard_control/install/px4_ros_com/share/px4_ros_com//launch
[0.194s] -- Up-to-date: /home/swarm/ws_offboard_control/install/px4_ros_com/share/px4_ros_com//launch/offboard_control_launch.yaml
[0.194s] -- Up-to-date: /home/swarm/ws_offboard_control/install/px4_ros_com/share/px4_ros_com//launch/sensor_combined_listener.launch.py
[0.194s] -- Up-to-date: /home/swarm/ws_offboard_control/install/px4_ros_com/share/px4_ros_com//test
[0.194s] -- Up-to-date: /home/swarm/ws_offboard_control/install/px4_ros_com/share/px4_ros_com//test/pipeline_io_test.py
[0.194s] -- Up-to-date: /home/swarm/ws_offboard_control/install/px4_ros_com/share/px4_ros_com//test/test_input.py
[0.194s] -- Up-to-date: /home/swarm/ws_offboard_control/install/px4_ros_com/share/px4_ros_com//test/test_output.py
[0.194s] -- Up-to-date: /home/swarm/ws_offboard_control/install/px4_ros_com/share/px4_ros_com//test/__init__.py
[0.194s] -- Up-to-date: /home/swarm/ws_offboard_control/install/px4_ros_com/share/px4_ros_com/environment/pythonpath.sh
[0.194s] -- Up-to-date: /home/swarm/ws_offboard_control/install/px4_ros_com/share/px4_ros_com/environment/pythonpath.dsv
[0.194s] -- Up-to-date: /home/swarm/ws_offboard_control/install/px4_ros_com/lib/python3.12/site-packages/px4_ros_com-0.1.0-py3.12.egg-info
[0.194s] -- Installing: /home/swarm/ws_offboard_control/install/px4_ros_com/lib/python3.12/site-packages/px4_ros_com-0.1.0-py3.12.egg-info/top_level.txt
[0.194s] -- Installing: /home/swarm/ws_offboard_control/install/px4_ros_com/lib/python3.12/site-packages/px4_ros_com-0.1.0-py3.12.egg-info/SOURCES.txt
[0.194s] -- Installing: /home/swarm/ws_offboard_control/install/px4_ros_com/lib/python3.12/site-packages/px4_ros_com-0.1.0-py3.12.egg-info/PKG-INFO
[0.194s] -- Installing: /home/swarm/ws_offboard_control/install/px4_ros_com/lib/python3.12/site-packages/px4_ros_com-0.1.0-py3.12.egg-info/dependency_links.txt
[0.194s] -- Up-to-date: /home/swarm/ws_offboard_control/install/px4_ros_com/lib/python3.12/site-packages/px4_ros_com
[0.194s] -- Up-to-date: /home/swarm/ws_offboard_control/install/px4_ros_com/lib/python3.12/site-packages/px4_ros_com/module_to_import.py
[0.194s] -- Up-to-date: /home/swarm/ws_offboard_control/install/px4_ros_com/lib/python3.12/site-packages/px4_ros_com/__init__.py
[0.210s] Listing '/home/swarm/ws_offboard_control/install/px4_ros_com/lib/python3.12/site-packages/px4_ros_com'...
[0.213s] -- Up-to-date: /home/swarm/ws_offboard_control/install/px4_ros_com/lib/px4_ros_com/offboard_control.py
[0.213s] -- Up-to-date: /home/swarm/ws_offboard_control/install/px4_ros_com/share/ament_index/resource_index/package_run_dependencies/px4_ros_com
[0.213s] -- Up-to-date: /home/swarm/ws_offboard_control/install/px4_ros_com/share/ament_index/resource_index/parent_prefix_path/px4_ros_com
[0.213s] -- Up-to-date: /home/swarm/ws_offboard_control/install/px4_ros_com/share/px4_ros_com/environment/ament_prefix_path.sh
[0.213s] -- Up-to-date: /home/swarm/ws_offboard_control/install/px4_ros_com/share/px4_ros_com/environment/ament_prefix_path.dsv
[0.213s] -- Up-to-date: /home/swarm/ws_offboard_control/install/px4_ros_com/share/px4_ros_com/environment/path.sh
[0.213s] -- Up-to-date: /home/swarm/ws_offboard_control/install/px4_ros_com/share/px4_ros_com/environment/path.dsv
[0.213s] -- Up-to-date: /home/swarm/ws_offboard_control/install/px4_ros_com/share/px4_ros_com/local_setup.bash
[0.213s] -- Up-to-date: /home/swarm/ws_offboard_control/install/px4_ros_com/share/px4_ros_com/local_setup.sh
[0.213s] -- Up-to-date: /home/swarm/ws_offboard_control/install/px4_ros_com/share/px4_ros_com/local_setup.zsh
[0.213s] -- Up-to-date: /home/swarm/ws_offboard_control/install/px4_ros_com/share/px4_ros_com/local_setup.dsv
[0.213s] -- Installing: /home/swarm/ws_offboard_control/install/px4_ros_com/share/px4_ros_com/package.dsv
[0.213s] -- Up-to-date: /home/swarm/ws_offboard_control/install/px4_ros_com/share/ament_index/resource_index/packages/px4_ros_com
[0.214s] -- Up-to-date: /home/swarm/ws_offboard_control/install/px4_ros_com/share/px4_ros_com/cmake/export_frame_transformsExport.cmake
[0.214s] -- Up-to-date: /home/swarm/ws_offboard_control/install/px4_ros_com/share/px4_ros_com/cmake/export_frame_transformsExport-noconfig.cmake
[0.214s] -- Up-to-date: /home/swarm/ws_offboard_control/install/px4_ros_com/share/px4_ros_com/cmake/ament_cmake_export_dependencies-extras.cmake
[0.214s] -- Up-to-date: /home/swarm/ws_offboard_control/install/px4_ros_com/share/px4_ros_com/cmake/ament_cmake_export_targets-extras.cmake
[0.214s] -- Up-to-date: /home/swarm/ws_offboard_control/install/px4_ros_com/share/px4_ros_com/cmake/ament_cmake_export_include_directories-extras.cmake
[0.214s] -- Up-to-date: /home/swarm/ws_offboard_control/install/px4_ros_com/share/px4_ros_com/cmake/ament_cmake_export_libraries-extras.cmake
[0.214s] -- Up-to-date: /home/swarm/ws_offboard_control/install/px4_ros_com/share/px4_ros_com/cmake/px4_ros_comConfig.cmake
[0.214s] -- Up-to-date: /home/swarm/ws_offboard_control/install/px4_ros_com/share/px4_ros_com/cmake/px4_ros_comConfig-version.cmake
[0.214s] -- Up-to-date: /home/swarm/ws_offboard_control/install/px4_ros_com/share/px4_ros_com/package.xml
[0.214s] Invoked command in '/home/swarm/ws_offboard_control/build/px4_ros_com' returned '0': AMENT_PREFIX_PATH=/home/swarm/ws_offboard_control/install/px4_msgs:${AMENT_PREFIX_PATH} CMAKE_PREFIX_PATH=/home/swarm/ws_offboard_control/install/px4_msgs:/opt/ros/jazzy/opt/gz_sim_vendor:/opt/ros/jazzy/opt/gz_sensors_vendor:/opt/ros/jazzy/opt/gz_physics_vendor:/opt/ros/jazzy/opt/sdformat_vendor:/opt/ros/jazzy/opt/gz_gui_vendor:/opt/ros/jazzy/opt/gz_transport_vendor:/opt/ros/jazzy/opt/gz_rendering_vendor:/opt/ros/jazzy/opt/gz_plugin_vendor:/opt/ros/jazzy/opt/gz_fuel_tools_vendor:/opt/ros/jazzy/opt/gz_msgs_vendor:/opt/ros/jazzy/opt/gz_common_vendor:/opt/ros/jazzy/opt/gz_math_vendor:/opt/ros/jazzy/opt/gz_utils_vendor:/opt/ros/jazzy/opt/gz_tools_vendor:/opt/ros/jazzy/opt/gz_ogre_next_vendor:/opt/ros/jazzy/opt/gz_dartsim_vendor:/opt/ros/jazzy/opt/gz_cmake_vendor:/opt/ros/jazzy DEBUGINFOD_URLS=https://debuginfod.ubuntu.com LD_LIBRARY_PATH=/home/swarm/ws_offboard_control/install/px4_msgs/lib:${LD_LIBRARY_PATH} PS1=(.local) \[\e]0;\u@\h: \w\a\]${debian_chroot:+($debian_chroot)}\[\033[01;32m\]\u@\h\[\033[00m\]:\[\033[01;34m\]\w\[\033[00m\]\$ PYTHONPATH=/home/swarm/ws_offboard_control/install/px4_msgs/lib/python3.12/site-packages:${PYTHONPATH} VIRTUAL_ENV_PROMPT=(.local) /usr/bin/cmake --install /home/swarm/ws_offboard_control/build/px4_ros_com
