[0.008s] Invoking command in '/home/hamad/ws_offboard_control/build/px4_msgs': DEBUGINFOD_URLS=https://debuginfod.ubuntu.com PS1=(.local) ${debian_chroot:+($debian_chroot)}\u@\h:\w\$ VIRTUAL_ENV_PROMPT=(.local) /usr/bin/cmake /home/hamad/ws_offboard_control/src/px4_msgs -DCMAKE_INSTALL_PREFIX=/home/hamad/ws_offboard_control/install/px4_msgs
[0.038s] CMake Error at CMakeLists.txt:11 (find_package):
[0.038s]   By not providing "Findament_cmake.cmake" in CMAKE_MODULE_PATH this project
[0.038s]   has asked CMake to find a package configuration file provided by
[0.038s]   "ament_cmake", but CMake did not find one.
[0.038s] 
[0.039s]   Could not find a package configuration file provided by "ament_cmake" with
[0.039s]   any of the following names:
[0.039s] 
[0.039s]     ament_cmakeConfig.cmake
[0.039s]     ament_cmake-config.cmake
[0.039s] 
[0.039s]   Add the installation prefix of "ament_cmake" to CMAKE_PREFIX_PATH or set
[0.039s]   "ament_cmake_DIR" to a directory containing one of the above files.  If
[0.039s]   "ament_cmake" provides a separate development package or SDK, be sure it
[0.039s]   has been installed.
[0.040s] 
[0.040s] 
[0.040s] -- Configuring incomplete, errors occurred!
[0.041s] Invoked command in '/home/hamad/ws_offboard_control/build/px4_msgs' returned '1': DEBUGINFOD_URLS=https://debuginfod.ubuntu.com PS1=(.local) ${debian_chroot:+($debian_chroot)}\u@\h:\w\$ VIRTUAL_ENV_PROMPT=(.local) /usr/bin/cmake /home/hamad/ws_offboard_control/src/px4_msgs -DCMAKE_INSTALL_PREFIX=/home/hamad/ws_offboard_control/install/px4_msgs
