[0.187s] DEBUG:colcon:Command line arguments: ['/usr/bin/colcon', 'build']
[0.187s] DEBUG:colcon:Parsed command line arguments: Namespace(log_base=None, log_level=None, verb_name='build', build_base='build', install_base='install', merge_install=False, symlink_install=False, test_result_base=None, continue_on_error=False, executor='parallel', parallel_workers=8, event_handlers=None, ignore_user_meta=False, metas=['./colcon.meta'], base_paths=['.'], packages_ignore=None, packages_ignore_regex=None, paths=None, packages_up_to=None, packages_up_to_regex=None, packages_above=None, packages_above_and_dependencies=None, packages_above_depth=None, packages_select_by_dep=None, packages_skip_by_dep=None, packages_skip_up_to=None, packages_select_build_failed=False, packages_skip_build_finished=False, packages_select_test_failures=False, packages_skip_test_passed=False, packages_select=None, packages_skip=None, packages_select_regex=None, packages_skip_regex=None, packages_start=None, packages_end=None, allow_overriding=[], cmake_args=None, cmake_target=None, cmake_target_skip_unavailable=False, cmake_clean_cache=False, cmake_clean_first=False, cmake_force_configure=False, ament_cmake_args=None, catkin_cmake_args=None, catkin_skip_building_tests=False, mixin_files=None, mixin=None, verb_parser=<colcon_mixin.mixin.mixin_argument.MixinArgumentDecorator object at 0x77cd0dc79dc0>, verb_extension=<colcon_core.verb.build.BuildVerb object at 0x77cd0dc79a30>, main=<bound method BuildVerb.main of <colcon_core.verb.build.BuildVerb object at 0x77cd0dc79a30>>, mixin_verb=('build',))
[0.238s] Level 1:colcon.colcon_core.package_discovery:discover_packages(colcon_meta) check parameters
[0.238s] Level 1:colcon.colcon_core.package_discovery:discover_packages(recursive) check parameters
[0.238s] Level 1:colcon.colcon_core.package_discovery:discover_packages(ignore) check parameters
[0.238s] Level 1:colcon.colcon_core.package_discovery:discover_packages(path) check parameters
[0.238s] Level 1:colcon.colcon_core.package_discovery:discover_packages(colcon_meta) discover
[0.238s] Level 1:colcon.colcon_core.package_discovery:discover_packages(recursive) discover
[0.239s] INFO:colcon.colcon_core.package_discovery:Crawling recursively for packages in '/home/hamad/ws_offboard_control'
[0.239s] Level 1:colcon.colcon_core.package_identification:_identify(.) by extensions ['ignore', 'ignore_ament_install']
[0.239s] Level 1:colcon.colcon_core.package_identification:_identify(.) by extension 'ignore'
[0.239s] Level 1:colcon.colcon_core.package_identification:_identify(.) by extension 'ignore_ament_install'
[0.239s] Level 1:colcon.colcon_core.package_identification:_identify(.) by extensions ['colcon_pkg']
[0.239s] Level 1:colcon.colcon_core.package_identification:_identify(.) by extension 'colcon_pkg'
[0.239s] Level 1:colcon.colcon_core.package_identification:_identify(.) by extensions ['colcon_meta']
[0.239s] Level 1:colcon.colcon_core.package_identification:_identify(.) by extension 'colcon_meta'
[0.239s] Level 1:colcon.colcon_core.package_identification:_identify(.) by extensions ['ros']
[0.239s] Level 1:colcon.colcon_core.package_identification:_identify(.) by extension 'ros'
[0.266s] Level 1:colcon.colcon_core.package_identification:_identify(.) by extensions ['cmake', 'python']
[0.266s] Level 1:colcon.colcon_core.package_identification:_identify(.) by extension 'cmake'
[0.266s] Level 1:colcon.colcon_core.package_identification:_identify(.) by extension 'python'
[0.266s] Level 1:colcon.colcon_core.package_identification:_identify(.) by extensions ['python_setup_py']
[0.266s] Level 1:colcon.colcon_core.package_identification:_identify(.) by extension 'python_setup_py'
[0.266s] Level 1:colcon.colcon_core.package_identification:_identify(build) by extensions ['ignore', 'ignore_ament_install']
[0.267s] Level 1:colcon.colcon_core.package_identification:_identify(build) by extension 'ignore'
[0.267s] Level 1:colcon.colcon_core.package_identification:_identify(build) ignored
[0.267s] Level 1:colcon.colcon_core.package_identification:_identify(install) by extensions ['ignore', 'ignore_ament_install']
[0.267s] Level 1:colcon.colcon_core.package_identification:_identify(install) by extension 'ignore'
[0.267s] Level 1:colcon.colcon_core.package_identification:_identify(install) ignored
[0.267s] Level 1:colcon.colcon_core.package_identification:_identify(log) by extensions ['ignore', 'ignore_ament_install']
[0.267s] Level 1:colcon.colcon_core.package_identification:_identify(log) by extension 'ignore'
[0.267s] Level 1:colcon.colcon_core.package_identification:_identify(log) ignored
[0.267s] Level 1:colcon.colcon_core.package_identification:_identify(src) by extensions ['ignore', 'ignore_ament_install']
[0.267s] Level 1:colcon.colcon_core.package_identification:_identify(src) by extension 'ignore'
[0.267s] Level 1:colcon.colcon_core.package_identification:_identify(src) by extension 'ignore_ament_install'
[0.267s] Level 1:colcon.colcon_core.package_identification:_identify(src) by extensions ['colcon_pkg']
[0.267s] Level 1:colcon.colcon_core.package_identification:_identify(src) by extension 'colcon_pkg'
[0.267s] Level 1:colcon.colcon_core.package_identification:_identify(src) by extensions ['colcon_meta']
[0.267s] Level 1:colcon.colcon_core.package_identification:_identify(src) by extension 'colcon_meta'
[0.267s] Level 1:colcon.colcon_core.package_identification:_identify(src) by extensions ['ros']
[0.267s] Level 1:colcon.colcon_core.package_identification:_identify(src) by extension 'ros'
[0.267s] Level 1:colcon.colcon_core.package_identification:_identify(src) by extensions ['cmake', 'python']
[0.268s] Level 1:colcon.colcon_core.package_identification:_identify(src) by extension 'cmake'
[0.268s] Level 1:colcon.colcon_core.package_identification:_identify(src) by extension 'python'
[0.268s] Level 1:colcon.colcon_core.package_identification:_identify(src) by extensions ['python_setup_py']
[0.268s] Level 1:colcon.colcon_core.package_identification:_identify(src) by extension 'python_setup_py'
[0.268s] Level 1:colcon.colcon_core.package_identification:_identify(src/px4_msgs) by extensions ['ignore', 'ignore_ament_install']
[0.268s] Level 1:colcon.colcon_core.package_identification:_identify(src/px4_msgs) by extension 'ignore'
[0.268s] Level 1:colcon.colcon_core.package_identification:_identify(src/px4_msgs) by extension 'ignore_ament_install'
[0.268s] Level 1:colcon.colcon_core.package_identification:_identify(src/px4_msgs) by extensions ['colcon_pkg']
[0.268s] Level 1:colcon.colcon_core.package_identification:_identify(src/px4_msgs) by extension 'colcon_pkg'
[0.268s] Level 1:colcon.colcon_core.package_identification:_identify(src/px4_msgs) by extensions ['colcon_meta']
[0.268s] Level 1:colcon.colcon_core.package_identification:_identify(src/px4_msgs) by extension 'colcon_meta'
[0.268s] Level 1:colcon.colcon_core.package_identification:_identify(src/px4_msgs) by extensions ['ros']
[0.268s] Level 1:colcon.colcon_core.package_identification:_identify(src/px4_msgs) by extension 'ros'
[0.271s] DEBUG:colcon.colcon_core.package_identification:Package 'src/px4_msgs' with type 'ros.ament_cmake' and name 'px4_msgs'
[0.271s] Level 1:colcon.colcon_core.package_identification:_identify(src/px4_ros_com) by extensions ['ignore', 'ignore_ament_install']
[0.271s] Level 1:colcon.colcon_core.package_identification:_identify(src/px4_ros_com) by extension 'ignore'
[0.271s] Level 1:colcon.colcon_core.package_identification:_identify(src/px4_ros_com) by extension 'ignore_ament_install'
[0.271s] Level 1:colcon.colcon_core.package_identification:_identify(src/px4_ros_com) by extensions ['colcon_pkg']
[0.271s] Level 1:colcon.colcon_core.package_identification:_identify(src/px4_ros_com) by extension 'colcon_pkg'
[0.271s] Level 1:colcon.colcon_core.package_identification:_identify(src/px4_ros_com) by extensions ['colcon_meta']
[0.271s] Level 1:colcon.colcon_core.package_identification:_identify(src/px4_ros_com) by extension 'colcon_meta'
[0.271s] Level 1:colcon.colcon_core.package_identification:_identify(src/px4_ros_com) by extensions ['ros']
[0.271s] Level 1:colcon.colcon_core.package_identification:_identify(src/px4_ros_com) by extension 'ros'
[0.272s] DEBUG:colcon.colcon_core.package_identification:Package 'src/px4_ros_com' with type 'ros.ament_cmake' and name 'px4_ros_com'
[0.272s] Level 1:colcon.colcon_core.package_discovery:discover_packages(recursive) using defaults
[0.272s] Level 1:colcon.colcon_core.package_discovery:discover_packages(ignore) discover
[0.272s] Level 1:colcon.colcon_core.package_discovery:discover_packages(ignore) using defaults
[0.272s] Level 1:colcon.colcon_core.package_discovery:discover_packages(path) discover
[0.272s] Level 1:colcon.colcon_core.package_discovery:discover_packages(path) using defaults
[0.290s] Level 1:colcon.colcon_core.package_discovery:discover_packages(prefix_path) check parameters
[0.290s] Level 1:colcon.colcon_core.package_discovery:discover_packages(prefix_path) discover
[0.291s] Level 1:colcon.colcon_core.package_discovery:discover_packages(prefix_path) using defaults
[0.292s] Level 5:colcon.colcon_core.verb:set package 'px4_msgs' build argument 'cmake_args' from command line to 'None'
[0.292s] Level 5:colcon.colcon_core.verb:set package 'px4_msgs' build argument 'cmake_target' from command line to 'None'
[0.292s] Level 5:colcon.colcon_core.verb:set package 'px4_msgs' build argument 'cmake_target_skip_unavailable' from command line to 'False'
[0.292s] Level 5:colcon.colcon_core.verb:set package 'px4_msgs' build argument 'cmake_clean_cache' from command line to 'False'
[0.292s] Level 5:colcon.colcon_core.verb:set package 'px4_msgs' build argument 'cmake_clean_first' from command line to 'False'
[0.293s] Level 5:colcon.colcon_core.verb:set package 'px4_msgs' build argument 'cmake_force_configure' from command line to 'False'
[0.293s] Level 5:colcon.colcon_core.verb:set package 'px4_msgs' build argument 'ament_cmake_args' from command line to 'None'
[0.293s] Level 5:colcon.colcon_core.verb:set package 'px4_msgs' build argument 'catkin_cmake_args' from command line to 'None'
[0.293s] Level 5:colcon.colcon_core.verb:set package 'px4_msgs' build argument 'catkin_skip_building_tests' from command line to 'False'
[0.293s] DEBUG:colcon.colcon_core.verb:Building package 'px4_msgs' with the following arguments: {'ament_cmake_args': None, 'build_base': '/home/hamad/ws_offboard_control/build/px4_msgs', 'catkin_cmake_args': None, 'catkin_skip_building_tests': False, 'cmake_args': None, 'cmake_clean_cache': False, 'cmake_clean_first': False, 'cmake_force_configure': False, 'cmake_target': None, 'cmake_target_skip_unavailable': False, 'install_base': '/home/hamad/ws_offboard_control/install/px4_msgs', 'merge_install': False, 'path': '/home/hamad/ws_offboard_control/src/px4_msgs', 'symlink_install': False, 'test_result_base': None}
[0.293s] Level 5:colcon.colcon_core.verb:set package 'px4_ros_com' build argument 'cmake_args' from command line to 'None'
[0.293s] Level 5:colcon.colcon_core.verb:set package 'px4_ros_com' build argument 'cmake_target' from command line to 'None'
[0.293s] Level 5:colcon.colcon_core.verb:set package 'px4_ros_com' build argument 'cmake_target_skip_unavailable' from command line to 'False'
[0.293s] Level 5:colcon.colcon_core.verb:set package 'px4_ros_com' build argument 'cmake_clean_cache' from command line to 'False'
[0.293s] Level 5:colcon.colcon_core.verb:set package 'px4_ros_com' build argument 'cmake_clean_first' from command line to 'False'
[0.293s] Level 5:colcon.colcon_core.verb:set package 'px4_ros_com' build argument 'cmake_force_configure' from command line to 'False'
[0.293s] Level 5:colcon.colcon_core.verb:set package 'px4_ros_com' build argument 'ament_cmake_args' from command line to 'None'
[0.293s] Level 5:colcon.colcon_core.verb:set package 'px4_ros_com' build argument 'catkin_cmake_args' from command line to 'None'
[0.293s] Level 5:colcon.colcon_core.verb:set package 'px4_ros_com' build argument 'catkin_skip_building_tests' from command line to 'False'
[0.293s] DEBUG:colcon.colcon_core.verb:Building package 'px4_ros_com' with the following arguments: {'ament_cmake_args': None, 'build_base': '/home/hamad/ws_offboard_control/build/px4_ros_com', 'catkin_cmake_args': None, 'catkin_skip_building_tests': False, 'cmake_args': None, 'cmake_clean_cache': False, 'cmake_clean_first': False, 'cmake_force_configure': False, 'cmake_target': None, 'cmake_target_skip_unavailable': False, 'install_base': '/home/hamad/ws_offboard_control/install/px4_ros_com', 'merge_install': False, 'path': '/home/hamad/ws_offboard_control/src/px4_ros_com', 'symlink_install': False, 'test_result_base': None}
[0.293s] INFO:colcon.colcon_core.executor:Executing jobs using 'parallel' executor
[0.294s] DEBUG:colcon.colcon_parallel_executor.executor.parallel:run_until_complete
[0.294s] INFO:colcon.colcon_ros.task.ament_cmake.build:Building ROS package in '/home/hamad/ws_offboard_control/src/px4_msgs' with build type 'ament_cmake'
[0.294s] INFO:colcon.colcon_cmake.task.cmake.build:Building CMake package in '/home/hamad/ws_offboard_control/src/px4_msgs'
[0.297s] INFO:colcon.colcon_core.plugin_system:Skipping extension 'colcon_core.shell.bat': Not used on non-Windows systems
[0.297s] INFO:colcon.colcon_core.shell:Skip shell extension 'powershell' for command environment: Not usable outside of PowerShell
[0.298s] DEBUG:colcon.colcon_core.shell:Skip shell extension 'dsv' for command environment
[0.302s] DEBUG:colcon.colcon_core.event_handler.log_command:Invoking command in '/home/hamad/ws_offboard_control/build/px4_msgs': DEBUGINFOD_URLS=https://debuginfod.ubuntu.com PS1=(.local) ${debian_chroot:+($debian_chroot)}\u@\h:\w\$ VIRTUAL_ENV_PROMPT=(.local) /usr/bin/cmake --build /home/hamad/ws_offboard_control/build/px4_msgs -- -j8 -l8
[2.403s] DEBUG:colcon.colcon_core.event_handler.log_command:Invoked command in '/home/hamad/ws_offboard_control/build/px4_msgs' returned '0': DEBUGINFOD_URLS=https://debuginfod.ubuntu.com PS1=(.local) ${debian_chroot:+($debian_chroot)}\u@\h:\w\$ VIRTUAL_ENV_PROMPT=(.local) /usr/bin/cmake --build /home/hamad/ws_offboard_control/build/px4_msgs -- -j8 -l8
[2.411s] DEBUG:colcon.colcon_core.event_handler.log_command:Invoking command in '/home/hamad/ws_offboard_control/build/px4_msgs': DEBUGINFOD_URLS=https://debuginfod.ubuntu.com PS1=(.local) ${debian_chroot:+($debian_chroot)}\u@\h:\w\$ VIRTUAL_ENV_PROMPT=(.local) /usr/bin/cmake --install /home/hamad/ws_offboard_control/build/px4_msgs
[2.828s] Level 1:colcon.colcon_core.environment:create_environment_scripts_only(px4_msgs)
[2.845s] Level 1:colcon.colcon_core.environment:checking '/home/hamad/ws_offboard_control/install/px4_msgs' for CMake module files
[2.849s] Level 1:colcon.colcon_core.environment:checking '/home/hamad/ws_offboard_control/install/px4_msgs' for CMake config files
[2.880s] Level 1:colcon.colcon_core.shell:create_environment_hook('px4_msgs', 'cmake_prefix_path')
[2.880s] INFO:colcon.colcon_core.shell:Creating environment hook '/home/hamad/ws_offboard_control/install/px4_msgs/share/px4_msgs/hook/cmake_prefix_path.ps1'
[2.883s] INFO:colcon.colcon_core.shell:Creating environment descriptor '/home/hamad/ws_offboard_control/install/px4_msgs/share/px4_msgs/hook/cmake_prefix_path.dsv'
[2.884s] INFO:colcon.colcon_core.shell:Creating environment hook '/home/hamad/ws_offboard_control/install/px4_msgs/share/px4_msgs/hook/cmake_prefix_path.sh'
[2.886s] Level 1:colcon.colcon_core.environment:checking '/home/hamad/ws_offboard_control/install/px4_msgs/lib'
[2.887s] Level 1:colcon.colcon_core.shell:create_environment_hook('px4_msgs', 'ld_library_path_lib')
[2.887s] INFO:colcon.colcon_core.shell:Creating environment hook '/home/hamad/ws_offboard_control/install/px4_msgs/share/px4_msgs/hook/ld_library_path_lib.ps1'
[2.887s] INFO:colcon.colcon_core.shell:Creating environment descriptor '/home/hamad/ws_offboard_control/install/px4_msgs/share/px4_msgs/hook/ld_library_path_lib.dsv'
[2.890s] INFO:colcon.colcon_core.shell:Creating environment hook '/home/hamad/ws_offboard_control/install/px4_msgs/share/px4_msgs/hook/ld_library_path_lib.sh'
[2.892s] Level 1:colcon.colcon_core.environment:checking '/home/hamad/ws_offboard_control/install/px4_msgs/bin'
[2.893s] Level 1:colcon.colcon_core.environment:checking '/home/hamad/ws_offboard_control/install/px4_msgs/lib/pkgconfig/px4_msgs.pc'
[2.895s] Level 1:colcon.colcon_core.environment:checking '/home/hamad/ws_offboard_control/install/px4_msgs/lib/python3.12/site-packages'
[2.896s] Level 1:colcon.colcon_core.shell:create_environment_hook('px4_msgs', 'pythonpath')
[2.896s] INFO:colcon.colcon_core.shell:Creating environment hook '/home/hamad/ws_offboard_control/install/px4_msgs/share/px4_msgs/hook/pythonpath.ps1'
[2.896s] INFO:colcon.colcon_core.shell:Creating environment descriptor '/home/hamad/ws_offboard_control/install/px4_msgs/share/px4_msgs/hook/pythonpath.dsv'
[2.897s] INFO:colcon.colcon_core.shell:Creating environment hook '/home/hamad/ws_offboard_control/install/px4_msgs/share/px4_msgs/hook/pythonpath.sh'
[2.900s] Level 1:colcon.colcon_core.environment:checking '/home/hamad/ws_offboard_control/install/px4_msgs/bin'
[2.900s] INFO:colcon.colcon_core.shell:Creating package script '/home/hamad/ws_offboard_control/install/px4_msgs/share/px4_msgs/package.ps1'
[2.902s] INFO:colcon.colcon_core.shell:Creating package descriptor '/home/hamad/ws_offboard_control/install/px4_msgs/share/px4_msgs/package.dsv'
[2.904s] INFO:colcon.colcon_core.shell:Creating package script '/home/hamad/ws_offboard_control/install/px4_msgs/share/px4_msgs/package.sh'
[2.907s] INFO:colcon.colcon_core.shell:Creating package script '/home/hamad/ws_offboard_control/install/px4_msgs/share/px4_msgs/package.bash'
[2.910s] INFO:colcon.colcon_core.shell:Creating package script '/home/hamad/ws_offboard_control/install/px4_msgs/share/px4_msgs/package.zsh'
[2.911s] Level 1:colcon.colcon_core.environment:create_file_with_runtime_dependencies(/home/hamad/ws_offboard_control/install/px4_msgs/share/colcon-core/packages/px4_msgs)
[2.914s] Level 1:colcon.colcon_core.environment:create_environment_scripts_only(px4_msgs)
[2.915s] Level 1:colcon.colcon_core.environment:checking '/home/hamad/ws_offboard_control/install/px4_msgs' for CMake module files
[2.917s] Level 1:colcon.colcon_core.environment:checking '/home/hamad/ws_offboard_control/install/px4_msgs' for CMake config files
[2.926s] DEBUG:colcon.colcon_core.event_handler.log_command:Invoked command in '/home/hamad/ws_offboard_control/build/px4_msgs' returned '0': DEBUGINFOD_URLS=https://debuginfod.ubuntu.com PS1=(.local) ${debian_chroot:+($debian_chroot)}\u@\h:\w\$ VIRTUAL_ENV_PROMPT=(.local) /usr/bin/cmake --install /home/hamad/ws_offboard_control/build/px4_msgs
[2.927s] Level 1:colcon.colcon_core.shell:create_environment_hook('px4_msgs', 'cmake_prefix_path')
[2.927s] INFO:colcon.colcon_core.shell:Creating environment hook '/home/hamad/ws_offboard_control/install/px4_msgs/share/px4_msgs/hook/cmake_prefix_path.ps1'
[2.927s] INFO:colcon.colcon_core.shell:Creating environment descriptor '/home/hamad/ws_offboard_control/install/px4_msgs/share/px4_msgs/hook/cmake_prefix_path.dsv'
[2.927s] INFO:colcon.colcon_core.shell:Creating environment hook '/home/hamad/ws_offboard_control/install/px4_msgs/share/px4_msgs/hook/cmake_prefix_path.sh'
[2.928s] Level 1:colcon.colcon_core.environment:checking '/home/hamad/ws_offboard_control/install/px4_msgs/lib'
[2.928s] Level 1:colcon.colcon_core.shell:create_environment_hook('px4_msgs', 'ld_library_path_lib')
[2.928s] INFO:colcon.colcon_core.shell:Creating environment hook '/home/hamad/ws_offboard_control/install/px4_msgs/share/px4_msgs/hook/ld_library_path_lib.ps1'
[2.929s] INFO:colcon.colcon_core.shell:Creating environment descriptor '/home/hamad/ws_offboard_control/install/px4_msgs/share/px4_msgs/hook/ld_library_path_lib.dsv'
[2.929s] INFO:colcon.colcon_core.shell:Creating environment hook '/home/hamad/ws_offboard_control/install/px4_msgs/share/px4_msgs/hook/ld_library_path_lib.sh'
[2.929s] Level 1:colcon.colcon_core.environment:checking '/home/hamad/ws_offboard_control/install/px4_msgs/bin'
[2.929s] Level 1:colcon.colcon_core.environment:checking '/home/hamad/ws_offboard_control/install/px4_msgs/lib/pkgconfig/px4_msgs.pc'
[2.929s] Level 1:colcon.colcon_core.environment:checking '/home/hamad/ws_offboard_control/install/px4_msgs/lib/python3.12/site-packages'
[2.929s] Level 1:colcon.colcon_core.shell:create_environment_hook('px4_msgs', 'pythonpath')
[2.930s] INFO:colcon.colcon_core.shell:Creating environment hook '/home/hamad/ws_offboard_control/install/px4_msgs/share/px4_msgs/hook/pythonpath.ps1'
[2.930s] INFO:colcon.colcon_core.shell:Creating environment descriptor '/home/hamad/ws_offboard_control/install/px4_msgs/share/px4_msgs/hook/pythonpath.dsv'
[2.930s] INFO:colcon.colcon_core.shell:Creating environment hook '/home/hamad/ws_offboard_control/install/px4_msgs/share/px4_msgs/hook/pythonpath.sh'
[2.931s] Level 1:colcon.colcon_core.environment:checking '/home/hamad/ws_offboard_control/install/px4_msgs/bin'
[2.931s] INFO:colcon.colcon_core.shell:Creating package script '/home/hamad/ws_offboard_control/install/px4_msgs/share/px4_msgs/package.ps1'
[2.931s] INFO:colcon.colcon_core.shell:Creating package descriptor '/home/hamad/ws_offboard_control/install/px4_msgs/share/px4_msgs/package.dsv'
[2.932s] INFO:colcon.colcon_core.shell:Creating package script '/home/hamad/ws_offboard_control/install/px4_msgs/share/px4_msgs/package.sh'
[2.932s] INFO:colcon.colcon_core.shell:Creating package script '/home/hamad/ws_offboard_control/install/px4_msgs/share/px4_msgs/package.bash'
[2.932s] INFO:colcon.colcon_core.shell:Creating package script '/home/hamad/ws_offboard_control/install/px4_msgs/share/px4_msgs/package.zsh'
[2.933s] Level 1:colcon.colcon_core.environment:create_file_with_runtime_dependencies(/home/hamad/ws_offboard_control/install/px4_msgs/share/colcon-core/packages/px4_msgs)
[2.933s] INFO:colcon.colcon_ros.task.ament_cmake.build:Building ROS package in '/home/hamad/ws_offboard_control/src/px4_ros_com' with build type 'ament_cmake'
[2.933s] INFO:colcon.colcon_cmake.task.cmake.build:Building CMake package in '/home/hamad/ws_offboard_control/src/px4_ros_com'
[2.933s] INFO:colcon.colcon_core.shell:Skip shell extension 'powershell' for command environment: Not usable outside of PowerShell
[2.933s] DEBUG:colcon.colcon_core.shell:Skip shell extension 'dsv' for command environment
[2.939s] DEBUG:colcon.colcon_core.event_handler.log_command:Invoking command in '/home/hamad/ws_offboard_control/build/px4_ros_com': AMENT_PREFIX_PATH=/home/hamad/ws_offboard_control/install/px4_msgs CMAKE_PREFIX_PATH=/home/hamad/ws_offboard_control/install/px4_msgs DEBUGINFOD_URLS=https://debuginfod.ubuntu.com LD_LIBRARY_PATH=/home/hamad/ws_offboard_control/install/px4_msgs/lib PS1=(.local) ${debian_chroot:+($debian_chroot)}\u@\h:\w\$ PYTHONPATH=/home/hamad/ws_offboard_control/install/px4_msgs/lib/python3.12/site-packages VIRTUAL_ENV_PROMPT=(.local) /usr/bin/cmake --build /home/hamad/ws_offboard_control/build/px4_ros_com -- -j8 -l8
[16.131s] DEBUG:colcon.colcon_core.event_handler.log_command:Invoked command in '/home/hamad/ws_offboard_control/build/px4_ros_com' returned '0': AMENT_PREFIX_PATH=/home/hamad/ws_offboard_control/install/px4_msgs CMAKE_PREFIX_PATH=/home/hamad/ws_offboard_control/install/px4_msgs DEBUGINFOD_URLS=https://debuginfod.ubuntu.com LD_LIBRARY_PATH=/home/hamad/ws_offboard_control/install/px4_msgs/lib PS1=(.local) ${debian_chroot:+($debian_chroot)}\u@\h:\w\$ PYTHONPATH=/home/hamad/ws_offboard_control/install/px4_msgs/lib/python3.12/site-packages VIRTUAL_ENV_PROMPT=(.local) /usr/bin/cmake --build /home/hamad/ws_offboard_control/build/px4_ros_com -- -j8 -l8
[16.132s] DEBUG:colcon.colcon_core.event_handler.log_command:Invoking command in '/home/hamad/ws_offboard_control/build/px4_ros_com': AMENT_PREFIX_PATH=/home/hamad/ws_offboard_control/install/px4_msgs CMAKE_PREFIX_PATH=/home/hamad/ws_offboard_control/install/px4_msgs DEBUGINFOD_URLS=https://debuginfod.ubuntu.com LD_LIBRARY_PATH=/home/hamad/ws_offboard_control/install/px4_msgs/lib PS1=(.local) ${debian_chroot:+($debian_chroot)}\u@\h:\w\$ PYTHONPATH=/home/hamad/ws_offboard_control/install/px4_msgs/lib/python3.12/site-packages VIRTUAL_ENV_PROMPT=(.local) /usr/bin/cmake --install /home/hamad/ws_offboard_control/build/px4_ros_com
[16.186s] Level 1:colcon.colcon_core.environment:create_environment_scripts_only(px4_ros_com)
[16.186s] Level 1:colcon.colcon_core.environment:checking '/home/hamad/ws_offboard_control/install/px4_ros_com' for CMake module files
[16.188s] DEBUG:colcon.colcon_core.event_handler.log_command:Invoked command in '/home/hamad/ws_offboard_control/build/px4_ros_com' returned '0': AMENT_PREFIX_PATH=/home/hamad/ws_offboard_control/install/px4_msgs CMAKE_PREFIX_PATH=/home/hamad/ws_offboard_control/install/px4_msgs DEBUGINFOD_URLS=https://debuginfod.ubuntu.com LD_LIBRARY_PATH=/home/hamad/ws_offboard_control/install/px4_msgs/lib PS1=(.local) ${debian_chroot:+($debian_chroot)}\u@\h:\w\$ PYTHONPATH=/home/hamad/ws_offboard_control/install/px4_msgs/lib/python3.12/site-packages VIRTUAL_ENV_PROMPT=(.local) /usr/bin/cmake --install /home/hamad/ws_offboard_control/build/px4_ros_com
[16.188s] Level 1:colcon.colcon_core.environment:checking '/home/hamad/ws_offboard_control/install/px4_ros_com' for CMake config files
[16.189s] Level 1:colcon.colcon_core.shell:create_environment_hook('px4_ros_com', 'cmake_prefix_path')
[16.189s] INFO:colcon.colcon_core.shell:Creating environment hook '/home/hamad/ws_offboard_control/install/px4_ros_com/share/px4_ros_com/hook/cmake_prefix_path.ps1'
[16.189s] INFO:colcon.colcon_core.shell:Creating environment descriptor '/home/hamad/ws_offboard_control/install/px4_ros_com/share/px4_ros_com/hook/cmake_prefix_path.dsv'
[16.189s] INFO:colcon.colcon_core.shell:Creating environment hook '/home/hamad/ws_offboard_control/install/px4_ros_com/share/px4_ros_com/hook/cmake_prefix_path.sh'
[16.190s] Level 1:colcon.colcon_core.environment:checking '/home/hamad/ws_offboard_control/install/px4_ros_com/lib'
[16.190s] Level 1:colcon.colcon_core.shell:create_environment_hook('px4_ros_com', 'ld_library_path_lib')
[16.190s] INFO:colcon.colcon_core.shell:Creating environment hook '/home/hamad/ws_offboard_control/install/px4_ros_com/share/px4_ros_com/hook/ld_library_path_lib.ps1'
[16.191s] INFO:colcon.colcon_core.shell:Creating environment descriptor '/home/hamad/ws_offboard_control/install/px4_ros_com/share/px4_ros_com/hook/ld_library_path_lib.dsv'
[16.191s] INFO:colcon.colcon_core.shell:Creating environment hook '/home/hamad/ws_offboard_control/install/px4_ros_com/share/px4_ros_com/hook/ld_library_path_lib.sh'
[16.191s] Level 1:colcon.colcon_core.environment:checking '/home/hamad/ws_offboard_control/install/px4_ros_com/bin'
[16.191s] Level 1:colcon.colcon_core.environment:checking '/home/hamad/ws_offboard_control/install/px4_ros_com/lib/pkgconfig/px4_ros_com.pc'
[16.192s] Level 1:colcon.colcon_core.environment:checking '/home/hamad/ws_offboard_control/install/px4_ros_com/lib/python3.12/site-packages'
[16.192s] Level 1:colcon.colcon_core.shell:create_environment_hook('px4_ros_com', 'pythonpath')
[16.192s] INFO:colcon.colcon_core.shell:Creating environment hook '/home/hamad/ws_offboard_control/install/px4_ros_com/share/px4_ros_com/hook/pythonpath.ps1'
[16.192s] INFO:colcon.colcon_core.shell:Creating environment descriptor '/home/hamad/ws_offboard_control/install/px4_ros_com/share/px4_ros_com/hook/pythonpath.dsv'
[16.193s] INFO:colcon.colcon_core.shell:Creating environment hook '/home/hamad/ws_offboard_control/install/px4_ros_com/share/px4_ros_com/hook/pythonpath.sh'
[16.194s] Level 1:colcon.colcon_core.environment:checking '/home/hamad/ws_offboard_control/install/px4_ros_com/bin'
[16.194s] INFO:colcon.colcon_core.shell:Creating package script '/home/hamad/ws_offboard_control/install/px4_ros_com/share/px4_ros_com/package.ps1'
[16.195s] INFO:colcon.colcon_core.shell:Creating package descriptor '/home/hamad/ws_offboard_control/install/px4_ros_com/share/px4_ros_com/package.dsv'
[16.195s] INFO:colcon.colcon_core.shell:Creating package script '/home/hamad/ws_offboard_control/install/px4_ros_com/share/px4_ros_com/package.sh'
[16.195s] INFO:colcon.colcon_core.shell:Creating package script '/home/hamad/ws_offboard_control/install/px4_ros_com/share/px4_ros_com/package.bash'
[16.196s] INFO:colcon.colcon_core.shell:Creating package script '/home/hamad/ws_offboard_control/install/px4_ros_com/share/px4_ros_com/package.zsh'
[16.196s] Level 1:colcon.colcon_core.environment:create_file_with_runtime_dependencies(/home/hamad/ws_offboard_control/install/px4_ros_com/share/colcon-core/packages/px4_ros_com)
[16.197s] Level 1:colcon.colcon_core.environment:create_environment_scripts_only(px4_ros_com)
[16.197s] Level 1:colcon.colcon_core.environment:checking '/home/hamad/ws_offboard_control/install/px4_ros_com' for CMake module files
[16.197s] Level 1:colcon.colcon_core.environment:checking '/home/hamad/ws_offboard_control/install/px4_ros_com' for CMake config files
[16.198s] Level 1:colcon.colcon_core.shell:create_environment_hook('px4_ros_com', 'cmake_prefix_path')
[16.198s] INFO:colcon.colcon_core.shell:Creating environment hook '/home/hamad/ws_offboard_control/install/px4_ros_com/share/px4_ros_com/hook/cmake_prefix_path.ps1'
[16.198s] INFO:colcon.colcon_core.shell:Creating environment descriptor '/home/hamad/ws_offboard_control/install/px4_ros_com/share/px4_ros_com/hook/cmake_prefix_path.dsv'
[16.198s] INFO:colcon.colcon_core.shell:Creating environment hook '/home/hamad/ws_offboard_control/install/px4_ros_com/share/px4_ros_com/hook/cmake_prefix_path.sh'
[16.199s] Level 1:colcon.colcon_core.environment:checking '/home/hamad/ws_offboard_control/install/px4_ros_com/lib'
[16.199s] Level 1:colcon.colcon_core.shell:create_environment_hook('px4_ros_com', 'ld_library_path_lib')
[16.199s] INFO:colcon.colcon_core.shell:Creating environment hook '/home/hamad/ws_offboard_control/install/px4_ros_com/share/px4_ros_com/hook/ld_library_path_lib.ps1'
[16.199s] INFO:colcon.colcon_core.shell:Creating environment descriptor '/home/hamad/ws_offboard_control/install/px4_ros_com/share/px4_ros_com/hook/ld_library_path_lib.dsv'
[16.199s] INFO:colcon.colcon_core.shell:Creating environment hook '/home/hamad/ws_offboard_control/install/px4_ros_com/share/px4_ros_com/hook/ld_library_path_lib.sh'
[16.200s] Level 1:colcon.colcon_core.environment:checking '/home/hamad/ws_offboard_control/install/px4_ros_com/bin'
[16.200s] Level 1:colcon.colcon_core.environment:checking '/home/hamad/ws_offboard_control/install/px4_ros_com/lib/pkgconfig/px4_ros_com.pc'
[16.200s] Level 1:colcon.colcon_core.environment:checking '/home/hamad/ws_offboard_control/install/px4_ros_com/lib/python3.12/site-packages'
[16.200s] Level 1:colcon.colcon_core.shell:create_environment_hook('px4_ros_com', 'pythonpath')
[16.200s] INFO:colcon.colcon_core.shell:Creating environment hook '/home/hamad/ws_offboard_control/install/px4_ros_com/share/px4_ros_com/hook/pythonpath.ps1'
[16.201s] INFO:colcon.colcon_core.shell:Creating environment descriptor '/home/hamad/ws_offboard_control/install/px4_ros_com/share/px4_ros_com/hook/pythonpath.dsv'
[16.201s] INFO:colcon.colcon_core.shell:Creating environment hook '/home/hamad/ws_offboard_control/install/px4_ros_com/share/px4_ros_com/hook/pythonpath.sh'
[16.202s] Level 1:colcon.colcon_core.environment:checking '/home/hamad/ws_offboard_control/install/px4_ros_com/bin'
[16.202s] INFO:colcon.colcon_core.shell:Creating package script '/home/hamad/ws_offboard_control/install/px4_ros_com/share/px4_ros_com/package.ps1'
[16.202s] INFO:colcon.colcon_core.shell:Creating package descriptor '/home/hamad/ws_offboard_control/install/px4_ros_com/share/px4_ros_com/package.dsv'
[16.203s] INFO:colcon.colcon_core.shell:Creating package script '/home/hamad/ws_offboard_control/install/px4_ros_com/share/px4_ros_com/package.sh'
[16.203s] INFO:colcon.colcon_core.shell:Creating package script '/home/hamad/ws_offboard_control/install/px4_ros_com/share/px4_ros_com/package.bash'
[16.204s] INFO:colcon.colcon_core.shell:Creating package script '/home/hamad/ws_offboard_control/install/px4_ros_com/share/px4_ros_com/package.zsh'
[16.204s] Level 1:colcon.colcon_core.environment:create_file_with_runtime_dependencies(/home/hamad/ws_offboard_control/install/px4_ros_com/share/colcon-core/packages/px4_ros_com)
[16.205s] DEBUG:colcon.colcon_parallel_executor.executor.parallel:closing loop
[16.205s] DEBUG:colcon.colcon_parallel_executor.executor.parallel:loop closed
[16.205s] DEBUG:colcon.colcon_parallel_executor.executor.parallel:run_until_complete finished with '0'
[16.205s] DEBUG:colcon.colcon_core.event_reactor:joining thread
[16.210s] INFO:colcon.colcon_core.plugin_system:Skipping extension 'colcon_notification.desktop_notification.terminal_notifier': Not used on non-Darwin systems
[16.210s] INFO:colcon.colcon_core.plugin_system:Skipping extension 'colcon_notification.desktop_notification.win32': Not used on non-Windows systems
[16.210s] INFO:colcon.colcon_notification.desktop_notification:Sending desktop notification using 'notify2'
[16.228s] DEBUG:colcon.colcon_core.event_reactor:joined thread
[16.228s] INFO:colcon.colcon_core.shell:Creating prefix script '/home/hamad/ws_offboard_control/install/local_setup.ps1'
[16.230s] INFO:colcon.colcon_core.shell:Creating prefix util module '/home/hamad/ws_offboard_control/install/_local_setup_util_ps1.py'
[16.231s] INFO:colcon.colcon_core.shell:Creating prefix chain script '/home/hamad/ws_offboard_control/install/setup.ps1'
[16.232s] INFO:colcon.colcon_core.shell:Creating prefix script '/home/hamad/ws_offboard_control/install/local_setup.sh'
[16.233s] INFO:colcon.colcon_core.shell:Creating prefix util module '/home/hamad/ws_offboard_control/install/_local_setup_util_sh.py'
[16.233s] INFO:colcon.colcon_core.shell:Creating prefix chain script '/home/hamad/ws_offboard_control/install/setup.sh'
[16.234s] INFO:colcon.colcon_core.shell:Creating prefix script '/home/hamad/ws_offboard_control/install/local_setup.bash'
[16.235s] INFO:colcon.colcon_core.shell:Creating prefix chain script '/home/hamad/ws_offboard_control/install/setup.bash'
[16.236s] INFO:colcon.colcon_core.shell:Creating prefix script '/home/hamad/ws_offboard_control/install/local_setup.zsh'
[16.237s] INFO:colcon.colcon_core.shell:Creating prefix chain script '/home/hamad/ws_offboard_control/install/setup.zsh'
