[0.003s] Invoking command in '/home/swarm/ws_offboard_control/build/px4_msgs': DEBUGINFOD_URLS=https://debuginfod.ubuntu.com PS1=(.local) ${debian_chroot:+($debian_chroot)}\u@\h:\w\$ VIRTUAL_ENV_PROMPT=(.local) /usr/bin/cmake /home/swarm/ws_offboard_control/src/px4_msgs -DCMAKE_INSTALL_PREFIX=/home/swarm/ws_offboard_control/install/px4_msgs
[0.069s] -- The C compiler identification is GNU 13.3.0
[0.121s] -- The CXX compiler identification is GNU 13.3.0
[0.133s] -- Detecting C compiler ABI info
[0.187s] -- Detecting C compiler ABI info - done
[0.191s] -- Check for working C compiler: /usr/bin/cc - skipped
[0.191s] -- Detecting C compile features
[0.192s] -- Detecting C compile features - done
[0.197s] -- Detecting CXX compiler ABI info
[0.252s] -- Detecting CXX compiler ABI info - done
[0.256s] -- Check for working CXX compiler: /usr/bin/c++ - skipped
[0.256s] -- Detecting CXX compile features
[0.257s] -- Detecting CXX compile features - done
[0.262s] CMake Error at CMakeLists.txt:11 (find_package):
[0.262s]   By not providing "Findament_cmake.cmake" in CMAKE_MODULE_PATH this project
[0.262s]   has asked CMake to find a package configuration file provided by
[0.263s]   "ament_cmake", but CMake did not find one.
[0.263s] 
[0.263s]   Could not find a package configuration file provided by "ament_cmake" with
[0.263s]   any of the following names:
[0.263s] 
[0.263s]     ament_cmakeConfig.cmake
[0.263s]     ament_cmake-config.cmake
[0.263s] 
[0.263s]   Add the installation prefix of "ament_cmake" to CMAKE_PREFIX_PATH or set
[0.263s]   "ament_cmake_DIR" to a directory containing one of the above files.  If
[0.263s]   "ament_cmake" provides a separate development package or SDK, be sure it
[0.263s]   has been installed.
[0.263s] 
[0.263s] 
[0.263s] -- Configuring incomplete, errors occurred!
[0.265s] Invoked command in '/home/swarm/ws_offboard_control/build/px4_msgs' returned '1': DEBUGINFOD_URLS=https://debuginfod.ubuntu.com PS1=(.local) ${debian_chroot:+($debian_chroot)}\u@\h:\w\$ VIRTUAL_ENV_PROMPT=(.local) /usr/bin/cmake /home/swarm/ws_offboard_control/src/px4_msgs -DCMAKE_INSTALL_PREFIX=/home/swarm/ws_offboard_control/install/px4_msgs
