[0.175s] DEBUG:colcon:Command line arguments: ['/usr/bin/colcon', 'build', '--packages-select', 'px4_ros_com']
[0.175s] DEBUG:colcon:Parsed command line arguments: Namespace(log_base=None, log_level=None, verb_name='build', build_base='build', install_base='install', merge_install=False, symlink_install=False, test_result_base=None, continue_on_error=False, executor='parallel', parallel_workers=8, event_handlers=None, ignore_user_meta=False, metas=['./colcon.meta'], base_paths=['.'], packages_ignore=None, packages_ignore_regex=None, paths=None, packages_up_to=None, packages_up_to_regex=None, packages_above=None, packages_above_and_dependencies=None, packages_above_depth=None, packages_select_by_dep=None, packages_skip_by_dep=None, packages_skip_up_to=None, packages_select_build_failed=False, packages_skip_build_finished=False, packages_select_test_failures=False, packages_skip_test_passed=False, packages_select=['px4_ros_com'], packages_skip=None, packages_select_regex=None, packages_skip_regex=None, packages_start=None, packages_end=None, allow_overriding=[], cmake_args=None, cmake_target=None, cmake_target_skip_unavailable=False, cmake_clean_cache=False, cmake_clean_first=False, cmake_force_configure=False, ament_cmake_args=None, catkin_cmake_args=None, catkin_skip_building_tests=False, mixin_files=None, mixin=None, verb_parser=<colcon_mixin.mixin.mixin_argument.MixinArgumentDecorator object at 0x7a0cc9eab950>, verb_extension=<colcon_core.verb.build.BuildVerb object at 0x7a0cc9eab530>, main=<bound method BuildVerb.main of <colcon_core.verb.build.BuildVerb object at 0x7a0cc9eab530>>, mixin_verb=('build',))
[0.229s] Level 1:colcon.colcon_core.package_discovery:discover_packages(colcon_meta) check parameters
[0.229s] Level 1:colcon.colcon_core.package_discovery:discover_packages(recursive) check parameters
[0.229s] Level 1:colcon.colcon_core.package_discovery:discover_packages(ignore) check parameters
[0.229s] Level 1:colcon.colcon_core.package_discovery:discover_packages(path) check parameters
[0.229s] Level 1:colcon.colcon_core.package_discovery:discover_packages(colcon_meta) discover
[0.229s] Level 1:colcon.colcon_core.package_discovery:discover_packages(recursive) discover
[0.229s] INFO:colcon.colcon_core.package_discovery:Crawling recursively for packages in '/home/hamad/ws_offboard_control'
[0.229s] Level 1:colcon.colcon_core.package_identification:_identify(.) by extensions ['ignore', 'ignore_ament_install']
[0.229s] Level 1:colcon.colcon_core.package_identification:_identify(.) by extension 'ignore'
[0.229s] Level 1:colcon.colcon_core.package_identification:_identify(.) by extension 'ignore_ament_install'
[0.230s] Level 1:colcon.colcon_core.package_identification:_identify(.) by extensions ['colcon_pkg']
[0.230s] Level 1:colcon.colcon_core.package_identification:_identify(.) by extension 'colcon_pkg'
[0.230s] Level 1:colcon.colcon_core.package_identification:_identify(.) by extensions ['colcon_meta']
[0.230s] Level 1:colcon.colcon_core.package_identification:_identify(.) by extension 'colcon_meta'
[0.230s] Level 1:colcon.colcon_core.package_identification:_identify(.) by extensions ['ros']
[0.230s] Level 1:colcon.colcon_core.package_identification:_identify(.) by extension 'ros'
[0.273s] Level 1:colcon.colcon_core.package_identification:_identify(.) by extensions ['cmake', 'python']
[0.273s] Level 1:colcon.colcon_core.package_identification:_identify(.) by extension 'cmake'
[0.273s] Level 1:colcon.colcon_core.package_identification:_identify(.) by extension 'python'
[0.273s] Level 1:colcon.colcon_core.package_identification:_identify(.) by extensions ['python_setup_py']
[0.273s] Level 1:colcon.colcon_core.package_identification:_identify(.) by extension 'python_setup_py'
[0.273s] Level 1:colcon.colcon_core.package_identification:_identify(build) by extensions ['ignore', 'ignore_ament_install']
[0.273s] Level 1:colcon.colcon_core.package_identification:_identify(build) by extension 'ignore'
[0.274s] Level 1:colcon.colcon_core.package_identification:_identify(build) ignored
[0.274s] Level 1:colcon.colcon_core.package_identification:_identify(install) by extensions ['ignore', 'ignore_ament_install']
[0.274s] Level 1:colcon.colcon_core.package_identification:_identify(install) by extension 'ignore'
[0.274s] Level 1:colcon.colcon_core.package_identification:_identify(install) ignored
[0.274s] Level 1:colcon.colcon_core.package_identification:_identify(log) by extensions ['ignore', 'ignore_ament_install']
[0.274s] Level 1:colcon.colcon_core.package_identification:_identify(log) by extension 'ignore'
[0.274s] Level 1:colcon.colcon_core.package_identification:_identify(log) ignored
[0.274s] Level 1:colcon.colcon_core.package_identification:_identify(plots) by extensions ['ignore', 'ignore_ament_install']
[0.274s] Level 1:colcon.colcon_core.package_identification:_identify(plots) by extension 'ignore'
[0.275s] Level 1:colcon.colcon_core.package_identification:_identify(plots) by extension 'ignore_ament_install'
[0.275s] Level 1:colcon.colcon_core.package_identification:_identify(plots) by extensions ['colcon_pkg']
[0.275s] Level 1:colcon.colcon_core.package_identification:_identify(plots) by extension 'colcon_pkg'
[0.275s] Level 1:colcon.colcon_core.package_identification:_identify(plots) by extensions ['colcon_meta']
[0.275s] Level 1:colcon.colcon_core.package_identification:_identify(plots) by extension 'colcon_meta'
[0.275s] Level 1:colcon.colcon_core.package_identification:_identify(plots) by extensions ['ros']
[0.275s] Level 1:colcon.colcon_core.package_identification:_identify(plots) by extension 'ros'
[0.275s] Level 1:colcon.colcon_core.package_identification:_identify(plots) by extensions ['cmake', 'python']
[0.275s] Level 1:colcon.colcon_core.package_identification:_identify(plots) by extension 'cmake'
[0.275s] Level 1:colcon.colcon_core.package_identification:_identify(plots) by extension 'python'
[0.275s] Level 1:colcon.colcon_core.package_identification:_identify(plots) by extensions ['python_setup_py']
[0.275s] Level 1:colcon.colcon_core.package_identification:_identify(plots) by extension 'python_setup_py'
[0.275s] Level 1:colcon.colcon_core.package_identification:_identify(plots/circle_2.0ms_20251127_215707) by extensions ['ignore', 'ignore_ament_install']
[0.275s] Level 1:colcon.colcon_core.package_identification:_identify(plots/circle_2.0ms_20251127_215707) by extension 'ignore'
[0.276s] Level 1:colcon.colcon_core.package_identification:_identify(plots/circle_2.0ms_20251127_215707) by extension 'ignore_ament_install'
[0.276s] Level 1:colcon.colcon_core.package_identification:_identify(plots/circle_2.0ms_20251127_215707) by extensions ['colcon_pkg']
[0.276s] Level 1:colcon.colcon_core.package_identification:_identify(plots/circle_2.0ms_20251127_215707) by extension 'colcon_pkg'
[0.276s] Level 1:colcon.colcon_core.package_identification:_identify(plots/circle_2.0ms_20251127_215707) by extensions ['colcon_meta']
[0.276s] Level 1:colcon.colcon_core.package_identification:_identify(plots/circle_2.0ms_20251127_215707) by extension 'colcon_meta'
[0.276s] Level 1:colcon.colcon_core.package_identification:_identify(plots/circle_2.0ms_20251127_215707) by extensions ['ros']
[0.276s] Level 1:colcon.colcon_core.package_identification:_identify(plots/circle_2.0ms_20251127_215707) by extension 'ros'
[0.276s] Level 1:colcon.colcon_core.package_identification:_identify(plots/circle_2.0ms_20251127_215707) by extensions ['cmake', 'python']
[0.276s] Level 1:colcon.colcon_core.package_identification:_identify(plots/circle_2.0ms_20251127_215707) by extension 'cmake'
[0.276s] Level 1:colcon.colcon_core.package_identification:_identify(plots/circle_2.0ms_20251127_215707) by extension 'python'
[0.276s] Level 1:colcon.colcon_core.package_identification:_identify(plots/circle_2.0ms_20251127_215707) by extensions ['python_setup_py']
[0.276s] Level 1:colcon.colcon_core.package_identification:_identify(plots/circle_2.0ms_20251127_215707) by extension 'python_setup_py'
[0.276s] Level 1:colcon.colcon_core.package_identification:_identify(plots/square_2.0ms_20251127_214819) by extensions ['ignore', 'ignore_ament_install']
[0.277s] Level 1:colcon.colcon_core.package_identification:_identify(plots/square_2.0ms_20251127_214819) by extension 'ignore'
[0.277s] Level 1:colcon.colcon_core.package_identification:_identify(plots/square_2.0ms_20251127_214819) by extension 'ignore_ament_install'
[0.277s] Level 1:colcon.colcon_core.package_identification:_identify(plots/square_2.0ms_20251127_214819) by extensions ['colcon_pkg']
[0.277s] Level 1:colcon.colcon_core.package_identification:_identify(plots/square_2.0ms_20251127_214819) by extension 'colcon_pkg'
[0.277s] Level 1:colcon.colcon_core.package_identification:_identify(plots/square_2.0ms_20251127_214819) by extensions ['colcon_meta']
[0.277s] Level 1:colcon.colcon_core.package_identification:_identify(plots/square_2.0ms_20251127_214819) by extension 'colcon_meta'
[0.277s] Level 1:colcon.colcon_core.package_identification:_identify(plots/square_2.0ms_20251127_214819) by extensions ['ros']
[0.277s] Level 1:colcon.colcon_core.package_identification:_identify(plots/square_2.0ms_20251127_214819) by extension 'ros'
[0.277s] Level 1:colcon.colcon_core.package_identification:_identify(plots/square_2.0ms_20251127_214819) by extensions ['cmake', 'python']
[0.277s] Level 1:colcon.colcon_core.package_identification:_identify(plots/square_2.0ms_20251127_214819) by extension 'cmake'
[0.277s] Level 1:colcon.colcon_core.package_identification:_identify(plots/square_2.0ms_20251127_214819) by extension 'python'
[0.277s] Level 1:colcon.colcon_core.package_identification:_identify(plots/square_2.0ms_20251127_214819) by extensions ['python_setup_py']
[0.277s] Level 1:colcon.colcon_core.package_identification:_identify(plots/square_2.0ms_20251127_214819) by extension 'python_setup_py'
[0.277s] Level 1:colcon.colcon_core.package_identification:_identify(plots/square_2.0ms_20251127_215457) by extensions ['ignore', 'ignore_ament_install']
[0.277s] Level 1:colcon.colcon_core.package_identification:_identify(plots/square_2.0ms_20251127_215457) by extension 'ignore'
[0.278s] Level 1:colcon.colcon_core.package_identification:_identify(plots/square_2.0ms_20251127_215457) by extension 'ignore_ament_install'
[0.278s] Level 1:colcon.colcon_core.package_identification:_identify(plots/square_2.0ms_20251127_215457) by extensions ['colcon_pkg']
[0.278s] Level 1:colcon.colcon_core.package_identification:_identify(plots/square_2.0ms_20251127_215457) by extension 'colcon_pkg'
[0.278s] Level 1:colcon.colcon_core.package_identification:_identify(plots/square_2.0ms_20251127_215457) by extensions ['colcon_meta']
[0.278s] Level 1:colcon.colcon_core.package_identification:_identify(plots/square_2.0ms_20251127_215457) by extension 'colcon_meta'
[0.278s] Level 1:colcon.colcon_core.package_identification:_identify(plots/square_2.0ms_20251127_215457) by extensions ['ros']
[0.278s] Level 1:colcon.colcon_core.package_identification:_identify(plots/square_2.0ms_20251127_215457) by extension 'ros'
[0.278s] Level 1:colcon.colcon_core.package_identification:_identify(plots/square_2.0ms_20251127_215457) by extensions ['cmake', 'python']
[0.278s] Level 1:colcon.colcon_core.package_identification:_identify(plots/square_2.0ms_20251127_215457) by extension 'cmake'
[0.278s] Level 1:colcon.colcon_core.package_identification:_identify(plots/square_2.0ms_20251127_215457) by extension 'python'
[0.278s] Level 1:colcon.colcon_core.package_identification:_identify(plots/square_2.0ms_20251127_215457) by extensions ['python_setup_py']
[0.278s] Level 1:colcon.colcon_core.package_identification:_identify(plots/square_2.0ms_20251127_215457) by extension 'python_setup_py'
[0.278s] Level 1:colcon.colcon_core.package_identification:_identify(plots/square_2.0ms_20251127_221447) by extensions ['ignore', 'ignore_ament_install']
[0.279s] Level 1:colcon.colcon_core.package_identification:_identify(plots/square_2.0ms_20251127_221447) by extension 'ignore'
[0.279s] Level 1:colcon.colcon_core.package_identification:_identify(plots/square_2.0ms_20251127_221447) by extension 'ignore_ament_install'
[0.279s] Level 1:colcon.colcon_core.package_identification:_identify(plots/square_2.0ms_20251127_221447) by extensions ['colcon_pkg']
[0.279s] Level 1:colcon.colcon_core.package_identification:_identify(plots/square_2.0ms_20251127_221447) by extension 'colcon_pkg'
[0.279s] Level 1:colcon.colcon_core.package_identification:_identify(plots/square_2.0ms_20251127_221447) by extensions ['colcon_meta']
[0.279s] Level 1:colcon.colcon_core.package_identification:_identify(plots/square_2.0ms_20251127_221447) by extension 'colcon_meta'
[0.279s] Level 1:colcon.colcon_core.package_identification:_identify(plots/square_2.0ms_20251127_221447) by extensions ['ros']
[0.279s] Level 1:colcon.colcon_core.package_identification:_identify(plots/square_2.0ms_20251127_221447) by extension 'ros'
[0.279s] Level 1:colcon.colcon_core.package_identification:_identify(plots/square_2.0ms_20251127_221447) by extensions ['cmake', 'python']
[0.279s] Level 1:colcon.colcon_core.package_identification:_identify(plots/square_2.0ms_20251127_221447) by extension 'cmake'
[0.279s] Level 1:colcon.colcon_core.package_identification:_identify(plots/square_2.0ms_20251127_221447) by extension 'python'
[0.279s] Level 1:colcon.colcon_core.package_identification:_identify(plots/square_2.0ms_20251127_221447) by extensions ['python_setup_py']
[0.279s] Level 1:colcon.colcon_core.package_identification:_identify(plots/square_2.0ms_20251127_221447) by extension 'python_setup_py'
[0.279s] Level 1:colcon.colcon_core.package_identification:_identify(plots/square_2.0ms_20251127_221639) by extensions ['ignore', 'ignore_ament_install']
[0.280s] Level 1:colcon.colcon_core.package_identification:_identify(plots/square_2.0ms_20251127_221639) by extension 'ignore'
[0.280s] Level 1:colcon.colcon_core.package_identification:_identify(plots/square_2.0ms_20251127_221639) by extension 'ignore_ament_install'
[0.280s] Level 1:colcon.colcon_core.package_identification:_identify(plots/square_2.0ms_20251127_221639) by extensions ['colcon_pkg']
[0.280s] Level 1:colcon.colcon_core.package_identification:_identify(plots/square_2.0ms_20251127_221639) by extension 'colcon_pkg'
[0.280s] Level 1:colcon.colcon_core.package_identification:_identify(plots/square_2.0ms_20251127_221639) by extensions ['colcon_meta']
[0.280s] Level 1:colcon.colcon_core.package_identification:_identify(plots/square_2.0ms_20251127_221639) by extension 'colcon_meta'
[0.280s] Level 1:colcon.colcon_core.package_identification:_identify(plots/square_2.0ms_20251127_221639) by extensions ['ros']
[0.280s] Level 1:colcon.colcon_core.package_identification:_identify(plots/square_2.0ms_20251127_221639) by extension 'ros'
[0.280s] Level 1:colcon.colcon_core.package_identification:_identify(plots/square_2.0ms_20251127_221639) by extensions ['cmake', 'python']
[0.280s] Level 1:colcon.colcon_core.package_identification:_identify(plots/square_2.0ms_20251127_221639) by extension 'cmake'
[0.280s] Level 1:colcon.colcon_core.package_identification:_identify(plots/square_2.0ms_20251127_221639) by extension 'python'
[0.280s] Level 1:colcon.colcon_core.package_identification:_identify(plots/square_2.0ms_20251127_221639) by extensions ['python_setup_py']
[0.280s] Level 1:colcon.colcon_core.package_identification:_identify(plots/square_2.0ms_20251127_221639) by extension 'python_setup_py'
[0.280s] Level 1:colcon.colcon_core.package_identification:_identify(plots/square_2.0ms_20251127_221749) by extensions ['ignore', 'ignore_ament_install']
[0.280s] Level 1:colcon.colcon_core.package_identification:_identify(plots/square_2.0ms_20251127_221749) by extension 'ignore'
[0.281s] Level 1:colcon.colcon_core.package_identification:_identify(plots/square_2.0ms_20251127_221749) by extension 'ignore_ament_install'
[0.281s] Level 1:colcon.colcon_core.package_identification:_identify(plots/square_2.0ms_20251127_221749) by extensions ['colcon_pkg']
[0.281s] Level 1:colcon.colcon_core.package_identification:_identify(plots/square_2.0ms_20251127_221749) by extension 'colcon_pkg'
[0.281s] Level 1:colcon.colcon_core.package_identification:_identify(plots/square_2.0ms_20251127_221749) by extensions ['colcon_meta']
[0.281s] Level 1:colcon.colcon_core.package_identification:_identify(plots/square_2.0ms_20251127_221749) by extension 'colcon_meta'
[0.281s] Level 1:colcon.colcon_core.package_identification:_identify(plots/square_2.0ms_20251127_221749) by extensions ['ros']
[0.281s] Level 1:colcon.colcon_core.package_identification:_identify(plots/square_2.0ms_20251127_221749) by extension 'ros'
[0.281s] Level 1:colcon.colcon_core.package_identification:_identify(plots/square_2.0ms_20251127_221749) by extensions ['cmake', 'python']
[0.281s] Level 1:colcon.colcon_core.package_identification:_identify(plots/square_2.0ms_20251127_221749) by extension 'cmake'
[0.281s] Level 1:colcon.colcon_core.package_identification:_identify(plots/square_2.0ms_20251127_221749) by extension 'python'
[0.281s] Level 1:colcon.colcon_core.package_identification:_identify(plots/square_2.0ms_20251127_221749) by extensions ['python_setup_py']
[0.281s] Level 1:colcon.colcon_core.package_identification:_identify(plots/square_2.0ms_20251127_221749) by extension 'python_setup_py'
[0.281s] Level 1:colcon.colcon_core.package_identification:_identify(plots/square_2.0ms_20251127_221916) by extensions ['ignore', 'ignore_ament_install']
[0.281s] Level 1:colcon.colcon_core.package_identification:_identify(plots/square_2.0ms_20251127_221916) by extension 'ignore'
[0.282s] Level 1:colcon.colcon_core.package_identification:_identify(plots/square_2.0ms_20251127_221916) by extension 'ignore_ament_install'
[0.282s] Level 1:colcon.colcon_core.package_identification:_identify(plots/square_2.0ms_20251127_221916) by extensions ['colcon_pkg']
[0.282s] Level 1:colcon.colcon_core.package_identification:_identify(plots/square_2.0ms_20251127_221916) by extension 'colcon_pkg'
[0.282s] Level 1:colcon.colcon_core.package_identification:_identify(plots/square_2.0ms_20251127_221916) by extensions ['colcon_meta']
[0.282s] Level 1:colcon.colcon_core.package_identification:_identify(plots/square_2.0ms_20251127_221916) by extension 'colcon_meta'
[0.282s] Level 1:colcon.colcon_core.package_identification:_identify(plots/square_2.0ms_20251127_221916) by extensions ['ros']
[0.282s] Level 1:colcon.colcon_core.package_identification:_identify(plots/square_2.0ms_20251127_221916) by extension 'ros'
[0.282s] Level 1:colcon.colcon_core.package_identification:_identify(plots/square_2.0ms_20251127_221916) by extensions ['cmake', 'python']
[0.282s] Level 1:colcon.colcon_core.package_identification:_identify(plots/square_2.0ms_20251127_221916) by extension 'cmake'
[0.282s] Level 1:colcon.colcon_core.package_identification:_identify(plots/square_2.0ms_20251127_221916) by extension 'python'
[0.282s] Level 1:colcon.colcon_core.package_identification:_identify(plots/square_2.0ms_20251127_221916) by extensions ['python_setup_py']
[0.282s] Level 1:colcon.colcon_core.package_identification:_identify(plots/square_2.0ms_20251127_221916) by extension 'python_setup_py'
[0.282s] Level 1:colcon.colcon_core.package_identification:_identify(plots/square_2.0ms_20251127_223108) by extensions ['ignore', 'ignore_ament_install']
[0.282s] Level 1:colcon.colcon_core.package_identification:_identify(plots/square_2.0ms_20251127_223108) by extension 'ignore'
[0.282s] Level 1:colcon.colcon_core.package_identification:_identify(plots/square_2.0ms_20251127_223108) by extension 'ignore_ament_install'
[0.283s] Level 1:colcon.colcon_core.package_identification:_identify(plots/square_2.0ms_20251127_223108) by extensions ['colcon_pkg']
[0.283s] Level 1:colcon.colcon_core.package_identification:_identify(plots/square_2.0ms_20251127_223108) by extension 'colcon_pkg'
[0.283s] Level 1:colcon.colcon_core.package_identification:_identify(plots/square_2.0ms_20251127_223108) by extensions ['colcon_meta']
[0.283s] Level 1:colcon.colcon_core.package_identification:_identify(plots/square_2.0ms_20251127_223108) by extension 'colcon_meta'
[0.283s] Level 1:colcon.colcon_core.package_identification:_identify(plots/square_2.0ms_20251127_223108) by extensions ['ros']
[0.283s] Level 1:colcon.colcon_core.package_identification:_identify(plots/square_2.0ms_20251127_223108) by extension 'ros'
[0.283s] Level 1:colcon.colcon_core.package_identification:_identify(plots/square_2.0ms_20251127_223108) by extensions ['cmake', 'python']
[0.283s] Level 1:colcon.colcon_core.package_identification:_identify(plots/square_2.0ms_20251127_223108) by extension 'cmake'
[0.283s] Level 1:colcon.colcon_core.package_identification:_identify(plots/square_2.0ms_20251127_223108) by extension 'python'
[0.283s] Level 1:colcon.colcon_core.package_identification:_identify(plots/square_2.0ms_20251127_223108) by extensions ['python_setup_py']
[0.283s] Level 1:colcon.colcon_core.package_identification:_identify(plots/square_2.0ms_20251127_223108) by extension 'python_setup_py'
[0.283s] Level 1:colcon.colcon_core.package_identification:_identify(plots/square_2.0ms_20251127_223301) by extensions ['ignore', 'ignore_ament_install']
[0.283s] Level 1:colcon.colcon_core.package_identification:_identify(plots/square_2.0ms_20251127_223301) by extension 'ignore'
[0.283s] Level 1:colcon.colcon_core.package_identification:_identify(plots/square_2.0ms_20251127_223301) by extension 'ignore_ament_install'
[0.283s] Level 1:colcon.colcon_core.package_identification:_identify(plots/square_2.0ms_20251127_223301) by extensions ['colcon_pkg']
[0.283s] Level 1:colcon.colcon_core.package_identification:_identify(plots/square_2.0ms_20251127_223301) by extension 'colcon_pkg'
[0.284s] Level 1:colcon.colcon_core.package_identification:_identify(plots/square_2.0ms_20251127_223301) by extensions ['colcon_meta']
[0.284s] Level 1:colcon.colcon_core.package_identification:_identify(plots/square_2.0ms_20251127_223301) by extension 'colcon_meta'
[0.284s] Level 1:colcon.colcon_core.package_identification:_identify(plots/square_2.0ms_20251127_223301) by extensions ['ros']
[0.284s] Level 1:colcon.colcon_core.package_identification:_identify(plots/square_2.0ms_20251127_223301) by extension 'ros'
[0.284s] Level 1:colcon.colcon_core.package_identification:_identify(plots/square_2.0ms_20251127_223301) by extensions ['cmake', 'python']
[0.284s] Level 1:colcon.colcon_core.package_identification:_identify(plots/square_2.0ms_20251127_223301) by extension 'cmake'
[0.284s] Level 1:colcon.colcon_core.package_identification:_identify(plots/square_2.0ms_20251127_223301) by extension 'python'
[0.284s] Level 1:colcon.colcon_core.package_identification:_identify(plots/square_2.0ms_20251127_223301) by extensions ['python_setup_py']
[0.284s] Level 1:colcon.colcon_core.package_identification:_identify(plots/square_2.0ms_20251127_223301) by extension 'python_setup_py'
[0.284s] Level 1:colcon.colcon_core.package_identification:_identify(plots/square_2.0ms_20251127_223351) by extensions ['ignore', 'ignore_ament_install']
[0.284s] Level 1:colcon.colcon_core.package_identification:_identify(plots/square_2.0ms_20251127_223351) by extension 'ignore'
[0.284s] Level 1:colcon.colcon_core.package_identification:_identify(plots/square_2.0ms_20251127_223351) by extension 'ignore_ament_install'
[0.284s] Level 1:colcon.colcon_core.package_identification:_identify(plots/square_2.0ms_20251127_223351) by extensions ['colcon_pkg']
[0.284s] Level 1:colcon.colcon_core.package_identification:_identify(plots/square_2.0ms_20251127_223351) by extension 'colcon_pkg'
[0.284s] Level 1:colcon.colcon_core.package_identification:_identify(plots/square_2.0ms_20251127_223351) by extensions ['colcon_meta']
[0.285s] Level 1:colcon.colcon_core.package_identification:_identify(plots/square_2.0ms_20251127_223351) by extension 'colcon_meta'
[0.285s] Level 1:colcon.colcon_core.package_identification:_identify(plots/square_2.0ms_20251127_223351) by extensions ['ros']
[0.285s] Level 1:colcon.colcon_core.package_identification:_identify(plots/square_2.0ms_20251127_223351) by extension 'ros'
[0.285s] Level 1:colcon.colcon_core.package_identification:_identify(plots/square_2.0ms_20251127_223351) by extensions ['cmake', 'python']
[0.285s] Level 1:colcon.colcon_core.package_identification:_identify(plots/square_2.0ms_20251127_223351) by extension 'cmake'
[0.285s] Level 1:colcon.colcon_core.package_identification:_identify(plots/square_2.0ms_20251127_223351) by extension 'python'
[0.285s] Level 1:colcon.colcon_core.package_identification:_identify(plots/square_2.0ms_20251127_223351) by extensions ['python_setup_py']
[0.285s] Level 1:colcon.colcon_core.package_identification:_identify(plots/square_2.0ms_20251127_223351) by extension 'python_setup_py'
[0.285s] Level 1:colcon.colcon_core.package_identification:_identify(plots/square_2.0ms_20251129_231249) by extensions ['ignore', 'ignore_ament_install']
[0.285s] Level 1:colcon.colcon_core.package_identification:_identify(plots/square_2.0ms_20251129_231249) by extension 'ignore'
[0.285s] Level 1:colcon.colcon_core.package_identification:_identify(plots/square_2.0ms_20251129_231249) by extension 'ignore_ament_install'
[0.285s] Level 1:colcon.colcon_core.package_identification:_identify(plots/square_2.0ms_20251129_231249) by extensions ['colcon_pkg']
[0.285s] Level 1:colcon.colcon_core.package_identification:_identify(plots/square_2.0ms_20251129_231249) by extension 'colcon_pkg'
[0.285s] Level 1:colcon.colcon_core.package_identification:_identify(plots/square_2.0ms_20251129_231249) by extensions ['colcon_meta']
[0.285s] Level 1:colcon.colcon_core.package_identification:_identify(plots/square_2.0ms_20251129_231249) by extension 'colcon_meta'
[0.285s] Level 1:colcon.colcon_core.package_identification:_identify(plots/square_2.0ms_20251129_231249) by extensions ['ros']
[0.286s] Level 1:colcon.colcon_core.package_identification:_identify(plots/square_2.0ms_20251129_231249) by extension 'ros'
[0.286s] Level 1:colcon.colcon_core.package_identification:_identify(plots/square_2.0ms_20251129_231249) by extensions ['cmake', 'python']
[0.286s] Level 1:colcon.colcon_core.package_identification:_identify(plots/square_2.0ms_20251129_231249) by extension 'cmake'
[0.286s] Level 1:colcon.colcon_core.package_identification:_identify(plots/square_2.0ms_20251129_231249) by extension 'python'
[0.286s] Level 1:colcon.colcon_core.package_identification:_identify(plots/square_2.0ms_20251129_231249) by extensions ['python_setup_py']
[0.286s] Level 1:colcon.colcon_core.package_identification:_identify(plots/square_2.0ms_20251129_231249) by extension 'python_setup_py'
[0.286s] Level 1:colcon.colcon_core.package_identification:_identify(plots/square_2.0ms_20251129_231432) by extensions ['ignore', 'ignore_ament_install']
[0.286s] Level 1:colcon.colcon_core.package_identification:_identify(plots/square_2.0ms_20251129_231432) by extension 'ignore'
[0.286s] Level 1:colcon.colcon_core.package_identification:_identify(plots/square_2.0ms_20251129_231432) by extension 'ignore_ament_install'
[0.286s] Level 1:colcon.colcon_core.package_identification:_identify(plots/square_2.0ms_20251129_231432) by extensions ['colcon_pkg']
[0.286s] Level 1:colcon.colcon_core.package_identification:_identify(plots/square_2.0ms_20251129_231432) by extension 'colcon_pkg'
[0.286s] Level 1:colcon.colcon_core.package_identification:_identify(plots/square_2.0ms_20251129_231432) by extensions ['colcon_meta']
[0.286s] Level 1:colcon.colcon_core.package_identification:_identify(plots/square_2.0ms_20251129_231432) by extension 'colcon_meta'
[0.286s] Level 1:colcon.colcon_core.package_identification:_identify(plots/square_2.0ms_20251129_231432) by extensions ['ros']
[0.286s] Level 1:colcon.colcon_core.package_identification:_identify(plots/square_2.0ms_20251129_231432) by extension 'ros'
[0.287s] Level 1:colcon.colcon_core.package_identification:_identify(plots/square_2.0ms_20251129_231432) by extensions ['cmake', 'python']
[0.287s] Level 1:colcon.colcon_core.package_identification:_identify(plots/square_2.0ms_20251129_231432) by extension 'cmake'
[0.287s] Level 1:colcon.colcon_core.package_identification:_identify(plots/square_2.0ms_20251129_231432) by extension 'python'
[0.287s] Level 1:colcon.colcon_core.package_identification:_identify(plots/square_2.0ms_20251129_231432) by extensions ['python_setup_py']
[0.287s] Level 1:colcon.colcon_core.package_identification:_identify(plots/square_2.0ms_20251129_231432) by extension 'python_setup_py'
[0.287s] Level 1:colcon.colcon_core.package_identification:_identify(plots/square_2.0ms_20251129_231706) by extensions ['ignore', 'ignore_ament_install']
[0.287s] Level 1:colcon.colcon_core.package_identification:_identify(plots/square_2.0ms_20251129_231706) by extension 'ignore'
[0.287s] Level 1:colcon.colcon_core.package_identification:_identify(plots/square_2.0ms_20251129_231706) by extension 'ignore_ament_install'
[0.287s] Level 1:colcon.colcon_core.package_identification:_identify(plots/square_2.0ms_20251129_231706) by extensions ['colcon_pkg']
[0.287s] Level 1:colcon.colcon_core.package_identification:_identify(plots/square_2.0ms_20251129_231706) by extension 'colcon_pkg'
[0.287s] Level 1:colcon.colcon_core.package_identification:_identify(plots/square_2.0ms_20251129_231706) by extensions ['colcon_meta']
[0.287s] Level 1:colcon.colcon_core.package_identification:_identify(plots/square_2.0ms_20251129_231706) by extension 'colcon_meta'
[0.287s] Level 1:colcon.colcon_core.package_identification:_identify(plots/square_2.0ms_20251129_231706) by extensions ['ros']
[0.288s] Level 1:colcon.colcon_core.package_identification:_identify(plots/square_2.0ms_20251129_231706) by extension 'ros'
[0.288s] Level 1:colcon.colcon_core.package_identification:_identify(plots/square_2.0ms_20251129_231706) by extensions ['cmake', 'python']
[0.288s] Level 1:colcon.colcon_core.package_identification:_identify(plots/square_2.0ms_20251129_231706) by extension 'cmake'
[0.288s] Level 1:colcon.colcon_core.package_identification:_identify(plots/square_2.0ms_20251129_231706) by extension 'python'
[0.288s] Level 1:colcon.colcon_core.package_identification:_identify(plots/square_2.0ms_20251129_231706) by extensions ['python_setup_py']
[0.288s] Level 1:colcon.colcon_core.package_identification:_identify(plots/square_2.0ms_20251129_231706) by extension 'python_setup_py'
[0.288s] Level 1:colcon.colcon_core.package_identification:_identify(plots/square_2.0ms_20251129_233106) by extensions ['ignore', 'ignore_ament_install']
[0.288s] Level 1:colcon.colcon_core.package_identification:_identify(plots/square_2.0ms_20251129_233106) by extension 'ignore'
[0.288s] Level 1:colcon.colcon_core.package_identification:_identify(plots/square_2.0ms_20251129_233106) by extension 'ignore_ament_install'
[0.288s] Level 1:colcon.colcon_core.package_identification:_identify(plots/square_2.0ms_20251129_233106) by extensions ['colcon_pkg']
[0.288s] Level 1:colcon.colcon_core.package_identification:_identify(plots/square_2.0ms_20251129_233106) by extension 'colcon_pkg'
[0.288s] Level 1:colcon.colcon_core.package_identification:_identify(plots/square_2.0ms_20251129_233106) by extensions ['colcon_meta']
[0.288s] Level 1:colcon.colcon_core.package_identification:_identify(plots/square_2.0ms_20251129_233106) by extension 'colcon_meta'
[0.289s] Level 1:colcon.colcon_core.package_identification:_identify(plots/square_2.0ms_20251129_233106) by extensions ['ros']
[0.289s] Level 1:colcon.colcon_core.package_identification:_identify(plots/square_2.0ms_20251129_233106) by extension 'ros'
[0.289s] Level 1:colcon.colcon_core.package_identification:_identify(plots/square_2.0ms_20251129_233106) by extensions ['cmake', 'python']
[0.289s] Level 1:colcon.colcon_core.package_identification:_identify(plots/square_2.0ms_20251129_233106) by extension 'cmake'
[0.289s] Level 1:colcon.colcon_core.package_identification:_identify(plots/square_2.0ms_20251129_233106) by extension 'python'
[0.289s] Level 1:colcon.colcon_core.package_identification:_identify(plots/square_2.0ms_20251129_233106) by extensions ['python_setup_py']
[0.289s] Level 1:colcon.colcon_core.package_identification:_identify(plots/square_2.0ms_20251129_233106) by extension 'python_setup_py'
[0.289s] Level 1:colcon.colcon_core.package_identification:_identify(plots/square_2.0ms_20251129_234405) by extensions ['ignore', 'ignore_ament_install']
[0.289s] Level 1:colcon.colcon_core.package_identification:_identify(plots/square_2.0ms_20251129_234405) by extension 'ignore'
[0.289s] Level 1:colcon.colcon_core.package_identification:_identify(plots/square_2.0ms_20251129_234405) by extension 'ignore_ament_install'
[0.289s] Level 1:colcon.colcon_core.package_identification:_identify(plots/square_2.0ms_20251129_234405) by extensions ['colcon_pkg']
[0.290s] Level 1:colcon.colcon_core.package_identification:_identify(plots/square_2.0ms_20251129_234405) by extension 'colcon_pkg'
[0.290s] Level 1:colcon.colcon_core.package_identification:_identify(plots/square_2.0ms_20251129_234405) by extensions ['colcon_meta']
[0.290s] Level 1:colcon.colcon_core.package_identification:_identify(plots/square_2.0ms_20251129_234405) by extension 'colcon_meta'
[0.290s] Level 1:colcon.colcon_core.package_identification:_identify(plots/square_2.0ms_20251129_234405) by extensions ['ros']
[0.290s] Level 1:colcon.colcon_core.package_identification:_identify(plots/square_2.0ms_20251129_234405) by extension 'ros'
[0.290s] Level 1:colcon.colcon_core.package_identification:_identify(plots/square_2.0ms_20251129_234405) by extensions ['cmake', 'python']
[0.290s] Level 1:colcon.colcon_core.package_identification:_identify(plots/square_2.0ms_20251129_234405) by extension 'cmake'
[0.290s] Level 1:colcon.colcon_core.package_identification:_identify(plots/square_2.0ms_20251129_234405) by extension 'python'
[0.290s] Level 1:colcon.colcon_core.package_identification:_identify(plots/square_2.0ms_20251129_234405) by extensions ['python_setup_py']
[0.290s] Level 1:colcon.colcon_core.package_identification:_identify(plots/square_2.0ms_20251129_234405) by extension 'python_setup_py'
[0.290s] Level 1:colcon.colcon_core.package_identification:_identify(plots/square_2.0ms_20251129_234835) by extensions ['ignore', 'ignore_ament_install']
[0.290s] Level 1:colcon.colcon_core.package_identification:_identify(plots/square_2.0ms_20251129_234835) by extension 'ignore'
[0.290s] Level 1:colcon.colcon_core.package_identification:_identify(plots/square_2.0ms_20251129_234835) by extension 'ignore_ament_install'
[0.291s] Level 1:colcon.colcon_core.package_identification:_identify(plots/square_2.0ms_20251129_234835) by extensions ['colcon_pkg']
[0.291s] Level 1:colcon.colcon_core.package_identification:_identify(plots/square_2.0ms_20251129_234835) by extension 'colcon_pkg'
[0.291s] Level 1:colcon.colcon_core.package_identification:_identify(plots/square_2.0ms_20251129_234835) by extensions ['colcon_meta']
[0.291s] Level 1:colcon.colcon_core.package_identification:_identify(plots/square_2.0ms_20251129_234835) by extension 'colcon_meta'
[0.291s] Level 1:colcon.colcon_core.package_identification:_identify(plots/square_2.0ms_20251129_234835) by extensions ['ros']
[0.291s] Level 1:colcon.colcon_core.package_identification:_identify(plots/square_2.0ms_20251129_234835) by extension 'ros'
[0.291s] Level 1:colcon.colcon_core.package_identification:_identify(plots/square_2.0ms_20251129_234835) by extensions ['cmake', 'python']
[0.291s] Level 1:colcon.colcon_core.package_identification:_identify(plots/square_2.0ms_20251129_234835) by extension 'cmake'
[0.291s] Level 1:colcon.colcon_core.package_identification:_identify(plots/square_2.0ms_20251129_234835) by extension 'python'
[0.291s] Level 1:colcon.colcon_core.package_identification:_identify(plots/square_2.0ms_20251129_234835) by extensions ['python_setup_py']
[0.291s] Level 1:colcon.colcon_core.package_identification:_identify(plots/square_2.0ms_20251129_234835) by extension 'python_setup_py'
[0.291s] Level 1:colcon.colcon_core.package_identification:_identify(plots/square_2.0ms_20251129_235252) by extensions ['ignore', 'ignore_ament_install']
[0.291s] Level 1:colcon.colcon_core.package_identification:_identify(plots/square_2.0ms_20251129_235252) by extension 'ignore'
[0.291s] Level 1:colcon.colcon_core.package_identification:_identify(plots/square_2.0ms_20251129_235252) by extension 'ignore_ament_install'
[0.291s] Level 1:colcon.colcon_core.package_identification:_identify(plots/square_2.0ms_20251129_235252) by extensions ['colcon_pkg']
[0.291s] Level 1:colcon.colcon_core.package_identification:_identify(plots/square_2.0ms_20251129_235252) by extension 'colcon_pkg'
[0.292s] Level 1:colcon.colcon_core.package_identification:_identify(plots/square_2.0ms_20251129_235252) by extensions ['colcon_meta']
[0.292s] Level 1:colcon.colcon_core.package_identification:_identify(plots/square_2.0ms_20251129_235252) by extension 'colcon_meta'
[0.292s] Level 1:colcon.colcon_core.package_identification:_identify(plots/square_2.0ms_20251129_235252) by extensions ['ros']
[0.292s] Level 1:colcon.colcon_core.package_identification:_identify(plots/square_2.0ms_20251129_235252) by extension 'ros'
[0.292s] Level 1:colcon.colcon_core.package_identification:_identify(plots/square_2.0ms_20251129_235252) by extensions ['cmake', 'python']
[0.292s] Level 1:colcon.colcon_core.package_identification:_identify(plots/square_2.0ms_20251129_235252) by extension 'cmake'
[0.292s] Level 1:colcon.colcon_core.package_identification:_identify(plots/square_2.0ms_20251129_235252) by extension 'python'
[0.292s] Level 1:colcon.colcon_core.package_identification:_identify(plots/square_2.0ms_20251129_235252) by extensions ['python_setup_py']
[0.292s] Level 1:colcon.colcon_core.package_identification:_identify(plots/square_2.0ms_20251129_235252) by extension 'python_setup_py'
[0.292s] Level 1:colcon.colcon_core.package_identification:_identify(plots/square_2.0ms_20251129_235433) by extensions ['ignore', 'ignore_ament_install']
[0.292s] Level 1:colcon.colcon_core.package_identification:_identify(plots/square_2.0ms_20251129_235433) by extension 'ignore'
[0.292s] Level 1:colcon.colcon_core.package_identification:_identify(plots/square_2.0ms_20251129_235433) by extension 'ignore_ament_install'
[0.292s] Level 1:colcon.colcon_core.package_identification:_identify(plots/square_2.0ms_20251129_235433) by extensions ['colcon_pkg']
[0.292s] Level 1:colcon.colcon_core.package_identification:_identify(plots/square_2.0ms_20251129_235433) by extension 'colcon_pkg'
[0.293s] Level 1:colcon.colcon_core.package_identification:_identify(plots/square_2.0ms_20251129_235433) by extensions ['colcon_meta']
[0.293s] Level 1:colcon.colcon_core.package_identification:_identify(plots/square_2.0ms_20251129_235433) by extension 'colcon_meta'
[0.293s] Level 1:colcon.colcon_core.package_identification:_identify(plots/square_2.0ms_20251129_235433) by extensions ['ros']
[0.293s] Level 1:colcon.colcon_core.package_identification:_identify(plots/square_2.0ms_20251129_235433) by extension 'ros'
[0.293s] Level 1:colcon.colcon_core.package_identification:_identify(plots/square_2.0ms_20251129_235433) by extensions ['cmake', 'python']
[0.293s] Level 1:colcon.colcon_core.package_identification:_identify(plots/square_2.0ms_20251129_235433) by extension 'cmake'
[0.293s] Level 1:colcon.colcon_core.package_identification:_identify(plots/square_2.0ms_20251129_235433) by extension 'python'
[0.293s] Level 1:colcon.colcon_core.package_identification:_identify(plots/square_2.0ms_20251129_235433) by extensions ['python_setup_py']
[0.293s] Level 1:colcon.colcon_core.package_identification:_identify(plots/square_2.0ms_20251129_235433) by extension 'python_setup_py'
[0.293s] Level 1:colcon.colcon_core.package_identification:_identify(plots/square_2.0ms_20251129_235602) by extensions ['ignore', 'ignore_ament_install']
[0.293s] Level 1:colcon.colcon_core.package_identification:_identify(plots/square_2.0ms_20251129_235602) by extension 'ignore'
[0.293s] Level 1:colcon.colcon_core.package_identification:_identify(plots/square_2.0ms_20251129_235602) by extension 'ignore_ament_install'
[0.293s] Level 1:colcon.colcon_core.package_identification:_identify(plots/square_2.0ms_20251129_235602) by extensions ['colcon_pkg']
[0.293s] Level 1:colcon.colcon_core.package_identification:_identify(plots/square_2.0ms_20251129_235602) by extension 'colcon_pkg'
[0.293s] Level 1:colcon.colcon_core.package_identification:_identify(plots/square_2.0ms_20251129_235602) by extensions ['colcon_meta']
[0.293s] Level 1:colcon.colcon_core.package_identification:_identify(plots/square_2.0ms_20251129_235602) by extension 'colcon_meta'
[0.294s] Level 1:colcon.colcon_core.package_identification:_identify(plots/square_2.0ms_20251129_235602) by extensions ['ros']
[0.294s] Level 1:colcon.colcon_core.package_identification:_identify(plots/square_2.0ms_20251129_235602) by extension 'ros'
[0.294s] Level 1:colcon.colcon_core.package_identification:_identify(plots/square_2.0ms_20251129_235602) by extensions ['cmake', 'python']
[0.294s] Level 1:colcon.colcon_core.package_identification:_identify(plots/square_2.0ms_20251129_235602) by extension 'cmake'
[0.294s] Level 1:colcon.colcon_core.package_identification:_identify(plots/square_2.0ms_20251129_235602) by extension 'python'
[0.294s] Level 1:colcon.colcon_core.package_identification:_identify(plots/square_2.0ms_20251129_235602) by extensions ['python_setup_py']
[0.294s] Level 1:colcon.colcon_core.package_identification:_identify(plots/square_2.0ms_20251129_235602) by extension 'python_setup_py'
[0.294s] Level 1:colcon.colcon_core.package_identification:_identify(src) by extensions ['ignore', 'ignore_ament_install']
[0.294s] Level 1:colcon.colcon_core.package_identification:_identify(src) by extension 'ignore'
[0.294s] Level 1:colcon.colcon_core.package_identification:_identify(src) by extension 'ignore_ament_install'
[0.294s] Level 1:colcon.colcon_core.package_identification:_identify(src) by extensions ['colcon_pkg']
[0.294s] Level 1:colcon.colcon_core.package_identification:_identify(src) by extension 'colcon_pkg'
[0.295s] Level 1:colcon.colcon_core.package_identification:_identify(src) by extensions ['colcon_meta']
[0.295s] Level 1:colcon.colcon_core.package_identification:_identify(src) by extension 'colcon_meta'
[0.295s] Level 1:colcon.colcon_core.package_identification:_identify(src) by extensions ['ros']
[0.295s] Level 1:colcon.colcon_core.package_identification:_identify(src) by extension 'ros'
[0.295s] Level 1:colcon.colcon_core.package_identification:_identify(src) by extensions ['cmake', 'python']
[0.295s] Level 1:colcon.colcon_core.package_identification:_identify(src) by extension 'cmake'
[0.295s] Level 1:colcon.colcon_core.package_identification:_identify(src) by extension 'python'
[0.295s] Level 1:colcon.colcon_core.package_identification:_identify(src) by extensions ['python_setup_py']
[0.295s] Level 1:colcon.colcon_core.package_identification:_identify(src) by extension 'python_setup_py'
[0.295s] Level 1:colcon.colcon_core.package_identification:_identify(src/px4_msgs) by extensions ['ignore', 'ignore_ament_install']
[0.295s] Level 1:colcon.colcon_core.package_identification:_identify(src/px4_msgs) by extension 'ignore'
[0.295s] Level 1:colcon.colcon_core.package_identification:_identify(src/px4_msgs) by extension 'ignore_ament_install'
[0.295s] Level 1:colcon.colcon_core.package_identification:_identify(src/px4_msgs) by extensions ['colcon_pkg']
[0.295s] Level 1:colcon.colcon_core.package_identification:_identify(src/px4_msgs) by extension 'colcon_pkg'
[0.295s] Level 1:colcon.colcon_core.package_identification:_identify(src/px4_msgs) by extensions ['colcon_meta']
[0.295s] Level 1:colcon.colcon_core.package_identification:_identify(src/px4_msgs) by extension 'colcon_meta'
[0.296s] Level 1:colcon.colcon_core.package_identification:_identify(src/px4_msgs) by extensions ['ros']
[0.296s] Level 1:colcon.colcon_core.package_identification:_identify(src/px4_msgs) by extension 'ros'
[0.299s] DEBUG:colcon.colcon_core.package_identification:Package 'src/px4_msgs' with type 'ros.ament_cmake' and name 'px4_msgs'
[0.299s] Level 1:colcon.colcon_core.package_identification:_identify(src/px4_ros_com) by extensions ['ignore', 'ignore_ament_install']
[0.299s] Level 1:colcon.colcon_core.package_identification:_identify(src/px4_ros_com) by extension 'ignore'
[0.299s] Level 1:colcon.colcon_core.package_identification:_identify(src/px4_ros_com) by extension 'ignore_ament_install'
[0.299s] Level 1:colcon.colcon_core.package_identification:_identify(src/px4_ros_com) by extensions ['colcon_pkg']
[0.299s] Level 1:colcon.colcon_core.package_identification:_identify(src/px4_ros_com) by extension 'colcon_pkg'
[0.299s] Level 1:colcon.colcon_core.package_identification:_identify(src/px4_ros_com) by extensions ['colcon_meta']
[0.299s] Level 1:colcon.colcon_core.package_identification:_identify(src/px4_ros_com) by extension 'colcon_meta'
[0.299s] Level 1:colcon.colcon_core.package_identification:_identify(src/px4_ros_com) by extensions ['ros']
[0.300s] Level 1:colcon.colcon_core.package_identification:_identify(src/px4_ros_com) by extension 'ros'
[0.301s] DEBUG:colcon.colcon_core.package_identification:Package 'src/px4_ros_com' with type 'ros.ament_cmake' and name 'px4_ros_com'
[0.301s] Level 1:colcon.colcon_core.package_discovery:discover_packages(recursive) using defaults
[0.301s] Level 1:colcon.colcon_core.package_discovery:discover_packages(ignore) discover
[0.301s] Level 1:colcon.colcon_core.package_discovery:discover_packages(ignore) using defaults
[0.301s] Level 1:colcon.colcon_core.package_discovery:discover_packages(path) discover
[0.301s] Level 1:colcon.colcon_core.package_discovery:discover_packages(path) using defaults
[0.324s] INFO:colcon.colcon_core.package_selection:Skipping not selected package 'px4_msgs' in 'src/px4_msgs'
[0.325s] Level 1:colcon.colcon_core.package_discovery:discover_packages(prefix_path) check parameters
[0.325s] Level 1:colcon.colcon_core.package_discovery:discover_packages(prefix_path) discover
[0.328s] DEBUG:colcon.colcon_installed_package_information.package_discovery:Found 3 installed packages in /home/hamad/ros2_ws/install
[0.329s] DEBUG:colcon.colcon_installed_package_information.package_discovery:Found 2 installed packages in /home/hamad/ws_offboard_control/install
[0.332s] DEBUG:colcon.colcon_installed_package_information.package_discovery:Found 346 installed packages in /opt/ros/jazzy
[0.334s] Level 1:colcon.colcon_core.package_discovery:discover_packages(prefix_path) using defaults
[0.414s] Level 5:colcon.colcon_core.verb:set package 'px4_ros_com' build argument 'cmake_args' from command line to 'None'
[0.414s] Level 5:colcon.colcon_core.verb:set package 'px4_ros_com' build argument 'cmake_target' from command line to 'None'
[0.414s] Level 5:colcon.colcon_core.verb:set package 'px4_ros_com' build argument 'cmake_target_skip_unavailable' from command line to 'False'
[0.414s] Level 5:colcon.colcon_core.verb:set package 'px4_ros_com' build argument 'cmake_clean_cache' from command line to 'False'
[0.414s] Level 5:colcon.colcon_core.verb:set package 'px4_ros_com' build argument 'cmake_clean_first' from command line to 'False'
[0.415s] Level 5:colcon.colcon_core.verb:set package 'px4_ros_com' build argument 'cmake_force_configure' from command line to 'False'
[0.415s] Level 5:colcon.colcon_core.verb:set package 'px4_ros_com' build argument 'ament_cmake_args' from command line to 'None'
[0.415s] Level 5:colcon.colcon_core.verb:set package 'px4_ros_com' build argument 'catkin_cmake_args' from command line to 'None'
[0.415s] Level 5:colcon.colcon_core.verb:set package 'px4_ros_com' build argument 'catkin_skip_building_tests' from command line to 'False'
[0.415s] DEBUG:colcon.colcon_core.verb:Building package 'px4_ros_com' with the following arguments: {'ament_cmake_args': None, 'build_base': '/home/hamad/ws_offboard_control/build/px4_ros_com', 'catkin_cmake_args': None, 'catkin_skip_building_tests': False, 'cmake_args': None, 'cmake_clean_cache': False, 'cmake_clean_first': False, 'cmake_force_configure': False, 'cmake_target': None, 'cmake_target_skip_unavailable': False, 'install_base': '/home/hamad/ws_offboard_control/install/px4_ros_com', 'merge_install': False, 'path': '/home/hamad/ws_offboard_control/src/px4_ros_com', 'symlink_install': False, 'test_result_base': None}
[0.415s] INFO:colcon.colcon_core.executor:Executing jobs using 'parallel' executor
[0.416s] DEBUG:colcon.colcon_parallel_executor.executor.parallel:run_until_complete
[0.416s] INFO:colcon.colcon_ros.task.ament_cmake.build:Building ROS package in '/home/hamad/ws_offboard_control/src/px4_ros_com' with build type 'ament_cmake'
[0.416s] INFO:colcon.colcon_cmake.task.cmake.build:Building CMake package in '/home/hamad/ws_offboard_control/src/px4_ros_com'
[0.419s] INFO:colcon.colcon_core.plugin_system:Skipping extension 'colcon_core.shell.bat': Not used on non-Windows systems
[0.419s] INFO:colcon.colcon_core.shell:Skip shell extension 'powershell' for command environment: Not usable outside of PowerShell
[0.419s] DEBUG:colcon.colcon_core.shell:Skip shell extension 'dsv' for command environment
[0.435s] DEBUG:colcon.colcon_core.event_handler.log_command:Invoking command in '/home/hamad/ws_offboard_control/build/px4_ros_com': CMAKE_PREFIX_PATH=/home/hamad/ws_offboard_control/install/px4_msgs:/home/hamad/ros2_ws/install/translation_node:/home/hamad/ros2_ws/install/px4_msgs_old:/home/hamad/ros2_ws/install/px4_msgs:/opt/ros/jazzy/opt/gz_sim_vendor:/opt/ros/jazzy/opt/gz_sensors_vendor:/opt/ros/jazzy/opt/gz_physics_vendor:/opt/ros/jazzy/opt/sdformat_vendor:/opt/ros/jazzy/opt/gz_gui_vendor:/opt/ros/jazzy/opt/gz_transport_vendor:/opt/ros/jazzy/opt/gz_rendering_vendor:/opt/ros/jazzy/opt/gz_plugin_vendor:/opt/ros/jazzy/opt/gz_fuel_tools_vendor:/opt/ros/jazzy/opt/gz_msgs_vendor:/opt/ros/jazzy/opt/gz_common_vendor:/opt/ros/jazzy/opt/gz_math_vendor:/opt/ros/jazzy/opt/gz_utils_vendor:/opt/ros/jazzy/opt/gz_tools_vendor:/opt/ros/jazzy/opt/gz_ogre_next_vendor:/opt/ros/jazzy/opt/gz_dartsim_vendor:/opt/ros/jazzy/opt/gz_cmake_vendor:/home/hamad/ws_offboard_control/install/px4_ros_com:/opt/ros/jazzy DEBUGINFOD_URLS=https://debuginfod.ubuntu.com LD_LIBRARY_PATH=/home/hamad/ws_offboard_control/install/px4_msgs/lib:/home/hamad/ros2_ws/install/translation_node/lib:/home/hamad/ros2_ws/install/px4_msgs_old/lib:/home/hamad/ros2_ws/install/px4_msgs/lib:/opt/ros/jazzy/opt/gz_sim_vendor/lib:/opt/ros/jazzy/opt/gz_sensors_vendor/lib:/opt/ros/jazzy/opt/gz_physics_vendor/lib:/opt/ros/jazzy/opt/sdformat_vendor/lib:/opt/ros/jazzy/opt/rviz_ogre_vendor/lib:/opt/ros/jazzy/lib/x86_64-linux-gnu:/opt/ros/jazzy/opt/gz_gui_vendor/lib:/opt/ros/jazzy/opt/gz_transport_vendor/lib:/opt/ros/jazzy/opt/gz_rendering_vendor/lib:/opt/ros/jazzy/opt/gz_plugin_vendor/lib:/opt/ros/jazzy/opt/gz_fuel_tools_vendor/lib:/opt/ros/jazzy/opt/gz_msgs_vendor/lib:/opt/ros/jazzy/opt/gz_common_vendor/lib:/opt/ros/jazzy/opt/gz_math_vendor/lib:/opt/ros/jazzy/opt/gz_utils_vendor/lib:/opt/ros/jazzy/opt/gz_tools_vendor/lib:/opt/ros/jazzy/opt/gz_ogre_next_vendor/lib:/opt/ros/jazzy/opt/gz_dartsim_vendor/lib:/opt/ros/jazzy/opt/gz_cmake_vendor/lib:/opt/ros/jazzy/lib:/home/hamad/ws_offboard_control/install/px4_ros_com/lib PS1=(.local) \[\e]0;\u@\h: \w\a\]${debian_chroot:+($debian_chroot)}\[\033[01;32m\]\u@\h\[\033[00m\]:\[\033[01;34m\]\w\[\033[00m\]\$ PYTHONPATH=/home/hamad/ws_offboard_control/install/px4_msgs/lib/python3.12/site-packages:/home/hamad/ros2_ws/install/translation_node/lib/python3.12/site-packages:/home/hamad/ros2_ws/install/px4_msgs_old/lib/python3.12/site-packages:/home/hamad/ros2_ws/install/px4_msgs/lib/python3.12/site-packages:/opt/ros/jazzy/lib/python3.12/site-packages:/home/hamad/ws_offboard_control/install/px4_ros_com/lib/python3.12/site-packages VIRTUAL_ENV_PROMPT=(.local) /usr/bin/cmake --build /home/hamad/ws_offboard_control/build/px4_ros_com -- -j8 -l8
[22.480s] DEBUG:colcon.colcon_core.event_handler.log_command:Invoked command in '/home/hamad/ws_offboard_control/build/px4_ros_com' returned '0': CMAKE_PREFIX_PATH=/home/hamad/ws_offboard_control/install/px4_msgs:/home/hamad/ros2_ws/install/translation_node:/home/hamad/ros2_ws/install/px4_msgs_old:/home/hamad/ros2_ws/install/px4_msgs:/opt/ros/jazzy/opt/gz_sim_vendor:/opt/ros/jazzy/opt/gz_sensors_vendor:/opt/ros/jazzy/opt/gz_physics_vendor:/opt/ros/jazzy/opt/sdformat_vendor:/opt/ros/jazzy/opt/gz_gui_vendor:/opt/ros/jazzy/opt/gz_transport_vendor:/opt/ros/jazzy/opt/gz_rendering_vendor:/opt/ros/jazzy/opt/gz_plugin_vendor:/opt/ros/jazzy/opt/gz_fuel_tools_vendor:/opt/ros/jazzy/opt/gz_msgs_vendor:/opt/ros/jazzy/opt/gz_common_vendor:/opt/ros/jazzy/opt/gz_math_vendor:/opt/ros/jazzy/opt/gz_utils_vendor:/opt/ros/jazzy/opt/gz_tools_vendor:/opt/ros/jazzy/opt/gz_ogre_next_vendor:/opt/ros/jazzy/opt/gz_dartsim_vendor:/opt/ros/jazzy/opt/gz_cmake_vendor:/home/hamad/ws_offboard_control/install/px4_ros_com:/opt/ros/jazzy DEBUGINFOD_URLS=https://debuginfod.ubuntu.com LD_LIBRARY_PATH=/home/hamad/ws_offboard_control/install/px4_msgs/lib:/home/hamad/ros2_ws/install/translation_node/lib:/home/hamad/ros2_ws/install/px4_msgs_old/lib:/home/hamad/ros2_ws/install/px4_msgs/lib:/opt/ros/jazzy/opt/gz_sim_vendor/lib:/opt/ros/jazzy/opt/gz_sensors_vendor/lib:/opt/ros/jazzy/opt/gz_physics_vendor/lib:/opt/ros/jazzy/opt/sdformat_vendor/lib:/opt/ros/jazzy/opt/rviz_ogre_vendor/lib:/opt/ros/jazzy/lib/x86_64-linux-gnu:/opt/ros/jazzy/opt/gz_gui_vendor/lib:/opt/ros/jazzy/opt/gz_transport_vendor/lib:/opt/ros/jazzy/opt/gz_rendering_vendor/lib:/opt/ros/jazzy/opt/gz_plugin_vendor/lib:/opt/ros/jazzy/opt/gz_fuel_tools_vendor/lib:/opt/ros/jazzy/opt/gz_msgs_vendor/lib:/opt/ros/jazzy/opt/gz_common_vendor/lib:/opt/ros/jazzy/opt/gz_math_vendor/lib:/opt/ros/jazzy/opt/gz_utils_vendor/lib:/opt/ros/jazzy/opt/gz_tools_vendor/lib:/opt/ros/jazzy/opt/gz_ogre_next_vendor/lib:/opt/ros/jazzy/opt/gz_dartsim_vendor/lib:/opt/ros/jazzy/opt/gz_cmake_vendor/lib:/opt/ros/jazzy/lib:/home/hamad/ws_offboard_control/install/px4_ros_com/lib PS1=(.local) \[\e]0;\u@\h: \w\a\]${debian_chroot:+($debian_chroot)}\[\033[01;32m\]\u@\h\[\033[00m\]:\[\033[01;34m\]\w\[\033[00m\]\$ PYTHONPATH=/home/hamad/ws_offboard_control/install/px4_msgs/lib/python3.12/site-packages:/home/hamad/ros2_ws/install/translation_node/lib/python3.12/site-packages:/home/hamad/ros2_ws/install/px4_msgs_old/lib/python3.12/site-packages:/home/hamad/ros2_ws/install/px4_msgs/lib/python3.12/site-packages:/opt/ros/jazzy/lib/python3.12/site-packages:/home/hamad/ws_offboard_control/install/px4_ros_com/lib/python3.12/site-packages VIRTUAL_ENV_PROMPT=(.local) /usr/bin/cmake --build /home/hamad/ws_offboard_control/build/px4_ros_com -- -j8 -l8
[22.494s] DEBUG:colcon.colcon_core.event_handler.log_command:Invoking command in '/home/hamad/ws_offboard_control/build/px4_ros_com': CMAKE_PREFIX_PATH=/home/hamad/ws_offboard_control/install/px4_msgs:/home/hamad/ros2_ws/install/translation_node:/home/hamad/ros2_ws/install/px4_msgs_old:/home/hamad/ros2_ws/install/px4_msgs:/opt/ros/jazzy/opt/gz_sim_vendor:/opt/ros/jazzy/opt/gz_sensors_vendor:/opt/ros/jazzy/opt/gz_physics_vendor:/opt/ros/jazzy/opt/sdformat_vendor:/opt/ros/jazzy/opt/gz_gui_vendor:/opt/ros/jazzy/opt/gz_transport_vendor:/opt/ros/jazzy/opt/gz_rendering_vendor:/opt/ros/jazzy/opt/gz_plugin_vendor:/opt/ros/jazzy/opt/gz_fuel_tools_vendor:/opt/ros/jazzy/opt/gz_msgs_vendor:/opt/ros/jazzy/opt/gz_common_vendor:/opt/ros/jazzy/opt/gz_math_vendor:/opt/ros/jazzy/opt/gz_utils_vendor:/opt/ros/jazzy/opt/gz_tools_vendor:/opt/ros/jazzy/opt/gz_ogre_next_vendor:/opt/ros/jazzy/opt/gz_dartsim_vendor:/opt/ros/jazzy/opt/gz_cmake_vendor:/home/hamad/ws_offboard_control/install/px4_ros_com:/opt/ros/jazzy DEBUGINFOD_URLS=https://debuginfod.ubuntu.com LD_LIBRARY_PATH=/home/hamad/ws_offboard_control/install/px4_msgs/lib:/home/hamad/ros2_ws/install/translation_node/lib:/home/hamad/ros2_ws/install/px4_msgs_old/lib:/home/hamad/ros2_ws/install/px4_msgs/lib:/opt/ros/jazzy/opt/gz_sim_vendor/lib:/opt/ros/jazzy/opt/gz_sensors_vendor/lib:/opt/ros/jazzy/opt/gz_physics_vendor/lib:/opt/ros/jazzy/opt/sdformat_vendor/lib:/opt/ros/jazzy/opt/rviz_ogre_vendor/lib:/opt/ros/jazzy/lib/x86_64-linux-gnu:/opt/ros/jazzy/opt/gz_gui_vendor/lib:/opt/ros/jazzy/opt/gz_transport_vendor/lib:/opt/ros/jazzy/opt/gz_rendering_vendor/lib:/opt/ros/jazzy/opt/gz_plugin_vendor/lib:/opt/ros/jazzy/opt/gz_fuel_tools_vendor/lib:/opt/ros/jazzy/opt/gz_msgs_vendor/lib:/opt/ros/jazzy/opt/gz_common_vendor/lib:/opt/ros/jazzy/opt/gz_math_vendor/lib:/opt/ros/jazzy/opt/gz_utils_vendor/lib:/opt/ros/jazzy/opt/gz_tools_vendor/lib:/opt/ros/jazzy/opt/gz_ogre_next_vendor/lib:/opt/ros/jazzy/opt/gz_dartsim_vendor/lib:/opt/ros/jazzy/opt/gz_cmake_vendor/lib:/opt/ros/jazzy/lib:/home/hamad/ws_offboard_control/install/px4_ros_com/lib PS1=(.local) \[\e]0;\u@\h: \w\a\]${debian_chroot:+($debian_chroot)}\[\033[01;32m\]\u@\h\[\033[00m\]:\[\033[01;34m\]\w\[\033[00m\]\$ PYTHONPATH=/home/hamad/ws_offboard_control/install/px4_msgs/lib/python3.12/site-packages:/home/hamad/ros2_ws/install/translation_node/lib/python3.12/site-packages:/home/hamad/ros2_ws/install/px4_msgs_old/lib/python3.12/site-packages:/home/hamad/ros2_ws/install/px4_msgs/lib/python3.12/site-packages:/opt/ros/jazzy/lib/python3.12/site-packages:/home/hamad/ws_offboard_control/install/px4_ros_com/lib/python3.12/site-packages VIRTUAL_ENV_PROMPT=(.local) /usr/bin/cmake --install /home/hamad/ws_offboard_control/build/px4_ros_com
[22.593s] Level 1:colcon.colcon_core.environment:create_environment_scripts_only(px4_ros_com)
[22.595s] DEBUG:colcon.colcon_core.event_handler.log_command:Invoked command in '/home/hamad/ws_offboard_control/build/px4_ros_com' returned '0': CMAKE_PREFIX_PATH=/home/hamad/ws_offboard_control/install/px4_msgs:/home/hamad/ros2_ws/install/translation_node:/home/hamad/ros2_ws/install/px4_msgs_old:/home/hamad/ros2_ws/install/px4_msgs:/opt/ros/jazzy/opt/gz_sim_vendor:/opt/ros/jazzy/opt/gz_sensors_vendor:/opt/ros/jazzy/opt/gz_physics_vendor:/opt/ros/jazzy/opt/sdformat_vendor:/opt/ros/jazzy/opt/gz_gui_vendor:/opt/ros/jazzy/opt/gz_transport_vendor:/opt/ros/jazzy/opt/gz_rendering_vendor:/opt/ros/jazzy/opt/gz_plugin_vendor:/opt/ros/jazzy/opt/gz_fuel_tools_vendor:/opt/ros/jazzy/opt/gz_msgs_vendor:/opt/ros/jazzy/opt/gz_common_vendor:/opt/ros/jazzy/opt/gz_math_vendor:/opt/ros/jazzy/opt/gz_utils_vendor:/opt/ros/jazzy/opt/gz_tools_vendor:/opt/ros/jazzy/opt/gz_ogre_next_vendor:/opt/ros/jazzy/opt/gz_dartsim_vendor:/opt/ros/jazzy/opt/gz_cmake_vendor:/home/hamad/ws_offboard_control/install/px4_ros_com:/opt/ros/jazzy DEBUGINFOD_URLS=https://debuginfod.ubuntu.com LD_LIBRARY_PATH=/home/hamad/ws_offboard_control/install/px4_msgs/lib:/home/hamad/ros2_ws/install/translation_node/lib:/home/hamad/ros2_ws/install/px4_msgs_old/lib:/home/hamad/ros2_ws/install/px4_msgs/lib:/opt/ros/jazzy/opt/gz_sim_vendor/lib:/opt/ros/jazzy/opt/gz_sensors_vendor/lib:/opt/ros/jazzy/opt/gz_physics_vendor/lib:/opt/ros/jazzy/opt/sdformat_vendor/lib:/opt/ros/jazzy/opt/rviz_ogre_vendor/lib:/opt/ros/jazzy/lib/x86_64-linux-gnu:/opt/ros/jazzy/opt/gz_gui_vendor/lib:/opt/ros/jazzy/opt/gz_transport_vendor/lib:/opt/ros/jazzy/opt/gz_rendering_vendor/lib:/opt/ros/jazzy/opt/gz_plugin_vendor/lib:/opt/ros/jazzy/opt/gz_fuel_tools_vendor/lib:/opt/ros/jazzy/opt/gz_msgs_vendor/lib:/opt/ros/jazzy/opt/gz_common_vendor/lib:/opt/ros/jazzy/opt/gz_math_vendor/lib:/opt/ros/jazzy/opt/gz_utils_vendor/lib:/opt/ros/jazzy/opt/gz_tools_vendor/lib:/opt/ros/jazzy/opt/gz_ogre_next_vendor/lib:/opt/ros/jazzy/opt/gz_dartsim_vendor/lib:/opt/ros/jazzy/opt/gz_cmake_vendor/lib:/opt/ros/jazzy/lib:/home/hamad/ws_offboard_control/install/px4_ros_com/lib PS1=(.local) \[\e]0;\u@\h: \w\a\]${debian_chroot:+($debian_chroot)}\[\033[01;32m\]\u@\h\[\033[00m\]:\[\033[01;34m\]\w\[\033[00m\]\$ PYTHONPATH=/home/hamad/ws_offboard_control/install/px4_msgs/lib/python3.12/site-packages:/home/hamad/ros2_ws/install/translation_node/lib/python3.12/site-packages:/home/hamad/ros2_ws/install/px4_msgs_old/lib/python3.12/site-packages:/home/hamad/ros2_ws/install/px4_msgs/lib/python3.12/site-packages:/opt/ros/jazzy/lib/python3.12/site-packages:/home/hamad/ws_offboard_control/install/px4_ros_com/lib/python3.12/site-packages VIRTUAL_ENV_PROMPT=(.local) /usr/bin/cmake --install /home/hamad/ws_offboard_control/build/px4_ros_com
[22.599s] Level 1:colcon.colcon_core.environment:checking '/home/hamad/ws_offboard_control/install/px4_ros_com' for CMake module files
[22.600s] Level 1:colcon.colcon_core.environment:checking '/home/hamad/ws_offboard_control/install/px4_ros_com' for CMake config files
[22.601s] Level 1:colcon.colcon_core.shell:create_environment_hook('px4_ros_com', 'cmake_prefix_path')
[22.601s] INFO:colcon.colcon_core.shell:Creating environment hook '/home/hamad/ws_offboard_control/install/px4_ros_com/share/px4_ros_com/hook/cmake_prefix_path.ps1'
[22.602s] INFO:colcon.colcon_core.shell:Creating environment descriptor '/home/hamad/ws_offboard_control/install/px4_ros_com/share/px4_ros_com/hook/cmake_prefix_path.dsv'
[22.602s] INFO:colcon.colcon_core.shell:Creating environment hook '/home/hamad/ws_offboard_control/install/px4_ros_com/share/px4_ros_com/hook/cmake_prefix_path.sh'
[22.604s] Level 1:colcon.colcon_core.environment:checking '/home/hamad/ws_offboard_control/install/px4_ros_com/lib'
[22.604s] Level 1:colcon.colcon_core.shell:create_environment_hook('px4_ros_com', 'ld_library_path_lib')
[22.604s] INFO:colcon.colcon_core.shell:Creating environment hook '/home/hamad/ws_offboard_control/install/px4_ros_com/share/px4_ros_com/hook/ld_library_path_lib.ps1'
[22.605s] INFO:colcon.colcon_core.shell:Creating environment descriptor '/home/hamad/ws_offboard_control/install/px4_ros_com/share/px4_ros_com/hook/ld_library_path_lib.dsv'
[22.605s] INFO:colcon.colcon_core.shell:Creating environment hook '/home/hamad/ws_offboard_control/install/px4_ros_com/share/px4_ros_com/hook/ld_library_path_lib.sh'
[22.606s] Level 1:colcon.colcon_core.environment:checking '/home/hamad/ws_offboard_control/install/px4_ros_com/bin'
[22.606s] Level 1:colcon.colcon_core.environment:checking '/home/hamad/ws_offboard_control/install/px4_ros_com/lib/pkgconfig/px4_ros_com.pc'
[22.607s] Level 1:colcon.colcon_core.environment:checking '/home/hamad/ws_offboard_control/install/px4_ros_com/lib/python3.12/site-packages'
[22.607s] Level 1:colcon.colcon_core.shell:create_environment_hook('px4_ros_com', 'pythonpath')
[22.607s] INFO:colcon.colcon_core.shell:Creating environment hook '/home/hamad/ws_offboard_control/install/px4_ros_com/share/px4_ros_com/hook/pythonpath.ps1'
[22.608s] INFO:colcon.colcon_core.shell:Creating environment descriptor '/home/hamad/ws_offboard_control/install/px4_ros_com/share/px4_ros_com/hook/pythonpath.dsv'
[22.608s] INFO:colcon.colcon_core.shell:Creating environment hook '/home/hamad/ws_offboard_control/install/px4_ros_com/share/px4_ros_com/hook/pythonpath.sh'
[22.609s] Level 1:colcon.colcon_core.environment:checking '/home/hamad/ws_offboard_control/install/px4_ros_com/bin'
[22.609s] INFO:colcon.colcon_core.shell:Creating package script '/home/hamad/ws_offboard_control/install/px4_ros_com/share/px4_ros_com/package.ps1'
[22.611s] INFO:colcon.colcon_core.shell:Creating package descriptor '/home/hamad/ws_offboard_control/install/px4_ros_com/share/px4_ros_com/package.dsv'
[22.612s] INFO:colcon.colcon_core.shell:Creating package script '/home/hamad/ws_offboard_control/install/px4_ros_com/share/px4_ros_com/package.sh'
[22.613s] INFO:colcon.colcon_core.shell:Creating package script '/home/hamad/ws_offboard_control/install/px4_ros_com/share/px4_ros_com/package.bash'
[22.614s] INFO:colcon.colcon_core.shell:Creating package script '/home/hamad/ws_offboard_control/install/px4_ros_com/share/px4_ros_com/package.zsh'
[22.616s] Level 1:colcon.colcon_core.environment:create_file_with_runtime_dependencies(/home/hamad/ws_offboard_control/install/px4_ros_com/share/colcon-core/packages/px4_ros_com)
[22.616s] Level 1:colcon.colcon_core.environment:create_environment_scripts_only(px4_ros_com)
[22.617s] Level 1:colcon.colcon_core.environment:checking '/home/hamad/ws_offboard_control/install/px4_ros_com' for CMake module files
[22.617s] Level 1:colcon.colcon_core.environment:checking '/home/hamad/ws_offboard_control/install/px4_ros_com' for CMake config files
[22.618s] Level 1:colcon.colcon_core.shell:create_environment_hook('px4_ros_com', 'cmake_prefix_path')
[22.618s] INFO:colcon.colcon_core.shell:Creating environment hook '/home/hamad/ws_offboard_control/install/px4_ros_com/share/px4_ros_com/hook/cmake_prefix_path.ps1'
[22.619s] INFO:colcon.colcon_core.shell:Creating environment descriptor '/home/hamad/ws_offboard_control/install/px4_ros_com/share/px4_ros_com/hook/cmake_prefix_path.dsv'
[22.620s] INFO:colcon.colcon_core.shell:Creating environment hook '/home/hamad/ws_offboard_control/install/px4_ros_com/share/px4_ros_com/hook/cmake_prefix_path.sh'
[22.620s] Level 1:colcon.colcon_core.environment:checking '/home/hamad/ws_offboard_control/install/px4_ros_com/lib'
[22.621s] Level 1:colcon.colcon_core.shell:create_environment_hook('px4_ros_com', 'ld_library_path_lib')
[22.621s] INFO:colcon.colcon_core.shell:Creating environment hook '/home/hamad/ws_offboard_control/install/px4_ros_com/share/px4_ros_com/hook/ld_library_path_lib.ps1'
[22.621s] INFO:colcon.colcon_core.shell:Creating environment descriptor '/home/hamad/ws_offboard_control/install/px4_ros_com/share/px4_ros_com/hook/ld_library_path_lib.dsv'
[22.622s] INFO:colcon.colcon_core.shell:Creating environment hook '/home/hamad/ws_offboard_control/install/px4_ros_com/share/px4_ros_com/hook/ld_library_path_lib.sh'
[22.622s] Level 1:colcon.colcon_core.environment:checking '/home/hamad/ws_offboard_control/install/px4_ros_com/bin'
[22.622s] Level 1:colcon.colcon_core.environment:checking '/home/hamad/ws_offboard_control/install/px4_ros_com/lib/pkgconfig/px4_ros_com.pc'
[22.623s] Level 1:colcon.colcon_core.environment:checking '/home/hamad/ws_offboard_control/install/px4_ros_com/lib/python3.12/site-packages'
[22.623s] Level 1:colcon.colcon_core.shell:create_environment_hook('px4_ros_com', 'pythonpath')
[22.624s] INFO:colcon.colcon_core.shell:Creating environment hook '/home/hamad/ws_offboard_control/install/px4_ros_com/share/px4_ros_com/hook/pythonpath.ps1'
[22.624s] INFO:colcon.colcon_core.shell:Creating environment descriptor '/home/hamad/ws_offboard_control/install/px4_ros_com/share/px4_ros_com/hook/pythonpath.dsv'
[22.625s] INFO:colcon.colcon_core.shell:Creating environment hook '/home/hamad/ws_offboard_control/install/px4_ros_com/share/px4_ros_com/hook/pythonpath.sh'
[22.626s] Level 1:colcon.colcon_core.environment:checking '/home/hamad/ws_offboard_control/install/px4_ros_com/bin'
[22.626s] INFO:colcon.colcon_core.shell:Creating package script '/home/hamad/ws_offboard_control/install/px4_ros_com/share/px4_ros_com/package.ps1'
[22.628s] INFO:colcon.colcon_core.shell:Creating package descriptor '/home/hamad/ws_offboard_control/install/px4_ros_com/share/px4_ros_com/package.dsv'
[22.629s] INFO:colcon.colcon_core.shell:Creating package script '/home/hamad/ws_offboard_control/install/px4_ros_com/share/px4_ros_com/package.sh'
[22.629s] INFO:colcon.colcon_core.shell:Creating package script '/home/hamad/ws_offboard_control/install/px4_ros_com/share/px4_ros_com/package.bash'
[22.630s] INFO:colcon.colcon_core.shell:Creating package script '/home/hamad/ws_offboard_control/install/px4_ros_com/share/px4_ros_com/package.zsh'
[22.630s] Level 1:colcon.colcon_core.environment:create_file_with_runtime_dependencies(/home/hamad/ws_offboard_control/install/px4_ros_com/share/colcon-core/packages/px4_ros_com)
[22.630s] DEBUG:colcon.colcon_parallel_executor.executor.parallel:closing loop
[22.631s] DEBUG:colcon.colcon_parallel_executor.executor.parallel:loop closed
[22.631s] DEBUG:colcon.colcon_parallel_executor.executor.parallel:run_until_complete finished with '0'
[22.631s] DEBUG:colcon.colcon_core.event_reactor:joining thread
[22.643s] INFO:colcon.colcon_core.plugin_system:Skipping extension 'colcon_notification.desktop_notification.terminal_notifier': Not used on non-Darwin systems
[22.643s] INFO:colcon.colcon_core.plugin_system:Skipping extension 'colcon_notification.desktop_notification.win32': Not used on non-Windows systems
[22.643s] INFO:colcon.colcon_notification.desktop_notification:Sending desktop notification using 'notify2'
[22.668s] DEBUG:colcon.colcon_core.event_reactor:joined thread
[22.668s] INFO:colcon.colcon_core.shell:Creating prefix script '/home/hamad/ws_offboard_control/install/local_setup.ps1'
[22.670s] INFO:colcon.colcon_core.shell:Creating prefix util module '/home/hamad/ws_offboard_control/install/_local_setup_util_ps1.py'
[22.672s] INFO:colcon.colcon_core.shell:Creating prefix chain script '/home/hamad/ws_offboard_control/install/setup.ps1'
[22.675s] INFO:colcon.colcon_core.shell:Creating prefix script '/home/hamad/ws_offboard_control/install/local_setup.sh'
[22.676s] INFO:colcon.colcon_core.shell:Creating prefix util module '/home/hamad/ws_offboard_control/install/_local_setup_util_sh.py'
[22.678s] INFO:colcon.colcon_core.shell:Creating prefix chain script '/home/hamad/ws_offboard_control/install/setup.sh'
[22.680s] INFO:colcon.colcon_core.shell:Creating prefix script '/home/hamad/ws_offboard_control/install/local_setup.bash'
[22.682s] INFO:colcon.colcon_core.shell:Creating prefix chain script '/home/hamad/ws_offboard_control/install/setup.bash'
[22.683s] INFO:colcon.colcon_core.shell:Creating prefix script '/home/hamad/ws_offboard_control/install/local_setup.zsh'
[22.685s] INFO:colcon.colcon_core.shell:Creating prefix chain script '/home/hamad/ws_offboard_control/install/setup.zsh'
